Archive member included to satisfy reference by file (symbol)

C:\Program Files (x86)\Cypress\PSoC Creator\4.4\PSoC Creator\psoc\content\CyComponentLibrary\CyComponentLibrary.cylib\CapSense_TMG_v2_0\Library\Gestures_GCC_M0p.a(Gesture.o)
                              .\CortexM0p\ARM_GCC_541\Debug\CapSense_TMG.o (Gesture_DecodeFlickGestures)
C:\Program Files (x86)\Cypress\PSoC Creator\4.4\PSoC Creator\psoc\content\CyComponentLibrary\CyComponentLibrary.cylib\CapSense_v3_0\Library\CapSense_Library_GCC_M0p.a(CapSense_SmartSense_LL.o)
                              .\CortexM0p\ARM_GCC_541\Debug\CapSense_Sensing.o (SmartSense_TunePrescalers)
C:\Program Files (x86)\Cypress\PSoC Creator\4.4\PSoC Creator\psoc\content\CyComponentLibrary\CyComponentLibrary.cylib\CapSense_v3_0\Library\CapSense_Library_GCC_M0p.a(CapSense_SmartSense_SL.o)
                              .\CortexM0p\ARM_GCC_541\Debug\CapSense_Processing.o (SmartSense_UpdateThresholds)
c:/program files (x86)/cypress/psoc creator/4.4/psoc creator/import/gnu/arm/5.4.1/bin/../lib/gcc/arm-none-eabi/5.4.1/armv6-m\libgcc.a(_udivsi3.o)
                              .\CortexM0p\ARM_GCC_541\Debug\system_psoc6_cm0plus.o (__aeabi_uidiv)
c:/program files (x86)/cypress/psoc creator/4.4/psoc creator/import/gnu/arm/5.4.1/bin/../lib/gcc/arm-none-eabi/5.4.1/armv6-m\libgcc.a(_divsi3.o)
                              .\CortexM0p\ARM_GCC_541\Debug\CapSense_Centroid_LL.o (__aeabi_idiv)
c:/program files (x86)/cypress/psoc creator/4.4/psoc creator/import/gnu/arm/5.4.1/bin/../lib/gcc/arm-none-eabi/5.4.1/armv6-m\libgcc.a(_dvmd_tls.o)
                              c:/program files (x86)/cypress/psoc creator/4.4/psoc creator/import/gnu/arm/5.4.1/bin/../lib/gcc/arm-none-eabi/5.4.1/armv6-m\libgcc.a(_udivsi3.o) (__aeabi_idiv0)
c:/program files (x86)/cypress/psoc creator/4.4/psoc creator/import/gnu/arm/5.4.1/bin/../lib/gcc/arm-none-eabi/5.4.1/armv6-m\libgcc.a(_arm_cmpsf2.o)
                              .\CortexM0p\ARM_GCC_541\Debug\cy_sysclk.o (__aeabi_fcmplt)
c:/program files (x86)/cypress/psoc creator/4.4/psoc creator/import/gnu/arm/5.4.1/bin/../lib/gcc/arm-none-eabi/5.4.1/armv6-m\libgcc.a(_aeabi_uldivmod.o)
                              .\CortexM0p\ARM_GCC_541\Debug\cy_sysclk.o (__aeabi_uldivmod)
c:/program files (x86)/cypress/psoc creator/4.4/psoc creator/import/gnu/arm/5.4.1/bin/../lib/gcc/arm-none-eabi/5.4.1/armv6-m\libgcc.a(_muldi3.o)
                              .\CortexM0p\ARM_GCC_541\Debug\cy_profile.o (__aeabi_lmul)
c:/program files (x86)/cypress/psoc creator/4.4/psoc creator/import/gnu/arm/5.4.1/bin/../lib/gcc/arm-none-eabi/5.4.1/armv6-m\libgcc.a(_fixunssfsi.o)
                              .\CortexM0p\ARM_GCC_541\Debug\cy_sysclk.o (__aeabi_f2uiz)
c:/program files (x86)/cypress/psoc creator/4.4/psoc creator/import/gnu/arm/5.4.1/bin/../lib/gcc/arm-none-eabi/5.4.1/armv6-m\libgcc.a(_fixunsdfsi.o)
                              .\CortexM0p\ARM_GCC_541\Debug\cy_sysclk.o (__aeabi_d2uiz)
c:/program files (x86)/cypress/psoc creator/4.4/psoc creator/import/gnu/arm/5.4.1/bin/../lib/gcc/arm-none-eabi/5.4.1/armv6-m\libgcc.a(_udivmoddi4.o)
                              c:/program files (x86)/cypress/psoc creator/4.4/psoc creator/import/gnu/arm/5.4.1/bin/../lib/gcc/arm-none-eabi/5.4.1/armv6-m\libgcc.a(_aeabi_uldivmod.o) (__udivmoddi4)
c:/program files (x86)/cypress/psoc creator/4.4/psoc creator/import/gnu/arm/5.4.1/bin/../lib/gcc/arm-none-eabi/5.4.1/armv6-m\libgcc.a(addsf3.o)
                              .\CortexM0p\ARM_GCC_541\Debug\cy_sysclk.o (__aeabi_fadd)
c:/program files (x86)/cypress/psoc creator/4.4/psoc creator/import/gnu/arm/5.4.1/bin/../lib/gcc/arm-none-eabi/5.4.1/armv6-m\libgcc.a(divsf3.o)
                              .\CortexM0p\ARM_GCC_541\Debug\cy_sysclk.o (__aeabi_fdiv)
c:/program files (x86)/cypress/psoc creator/4.4/psoc creator/import/gnu/arm/5.4.1/bin/../lib/gcc/arm-none-eabi/5.4.1/armv6-m\libgcc.a(eqsf2.o)
                              c:/program files (x86)/cypress/psoc creator/4.4/psoc creator/import/gnu/arm/5.4.1/bin/../lib/gcc/arm-none-eabi/5.4.1/armv6-m\libgcc.a(_arm_cmpsf2.o) (__eqsf2)
c:/program files (x86)/cypress/psoc creator/4.4/psoc creator/import/gnu/arm/5.4.1/bin/../lib/gcc/arm-none-eabi/5.4.1/armv6-m\libgcc.a(gesf2.o)
                              c:/program files (x86)/cypress/psoc creator/4.4/psoc creator/import/gnu/arm/5.4.1/bin/../lib/gcc/arm-none-eabi/5.4.1/armv6-m\libgcc.a(_arm_cmpsf2.o) (__gesf2)
c:/program files (x86)/cypress/psoc creator/4.4/psoc creator/import/gnu/arm/5.4.1/bin/../lib/gcc/arm-none-eabi/5.4.1/armv6-m\libgcc.a(lesf2.o)
                              c:/program files (x86)/cypress/psoc creator/4.4/psoc creator/import/gnu/arm/5.4.1/bin/../lib/gcc/arm-none-eabi/5.4.1/armv6-m\libgcc.a(_arm_cmpsf2.o) (__lesf2)
c:/program files (x86)/cypress/psoc creator/4.4/psoc creator/import/gnu/arm/5.4.1/bin/../lib/gcc/arm-none-eabi/5.4.1/armv6-m\libgcc.a(mulsf3.o)
                              .\CortexM0p\ARM_GCC_541\Debug\cy_sysclk.o (__aeabi_fmul)
[...]
Memory Configuration

Name             Origin             Length             Attributes
ram              0x08000000         0x00024000         xrw
flash            0x10000000         0x00080000         xr
em_eeprom        0x14000000         0x00008000         xr
sflash_user_data 0x16000800         0x00000800         xr
sflash_nar       0x16001a00         0x00000200         xr
sflash_public_key 0x16005a00         0x00000c00         xr
sflash_toc_2     0x16007c00         0x00000200         xr
sflash_rtoc_2    0x16007e00         0x00000200         xr
xip              0x18000000         0x08000000         xr
efuse            0x90700000         0x00100000         r
*default*        0x00000000         0xffffffff

Linker script and memory map

LOAD c:/program files (x86)/cypress/psoc creator/4.4/psoc creator/import/gnu/arm/5.4.1/bin/../lib/gcc/arm-none-eabi/5.4.1/armv6-m/crti.o
LOAD c:/program files (x86)/cypress/psoc creator/4.4/psoc creator/import/gnu/arm/5.4.1/bin/../lib/gcc/arm-none-eabi/5.4.1/armv6-m/crtbegin.o
LOAD c:/program files (x86)/cypress/psoc creator/4.4/psoc creator/import/gnu/arm/5.4.1/bin/../lib/gcc/arm-none-eabi/5.4.1/../../../../arm-none-eabi/lib/armv6-m/crt0.o
START GROUP
LOAD .\CortexM0p\ARM_GCC_541\Debug\startup_psoc6_01_cm0plus.o
LOAD .\CortexM0p\ARM_GCC_541\Debug\main_cm0p.o
LOAD .\CortexM0p\ARM_GCC_541\Debug\system_psoc6_cm0plus.o
LOAD .\CortexM0p\ARM_GCC_541\Debug\cyfitter_sysint_cfg.o
LOAD .\CortexM0p\ARM_GCC_541\Debug\cyfitter_cfg.o
LOAD .\CortexM0p\ARM_GCC_541\Debug\cymetadata.o
LOAD .\CortexM0p\ARM_GCC_541\Debug\CapSense_Control.o
LOAD .\CortexM0p\ARM_GCC_541\Debug\CapSense_Processing.o
LOAD .\CortexM0p\ARM_GCC_541\Debug\CapSense_Structure.o
LOAD .\CortexM0p\ARM_GCC_541\Debug\CapSense_Tuner.o
LOAD .\CortexM0p\ARM_GCC_541\Debug\CapSense_Filter.o
LOAD .\CortexM0p\ARM_GCC_541\Debug\CapSense_Sensing.o
LOAD .\CortexM0p\ARM_GCC_541\Debug\CapSense_INT.o
LOAD .\CortexM0p\ARM_GCC_541\Debug\CapSense_SensingCSD_LL.o
LOAD .\CortexM0p\ARM_GCC_541\Debug\CapSense_SensingCSX_LL.o
LOAD .\CortexM0p\ARM_GCC_541\Debug\CapSense_Centroid_LL.o
LOAD .\CortexM0p\ARM_GCC_541\Debug\CapSense_Gesture.o
LOAD .\CortexM0p\ARM_GCC_541\Debug\PWM_1.o
LOAD .\CortexM0p\ARM_GCC_541\Debug\PWM_2.o
LOAD .\CortexM0p\ARM_GCC_541\Debug\CapSense_TMG.o
LOAD .\CortexM0p\ARM_GCC_541\Debug\cy_efuse.o
LOAD .\CortexM0p\ARM_GCC_541\Debug\cy_flash.o
LOAD .\CortexM0p\ARM_GCC_541\Debug\cy_gpio.o
LOAD .\CortexM0p\ARM_GCC_541\Debug\cy_ipc_drv.o
LOAD .\CortexM0p\ARM_GCC_541\Debug\cy_ipc_sema.o
LOAD .\CortexM0p\ARM_GCC_541\Debug\cy_ipc_pipe.o
LOAD .\CortexM0p\ARM_GCC_541\Debug\cy_lvd.o
LOAD .\CortexM0p\ARM_GCC_541\Debug\cy_profile.o
LOAD .\CortexM0p\ARM_GCC_541\Debug\cy_prot.o
LOAD .\CortexM0p\ARM_GCC_541\Debug\cy_sysanalog.o
LOAD .\CortexM0p\ARM_GCC_541\Debug\cy_sysclk.o
LOAD .\CortexM0p\ARM_GCC_541\Debug\cy_sysint.o
LOAD .\CortexM0p\ARM_GCC_541\Debug\cy_syslib.o
LOAD .\CortexM0p\ARM_GCC_541\Debug\cy_syslib_gcc.o
LOAD .\CortexM0p\ARM_GCC_541\Debug\cy_syspm.o
LOAD .\CortexM0p\ARM_GCC_541\Debug\cy_systick.o
LOAD .\CortexM0p\ARM_GCC_541\Debug\cy_tcpwm_counter.o
LOAD .\CortexM0p\ARM_GCC_541\Debug\cy_tcpwm_pwm.o
LOAD .\CortexM0p\ARM_GCC_541\Debug\cy_tcpwm_quaddec.o
LOAD .\CortexM0p\ARM_GCC_541\Debug\cy_trigmux.o
LOAD .\CortexM0p\ARM_GCC_541\Debug\cy_wdt.o
LOAD .\CortexM0p\ARM_GCC_541\Debug\cy_device.o
LOAD .\CortexM0p\ARM_GCC_541\Debug\cy_ble_clk.o
LOAD C:\Program Files (x86)\Cypress\PSoC Creator\4.4\PSoC Creator\psoc\content\CyComponentLibrary\CyComponentLibrary.cylib\CapSense_TMG_v2_0\Library\Ballistic_GCC_M0p.a
LOAD C:\Program Files (x86)\Cypress\PSoC Creator\4.4\PSoC Creator\psoc\content\CyComponentLibrary\CyComponentLibrary.cylib\CapSense_TMG_v2_0\Library\Gestures_GCC_M0p.a
LOAD C:\Program Files (x86)\Cypress\PSoC Creator\4.4\PSoC Creator\psoc\content\CyComponentLibrary\CyComponentLibrary.cylib\CapSense_v3_0\Library\CapSense_Library_GCC_M0p.a
END GROUP
START GROUP
LOAD c:/program files (x86)/cypress/psoc creator/4.4/psoc creator/import/gnu/arm/5.4.1/bin/../lib/gcc/arm-none-eabi/5.4.1/armv6-m\libgcc.a
LOAD c:/program files (x86)/cypress/psoc creator/4.4/psoc creator/import/gnu/arm/5.4.1/bin/../lib/gcc/arm-none-eabi/5.4.1/../../../../arm-none-eabi/lib/armv6-m\libg_nano.a
LOAD c:/program files (x86)/cypress/psoc creator/4.4/psoc creator/import/gnu/arm/5.4.1/bin/../lib/gcc/arm-none-eabi/5.4.1/../../../../arm-none-eabi/lib/armv6-m\libc_nano.a
END GROUP
START GROUP
LOAD c:/program files (x86)/cypress/psoc creator/4.4/psoc creator/import/gnu/arm/5.4.1/bin/../lib/gcc/arm-none-eabi/5.4.1/armv6-m\libgcc.a
LOAD c:/program files (x86)/cypress/psoc creator/4.4/psoc creator/import/gnu/arm/5.4.1/bin/../lib/gcc/arm-none-eabi/5.4.1/../../../../arm-none-eabi/lib/armv6-m\libc_nano.a
END GROUP
LOAD c:/program files (x86)/cypress/psoc creator/4.4/psoc creator/import/gnu/arm/5.4.1/bin/../lib/gcc/arm-none-eabi/5.4.1/armv6-m/crtend.o
LOAD c:/program files (x86)/cypress/psoc creator/4.4/psoc creator/import/gnu/arm/5.4.1/bin/../lib/gcc/arm-none-eabi/5.4.1/armv6-m/crtn.o
START GROUP
LOAD c:/program files (x86)/cypress/psoc creator/4.4/psoc creator/import/gnu/arm/5.4.1/bin/../lib/gcc/arm-none-eabi/5.4.1/armv6-m\libgcc.a
LOAD c:/program files (x86)/cypress/psoc creator/4.4/psoc creator/import/gnu/arm/5.4.1/bin/../lib/gcc/arm-none-eabi/5.4.1/../../../../arm-none-eabi/lib/armv6-m\libc.a
LOAD c:/program files (x86)/cypress/psoc creator/4.4/psoc creator/import/gnu/arm/5.4.1/bin/../lib/gcc/arm-none-eabi/5.4.1/../../../../arm-none-eabi/lib/armv6-m\libnosys.a
END GROUP
START GROUP
LOAD c:/program files (x86)/cypress/psoc creator/4.4/psoc creator/import/gnu/arm/5.4.1/bin/../lib/gcc/arm-none-eabi/5.4.1/armv6-m\libgcc.a
LOAD c:/program files (x86)/cypress/psoc creator/4.4/psoc creator/import/gnu/arm/5.4.1/bin/../lib/gcc/arm-none-eabi/5.4.1/../../../../arm-none-eabi/lib/armv6-m\libc.a
LOAD c:/program files (x86)/cypress/psoc creator/4.4/psoc creator/import/gnu/arm/5.4.1/bin/../lib/gcc/arm-none-eabi/5.4.1/../../../../arm-none-eabi/lib/armv6-m\libm.a
LOAD c:/program files (x86)/cypress/psoc creator/4.4/psoc creator/import/gnu/arm/5.4.1/bin/../lib/gcc/arm-none-eabi/5.4.1/../../../../arm-none-eabi/lib/armv6-m\libnosys.a
END GROUP

.cy_app_header
 *(.cy_app_header)

.text           0x10000000     0x2e7c
                0x10000000                . = ALIGN (0x4)
                0x10000000                __Vectors = .
 *(.vectors)
 .vectors       0x10000000       0xc0 .\CortexM0p\ARM_GCC_541\Debug\startup_psoc6_01_cm0plus.o
                0x100000c0                . = ALIGN (0x4)
                0x100000c0                __Vectors_End = .
                0x000000c0                __Vectors_Size = (__Vectors_End - __Vectors)
                0x100000c0                __end__ = .
                0x100000c0                . = ALIGN (0x4)
 *(.text*)
 .text          0x100000c0       0x60 c:/program files (x86)/cypress/psoc creator/4.4/psoc creator/import/gnu/arm/5.4.1/bin/../lib/gcc/arm-none-eabi/5.4.1/armv6-m/crtbegin.o
 .text          0x10000120       0x80 .\CortexM0p\ARM_GCC_541\Debug\startup_psoc6_01_cm0plus.o
                0x10000120                Cy_OnResetUser
                0x10000122                Reset_Handler
                0x10000180                NvicMux10_IRQHandler
                0x10000180                NvicMux26_IRQHandler
                0x10000180                SysTick_Handler
                0x10000180                NvicMux21_IRQHandler
                0x10000180                NMI_Handler
                0x10000180                NvicMux19_IRQHandler
                0x10000180                NvicMux8_IRQHandler
                0x10000180                NvicMux27_IRQHandler
                0x10000180                PendSV_Handler
                0x10000180                NvicMux17_IRQHandler
                0x10000180                NvicMux0_IRQHandler
                0x10000180                NvicMux25_IRQHandler
                0x10000180                NvicMux13_IRQHandler
                0x10000180                NvicMux11_IRQHandler
                0x10000180                NvicMux9_IRQHandler
                0x10000180                NvicMux18_IRQHandler
                0x10000180                NvicMux6_IRQHandler
                0x10000180                NvicMux22_IRQHandler
                0x10000180                NvicMux7_IRQHandler
                0x10000180                NvicMux2_IRQHandler
                0x10000180                NvicMux4_IRQHandler
                0x10000180                Default_Handler
                0x10000180                NvicMux30_IRQHandler
                0x10000180                NvicMux12_IRQHandler
                0x10000180                NvicMux5_IRQHandler
                0x10000180                NvicMux14_IRQHandler
                0x10000180                NvicMux3_IRQHandler
                0x10000180                SVC_Handler
                0x10000180                NvicMux1_IRQHandler
                0x10000180                NvicMux16_IRQHandler
                0x10000180                NvicMux29_IRQHandler
                0x10000180                NvicMux31_IRQHandler
                0x10000180                NvicMux24_IRQHandler
                0x10000180                NvicMux20_IRQHandler
                0x10000180                NvicMux15_IRQHandler
                0x10000180                NvicMux28_IRQHandler
                0x10000180                NvicMux23_IRQHandler
                0x10000184                HardFault_Handler
 .text.main     0x100001a0       0x10 .\CortexM0p\ARM_GCC_541\Debug\main_cm0p.o
                0x100001a0                main
 .text.Cy_SysIpcPipeIsrCm0
                0x100001b0        0xc .\CortexM0p\ARM_GCC_541\Debug\system_psoc6_cm0plus.o
                0x100001b0                Cy_SysIpcPipeIsrCm0
 .text.SystemCoreClockUpdate
                0x100001bc      0x1b0 .\CortexM0p\ARM_GCC_541\Debug\system_psoc6_cm0plus.o
                0x100001bc                SystemCoreClockUpdate
 .text.SystemInit
                0x1000036c       0xc8 .\CortexM0p\ARM_GCC_541\Debug\system_psoc6_cm0plus.o
                0x1000036c                SystemInit
 .text.Cy_SysGetCM4Status
                0x10000434       0x10 .\CortexM0p\ARM_GCC_541\Debug\system_psoc6_cm0plus.o
                0x10000434                Cy_SysGetCM4Status
 .text.Cy_SysResetCM4
                0x10000444       0x34 .\CortexM0p\ARM_GCC_541\Debug\system_psoc6_cm0plus.o
                0x10000444                Cy_SysResetCM4
 .text.Cy_SysEnableCM4
                0x10000478       0x5c .\CortexM0p\ARM_GCC_541\Debug\system_psoc6_cm0plus.o
                0x10000478                Cy_SysEnableCM4
 .text.CyClockStartupError
                0x100004d4        0x4 .\CortexM0p\ARM_GCC_541\Debug\cyfitter_cfg.o
 .text.cfg_write_bytes32
                0x100004d8       0x34 .\CortexM0p\ARM_GCC_541\Debug\cyfitter_cfg.o
 .text.AnalogSetDefault
                0x1000050c       0x30 .\CortexM0p\ARM_GCC_541\Debug\cyfitter_cfg.o
 .text.CYMEMZERO
                0x1000053c        0xc .\CortexM0p\ARM_GCC_541\Debug\cyfitter_cfg.o
 .text.CYCONFIGCPYCODE
                0x10000548        0x8 .\CortexM0p\ARM_GCC_541\Debug\cyfitter_cfg.o
 .text.ClockInit
                0x10000550      0x2d4 .\CortexM0p\ARM_GCC_541\Debug\cyfitter_cfg.o
 .text.Cy_SystemInit
                0x10000824      0x1bc .\CortexM0p\ARM_GCC_541\Debug\cyfitter_cfg.o
                0x10000824                Cy_SystemInit
 .text.Cy_Flash_ProcessOpcode
                0x100009e0       0xbc .\CortexM0p\ARM_GCC_541\Debug\cy_flash.o
 .text.Cy_Flash_OperationStatus
                0x10000a9c       0x5c .\CortexM0p\ARM_GCC_541\Debug\cy_flash.o
 .text.Cy_Flash_InitExt
                0x10000af8       0x44 .\CortexM0p\ARM_GCC_541\Debug\cy_flash.o
                0x10000af8                Cy_Flash_InitExt
 .text.Cy_Flash_Init
                0x10000b3c       0x10 .\CortexM0p\ARM_GCC_541\Debug\cy_flash.o
                0x10000b3c                Cy_Flash_Init
 .text.Cy_GPIO_Port_Init
                0x10000b4c       0xdc .\CortexM0p\ARM_GCC_541\Debug\cy_gpio.o
                0x10000b4c                Cy_GPIO_Port_Init
 .text.Cy_IPC_Drv_LockRelease
                0x10000c28       0x40 .\CortexM0p\ARM_GCC_541\Debug\cy_ipc_drv.o
                0x10000c28                Cy_IPC_Drv_LockRelease
 .text.Cy_IPC_Drv_SendMsgWord
                0x10000c68       0x40 .\CortexM0p\ARM_GCC_541\Debug\cy_ipc_drv.o
                0x10000c68                Cy_IPC_Drv_SendMsgWord
 .text.Cy_IPC_Drv_ReadMsgWord
                0x10000ca8       0x38 .\CortexM0p\ARM_GCC_541\Debug\cy_ipc_drv.o
                0x10000ca8                Cy_IPC_Drv_ReadMsgWord
 .text.Cy_IPC_Sema_InitExt
                0x10000ce0       0xac .\CortexM0p\ARM_GCC_541\Debug\cy_ipc_sema.o
                0x10000ce0                Cy_IPC_Sema_InitExt
 .text.Cy_IPC_Sema_Init
                0x10000d8c       0x68 .\CortexM0p\ARM_GCC_541\Debug\cy_ipc_sema.o
                0x10000d8c                Cy_IPC_Sema_Init
 .text.Cy_IPC_Sema_Clear
                0x10000df4       0x8c .\CortexM0p\ARM_GCC_541\Debug\cy_ipc_sema.o
                0x10000df4                Cy_IPC_Sema_Clear
 .text.Cy_IPC_Sema_Status
                0x10000e80       0x3c .\CortexM0p\ARM_GCC_541\Debug\cy_ipc_sema.o
                0x10000e80                Cy_IPC_Sema_Status
 .text.Cy_IPC_Pipe_Config
                0x10000ebc       0x14 .\CortexM0p\ARM_GCC_541\Debug\cy_ipc_pipe.o
                0x10000ebc                Cy_IPC_Pipe_Config
 .text.Cy_IPC_Pipe_EndpointInit
                0x10000ed0       0xd8 .\CortexM0p\ARM_GCC_541\Debug\cy_ipc_pipe.o
                0x10000ed0                Cy_IPC_Pipe_EndpointInit
 .text.Cy_IPC_Pipe_Init
                0x10000fa8       0xbc .\CortexM0p\ARM_GCC_541\Debug\cy_ipc_pipe.o
                0x10000fa8                Cy_IPC_Pipe_Init
 .text.Cy_IPC_Pipe_SendMessage
                0x10001064       0xb8 .\CortexM0p\ARM_GCC_541\Debug\cy_ipc_pipe.o
                0x10001064                Cy_IPC_Pipe_SendMessage
 .text.Cy_IPC_Pipe_RegisterCallback
                0x1000111c       0x54 .\CortexM0p\ARM_GCC_541\Debug\cy_ipc_pipe.o
                0x1000111c                Cy_IPC_Pipe_RegisterCallback
 .text.Cy_IPC_Pipe_ExecCallback
                0x10001170       0xd0 .\CortexM0p\ARM_GCC_541\Debug\cy_ipc_pipe.o
                0x10001170                Cy_IPC_Pipe_ExecCallback
 .text.Cy_IPC_Pipe_ExecuteCallback
                0x10001240       0x30 .\CortexM0p\ARM_GCC_541\Debug\cy_ipc_pipe.o
                0x10001240                Cy_IPC_Pipe_ExecuteCallback
 .text.Cy_Prot_GetActivePC
                0x10001270       0x34 .\CortexM0p\ARM_GCC_541\Debug\cy_prot.o
                0x10001270                Cy_Prot_GetActivePC
 .text.Cy_SysClk_ClkPathSetSource
                0x100012a4       0x5c .\CortexM0p\ARM_GCC_541\Debug\cy_sysclk.o
                0x100012a4                Cy_SysClk_ClkPathSetSource
 .text.Cy_SysClk_FllManualConfigure
                0x10001300      0x178 .\CortexM0p\ARM_GCC_541\Debug\cy_sysclk.o
                0x10001300                Cy_SysClk_FllManualConfigure
 .text.Cy_SysClk_FllEnable
                0x10001478       0xdc .\CortexM0p\ARM_GCC_541\Debug\cy_sysclk.o
                0x10001478                Cy_SysClk_FllEnable
 .text.Cy_SysInt_SetInterruptSource
                0x10001554       0x78 .\CortexM0p\ARM_GCC_541\Debug\cy_sysint.o
                0x10001554                Cy_SysInt_SetInterruptSource
 .text.Cy_SysInt_SetVector
                0x100015cc       0x44 .\CortexM0p\ARM_GCC_541\Debug\cy_sysint.o
                0x100015cc                Cy_SysInt_SetVector
 .text.Cy_SysInt_Init
                0x10001610       0xc4 .\CortexM0p\ARM_GCC_541\Debug\cy_sysint.o
                0x10001610                Cy_SysInt_Init
 .text.Cy_SysLib_DelayUs
                0x100016d4       0x14 .\CortexM0p\ARM_GCC_541\Debug\cy_syslib.o
                0x100016d4                Cy_SysLib_DelayUs
 .text.Cy_SysLib_Halt
                0x100016e8        0x4 .\CortexM0p\ARM_GCC_541\Debug\cy_syslib.o
                0x100016e8                Cy_SysLib_Halt
 .text.Cy_SysLib_AssertFailed
                0x100016ec       0x1c .\CortexM0p\ARM_GCC_541\Debug\cy_syslib.o
                0x100016ec                Cy_SysLib_AssertFailed
 .text.Cy_SysLib_ResetBackupDomain
                0x10001708       0x20 .\CortexM0p\ARM_GCC_541\Debug\cy_syslib.o
                0x10001708                Cy_SysLib_ResetBackupDomain
 .text.Cy_SysLib_GetResetReason
                0x10001728       0x1c .\CortexM0p\ARM_GCC_541\Debug\cy_syslib.o
                0x10001728                Cy_SysLib_GetResetReason
 .text.Cy_SysLib_ProcessingFault
                0x10001744        0x4 .\CortexM0p\ARM_GCC_541\Debug\cy_syslib.o
                0x10001744                Cy_SysLib_ProcessingFault
 .text.Cy_SysLib_FaultHandler
                0x10001748       0x30 .\CortexM0p\ARM_GCC_541\Debug\cy_syslib.o
                0x10001748                Cy_SysLib_FaultHandler
 .text.Cy_SysLib_SetWaitStates
                0x10001778       0xe0 .\CortexM0p\ARM_GCC_541\Debug\cy_syslib.o
                0x10001778                Cy_SysLib_SetWaitStates
 .text          0x10001858       0x20 .\CortexM0p\ARM_GCC_541\Debug\cy_syslib_gcc.o
                0x10001858                Cy_SysLib_DelayCycles
                0x1000186a                Cy_SysLib_EnterCriticalSection
                0x10001872                Cy_SysLib_ExitCriticalSection
 .text.SetReadMarginTrimUlp
                0x10001878       0x98 .\CortexM0p\ARM_GCC_541\Debug\cy_syspm.o
 .text.SetReadMarginTrimLp
                0x10001910       0x90 .\CortexM0p\ARM_GCC_541\Debug\cy_syspm.o
 .text.SetWriteAssistTrimUlp
                0x100019a0       0x74 .\CortexM0p\ARM_GCC_541\Debug\cy_syspm.o
 .text.SetWriteAssistTrimLp
                0x10001a14       0x84 .\CortexM0p\ARM_GCC_541\Debug\cy_syspm.o
 .text.IsVoltageChangePossible
                0x10001a98       0x58 .\CortexM0p\ARM_GCC_541\Debug\cy_syspm.o
 .text.Cy_SysPm_WriteVoltageBitForFlash
                0x10001af0      0x12c .\CortexM0p\ARM_GCC_541\Debug\cy_syspm.o
                0x10001af0                Cy_SysPm_WriteVoltageBitForFlash
 .text.Cy_SysPm_LdoSetVoltage
                0x10001c1c       0xd0 .\CortexM0p\ARM_GCC_541\Debug\cy_syspm.o
                0x10001c1c                Cy_SysPm_LdoSetVoltage
 .text.Cy_SysTick_SetClockSource
                0x10001cec       0x3c .\CortexM0p\ARM_GCC_541\Debug\cy_systick.o
                0x10001cec                Cy_SysTick_SetClockSource
 .text.Cy_WDT_Unlock
                0x10001d28       0x24 .\CortexM0p\ARM_GCC_541\Debug\cy_wdt.o
                0x10001d28                Cy_WDT_Unlock
 .text.Cy_PDL_Init
                0x10001d4c        0xc .\CortexM0p\ARM_GCC_541\Debug\cy_device.o
                0x10001d4c                Cy_PDL_Init
 .text          0x10001d58      0x114 c:/program files (x86)/cypress/psoc creator/4.4/psoc creator/import/gnu/arm/5.4.1/bin/../lib/gcc/arm-none-eabi/5.4.1/armv6-m\libgcc.a(_udivsi3.o)
                0x10001d58                __aeabi_uidiv
                0x10001d58                __udivsi3
                0x10001e64                __aeabi_uidivmod
 .text          0x10001e6c        0x4 c:/program files (x86)/cypress/psoc creator/4.4/psoc creator/import/gnu/arm/5.4.1/bin/../lib/gcc/arm-none-eabi/5.4.1/armv6-m\libgcc.a(_dvmd_tls.o)
                0x10001e6c                __aeabi_idiv0
                0x10001e6c                __aeabi_ldiv0
 .text.memcpy   0x10001e70       0x12 c:/program files (x86)/cypress/psoc creator/4.4/psoc creator/import/gnu/arm/5.4.1/bin/../lib/gcc/arm-none-eabi/5.4.1/../../../../arm-none-eabi/lib/armv6-m\libg_nano.a(lib_a-memcpy-stub.o)
                0x10001e70                memcpy
 .text.memset   0x10001e82       0x10 c:/program files (x86)/cypress/psoc creator/4.4/psoc creator/import/gnu/arm/5.4.1/bin/../lib/gcc/arm-none-eabi/5.4.1/../../../../arm-none-eabi/lib/armv6-m\libg_nano.a(lib_a-memset.o)
                0x10001e82                memset
 .text.strncpy  0x10001e92       0x26 c:/program files (x86)/cypress/psoc creator/4.4/psoc creator/import/gnu/arm/5.4.1/bin/../lib/gcc/arm-none-eabi/5.4.1/../../../../arm-none-eabi/lib/armv6-m\libg_nano.a(lib_a-strncpy.o)
                0x10001e92                strncpy
 *(.init)
 .init          0x10001eb8        0x4 c:/program files (x86)/cypress/psoc creator/4.4/psoc creator/import/gnu/arm/5.4.1/bin/../lib/gcc/arm-none-eabi/5.4.1/armv6-m/crti.o
                0x10001eb8                _init
 .init          0x10001ebc        0x8 c:/program files (x86)/cypress/psoc creator/4.4/psoc creator/import/gnu/arm/5.4.1/bin/../lib/gcc/arm-none-eabi/5.4.1/armv6-m/crtn.o
 *(.fini)
 .fini          0x10001ec4        0x4 c:/program files (x86)/cypress/psoc creator/4.4/psoc creator/import/gnu/arm/5.4.1/bin/../lib/gcc/arm-none-eabi/5.4.1/armv6-m/crti.o
                0x10001ec4                _fini
 .fini          0x10001ec8        0x8 c:/program files (x86)/cypress/psoc creator/4.4/psoc creator/import/gnu/arm/5.4.1/bin/../lib/gcc/arm-none-eabi/5.4.1/armv6-m/crtn.o
 *crtbegin.o(.ctors)
 *crtbegin?.o(.ctors)
 *(EXCLUDE_FILE(*crtend.o *crtend?.o) .ctors)
 *(SORT(.ctors.*))
 *(.ctors)
 *crtbegin.o(.dtors)
 *crtbegin?.o(.dtors)
 *(EXCLUDE_FILE(*crtend.o *crtend?.o) .dtors)
 *(SORT(.dtors.*))
 *(.dtors)
 *(.rodata .rodata.* .constdata .constdata.* .conststring .conststring.*)
 .rodata        0x10001ed0       0x34 .\CortexM0p\ARM_GCC_541\Debug\system_psoc6_cm0plus.o
 .rodata.str1.4
                0x10001f04       0x17 .\CortexM0p\ARM_GCC_541\Debug\system_psoc6_cm0plus.o
 *fill*         0x10001f1b        0x1 
 .rodata        0x10001f1c      0xb20 .\CortexM0p\ARM_GCC_541\Debug\cyfitter_cfg.o
 .rodata.str1.4
                0x10002a3c       0x3f .\CortexM0p\ARM_GCC_541\Debug\cy_flash.o
 *fill*         0x10002a7b        0x1 
 .rodata.str1.4
                0x10002a7c       0x7d .\CortexM0p\ARM_GCC_541\Debug\cy_gpio.o
 *fill*         0x10002af9        0x3 
 .rodata.str1.4
                0x10002afc       0x7f .\CortexM0p\ARM_GCC_541\Debug\cy_ipc_drv.o
 .rodata.str1.4
                0x10002b7b       0x3f .\CortexM0p\ARM_GCC_541\Debug\cy_ipc_sema.o
 *fill*         0x10002b7b        0x1 
 .rodata.str1.4
                0x10002b7c       0x40 .\CortexM0p\ARM_GCC_541\Debug\cy_ipc_pipe.o
                                 0x7f (size before relaxing)
 .rodata.str1.4
                0x10002bbc       0x3d .\CortexM0p\ARM_GCC_541\Debug\cy_prot.o
 *fill*         0x10002bf9        0x3 
 .rodata.str1.4
                0x10002bfc       0x85 .\CortexM0p\ARM_GCC_541\Debug\cy_sysclk.o
 *fill*         0x10002c81        0x3 
 .rodata.str1.4
                0x10002c84       0x41 .\CortexM0p\ARM_GCC_541\Debug\cy_sysint.o
 *fill*         0x10002cc5        0x3 
 .rodata.str1.4
                0x10002cc8       0x40 .\CortexM0p\ARM_GCC_541\Debug\cy_syspm.o
                                 0x7f (size before relaxing)
 .rodata        0x10002d08      0x170 .\CortexM0p\ARM_GCC_541\Debug\cy_device.o
                0x10002d08                cy_deviceIpBlockCfgPSoC6_02
                0x10002dc0                cy_deviceIpBlockCfgPSoC6_01
 *(.eh_frame*)
 .eh_frame      0x10002e78        0x0 c:/program files (x86)/cypress/psoc creator/4.4/psoc creator/import/gnu/arm/5.4.1/bin/../lib/gcc/arm-none-eabi/5.4.1/armv6-m/crtbegin.o
 .eh_frame      0x10002e78        0x4 c:/program files (x86)/cypress/psoc creator/4.4/psoc creator/import/gnu/arm/5.4.1/bin/../lib/gcc/arm-none-eabi/5.4.1/armv6-m/crtend.o

.glue_7         0x10002e7c        0x0
 .glue_7        0x10002e7c        0x0 linker stubs

.glue_7t        0x10002e7c        0x0
 .glue_7t       0x10002e7c        0x0 linker stubs

.vfp11_veneer   0x10002e7c        0x0
 .vfp11_veneer  0x10002e7c        0x0 linker stubs

.v4_bx          0x10002e7c        0x0
 .v4_bx         0x10002e7c        0x0 linker stubs

.iplt           0x10002e7c        0x0
 .iplt          0x10002e7c        0x0 c:/program files (x86)/cypress/psoc creator/4.4/psoc creator/import/gnu/arm/5.4.1/bin/../lib/gcc/arm-none-eabi/5.4.1/armv6-m/crtbegin.o

.ARM.extab
 *(.ARM.extab* .gnu.linkonce.armextab.*)
                0x10002e7c                __exidx_start = .

.ARM.exidx
 *(.ARM.exidx* .gnu.linkonce.armexidx.*)
                0x10002e7c                __exidx_end = .

.copy.table     0x10002e7c       0x18
                0x10002e7c                . = ALIGN (0x4)
                0x10002e7c                __copy_table_start__ = .
                0x10002e7c        0x4 LONG 0x10000000 __Vectors
                0x10002e80        0x4 LONG 0x8000000 __ram_vectors_start__
                0x10002e84        0x4 LONG 0xc0 (__Vectors_End - __Vectors)
                0x10002e88        0x4 LONG 0x10002e9c __etext
                0x10002e8c        0x4 LONG 0x80000c0 __data_start__
                0x10002e90        0x4 LONG 0x540 (__data_end__ - __data_start__)
                0x10002e94                __copy_table_end__ = .

.zero.table     0x10002e94        0x8
                0x10002e94                . = ALIGN (0x4)
                0x10002e94                __zero_table_start__ = .
                0x10002e94        0x4 LONG 0x800063c __bss_start__
                0x10002e98        0x4 LONG 0x1d8 (__bss_end__ - __bss_start__)
                0x10002e9c                __zero_table_end__ = .
                0x10002e9c                __etext = .

.ramVectors     0x08000000       0xc0
                0x08000000                __ram_vectors_start__ = .
 *(.ram_vectors)
 .ram_vectors   0x08000000       0xc0 .\CortexM0p\ARM_GCC_541\Debug\startup_psoc6_01_cm0plus.o
                0x08000000                __ramVectors
                0x080000c0                __ram_vectors_end__ = .

.data           0x080000c0      0x540 load address 0x10002e9c
                0x080000c0                __data_start__ = .
 *(vtable)
 *(.data*)
 .data          0x080000c0       0x20 .\CortexM0p\ARM_GCC_541\Debug\system_psoc6_cm0plus.o
                0x080000c0                cy_BleEcoClockFreqHz
                0x080000c4                cy_Hfclk0FreqHz
                0x080000c8                cy_PeriClkFreqHz
                0x080000cc                SystemCoreClock
                0x080000d0                cy_delayFreqHz
                0x080000d4                cy_delayFreqMhz
                0x080000d8                cy_delayFreqKhz
                0x080000dc                cy_delay32kMs
                0x080000e0                . = ALIGN (0x4)
                0x080000e0                PROVIDE (__preinit_array_start, .)
 *(.preinit_array)
                0x080000e0                PROVIDE (__preinit_array_end, .)
                0x080000e0                . = ALIGN (0x4)
                0x080000e0                PROVIDE (__init_array_start, .)
 *(SORT(.init_array.*))
 *(.init_array)
 .init_array    0x080000e0        0x4 c:/program files (x86)/cypress/psoc creator/4.4/psoc creator/import/gnu/arm/5.4.1/bin/../lib/gcc/arm-none-eabi/5.4.1/armv6-m/crtbegin.o
                0x080000e4                PROVIDE (__init_array_end, .)
                0x080000e4                . = ALIGN (0x4)
                [!provide]                PROVIDE (__fini_array_start, .)
 *(SORT(.fini_array.*))
 *(.fini_array)
 .fini_array    0x080000e4        0x4 c:/program files (x86)/cypress/psoc creator/4.4/psoc creator/import/gnu/arm/5.4.1/bin/../lib/gcc/arm-none-eabi/5.4.1/armv6-m/crtbegin.o
                [!provide]                PROVIDE (__fini_array_end, .)
 *(.jcr*)
 .jcr           0x080000e8        0x0 c:/program files (x86)/cypress/psoc creator/4.4/psoc creator/import/gnu/arm/5.4.1/bin/../lib/gcc/arm-none-eabi/5.4.1/armv6-m/crtbegin.o
 .jcr           0x080000e8        0x4 c:/program files (x86)/cypress/psoc creator/4.4/psoc creator/import/gnu/arm/5.4.1/bin/../lib/gcc/arm-none-eabi/5.4.1/armv6-m/crtend.o
                0x080000ec                . = ALIGN (0x4)
 *(.cy_ramfunc*)
 .cy_ramfunc    0x080000ec      0x248 .\CortexM0p\ARM_GCC_541\Debug\cy_flash.o
 .cy_ramfunc    0x08000334      0x238 .\CortexM0p\ARM_GCC_541\Debug\cy_syspm.o
 *fill*         0x0800056c        0x4 
 .cy_ramfunc.__stub
                0x08000570       0x90 linker stubs
                0x08000600                . = ALIGN (0x4)
                0x08000600                __data_end__ = .

.igot.plt       0x08000600        0x0 load address 0x100033dc
 .igot.plt      0x08000600        0x0 c:/program files (x86)/cypress/psoc creator/4.4/psoc creator/import/gnu/arm/5.4.1/bin/../lib/gcc/arm-none-eabi/5.4.1/armv6-m/crtbegin.o

.noinit         0x08000600       0x3c load address 0x100033e0
 *(.noinit)
 .noinit        0x08000600       0x3c .\CortexM0p\ARM_GCC_541\Debug\cy_syslib.o
                0x08000600                cy_assertFileName
                0x08000618                cy_assertLine
                0x0800061c                cy_faultFrame

.bss            0x0800063c      0x1d8 load address 0x1000341c
                0x0800063c                . = ALIGN (0x4)
                0x0800063c                __bss_start__ = .
 *(.bss*)
 .bss           0x0800063c       0x1c c:/program files (x86)/cypress/psoc creator/4.4/psoc creator/import/gnu/arm/5.4.1/bin/../lib/gcc/arm-none-eabi/5.4.1/armv6-m/crtbegin.o
 .bss           0x08000658      0x190 .\CortexM0p\ARM_GCC_541\Debug\system_psoc6_cm0plus.o
 .bss           0x080007e8       0x18 .\CortexM0p\ARM_GCC_541\Debug\cy_flash.o
 .bss           0x08000800        0xc .\CortexM0p\ARM_GCC_541\Debug\cy_ipc_sema.o
 .bss           0x0800080c        0x4 .\CortexM0p\ARM_GCC_541\Debug\cy_ipc_pipe.o
 *(COMMON)
 COMMON         0x08000810        0x4 .\CortexM0p\ARM_GCC_541\Debug\cy_device.o
                0x08000810                cy_device
                0x08000814                . = ALIGN (0x4)
                0x08000814                __bss_end__ = .

.heap           0x08000818      0x400
                0x08000818                __HeapBase = .
                0x08000818                __end__ = .
                0x08000818                end = __end__
 *(.heap*)
 .heap          0x08000818      0x400 .\CortexM0p\ARM_GCC_541\Debug\startup_psoc6_01_cm0plus.o
                0x08000c18                __HeapLimit = .

.stack_dummy    0x08000818     0x1000
 *(.stack*)
 .stack         0x08000818     0x1000 .\CortexM0p\ARM_GCC_541\Debug\startup_psoc6_01_cm0plus.o
                0x08024000                __StackTop = (ORIGIN (ram) + LENGTH (ram))
                0x08023000                __StackLimit = (__StackTop - SIZEOF (.stack_dummy))
                0x08024000                PROVIDE (__stack, __StackTop)
                0x00000001                ASSERT ((__StackLimit >= __HeapLimit), region RAM overflowed with stack)

.cy_em_eeprom
 *(.cy_em_eeprom)

.cy_sflash_user_data
 *(.cy_sflash_user_data)

.cy_sflash_nar
 *(.cy_sflash_nar)

.cy_sflash_public_key
 *(.cy_sflash_public_key)

.cy_toc_part2
 *(.cy_toc_part2)

.cy_rtoc_part2
 *(.cy_rtoc_part2)

.cy_xip
 *(.cy_xip)

.cy_efuse
 *(.cy_efuse)

.cymeta         0x90500000        0xc
 *(.cymeta)
 .cymeta        0x90500000        0xc .\CortexM0p\ARM_GCC_541\Debug\cymetadata.o
                0x90500000                cy_metadata
                0x10000000                __cy_memory_0_start = 0x10000000
                0x00100000                __cy_memory_0_length = 0x100000
                0x00000200                __cy_memory_0_row_size = 0x200
                0x14000000                __cy_memory_1_start = 0x14000000
                0x00008000                __cy_memory_1_length = 0x8000
                0x00000200                __cy_memory_1_row_size = 0x200
                0x16000000                __cy_memory_2_start = 0x16000000
                0x00008000                __cy_memory_2_length = 0x8000
                0x00000200                __cy_memory_2_row_size = 0x200
                0x18000000                __cy_memory_3_start = 0x18000000
                0x08000000                __cy_memory_3_length = 0x8000000
                0x00000200                __cy_memory_3_row_size = 0x200
                0x90700000                __cy_memory_4_start = 0x90700000
                0x00100000                __cy_memory_4_length = 0x100000
                0x00000001                __cy_memory_4_row_size = 0x1
OUTPUT(C:\Users\PC\Desktop\Workspace01\Design01.cydsn\CortexM0p\ARM_GCC_541\Debug\Design01_link.elf elf32-littlearm)

.rel.dyn        0x08000814        0x0 load address 0x98502dec
 .rel.iplt      0x08000814        0x0 c:/program files (x86)/cypress/psoc creator/4.4/psoc creator/import/gnu/arm/5.4.1/bin/../lib/gcc/arm-none-eabi/5.4.1/armv6-m/crtbegin.o

.ARM.attributes
                0x00000000       0x28
 .ARM.attributes
                0x00000000       0x1e c:/program files (x86)/cypress/psoc creator/4.4/psoc creator/import/gnu/arm/5.4.1/bin/../lib/gcc/arm-none-eabi/5.4.1/armv6-m/crti.o
 .ARM.attributes
                0x0000001e       0x2c c:/program files (x86)/cypress/psoc creator/4.4/psoc creator/import/gnu/arm/5.4.1/bin/../lib/gcc/arm-none-eabi/5.4.1/armv6-m/crtbegin.o
 .ARM.attributes
                0x0000004a       0x1b .\CortexM0p\ARM_GCC_541\Debug\startup_psoc6_01_cm0plus.o
 .ARM.attributes
                0x00000065       0x32 .\CortexM0p\ARM_GCC_541\Debug\main_cm0p.o
 .ARM.attributes
                0x00000097       0x32 .\CortexM0p\ARM_GCC_541\Debug\system_psoc6_cm0plus.o
 .ARM.attributes
                0x000000c9       0x32 .\CortexM0p\ARM_GCC_541\Debug\cyfitter_cfg.o
 .ARM.attributes
                0x000000fb       0x32 .\CortexM0p\ARM_GCC_541\Debug\cymetadata.o
 .ARM.attributes
                0x0000012d       0x32 .\CortexM0p\ARM_GCC_541\Debug\cy_flash.o
 .ARM.attributes
                0x0000015f       0x32 .\CortexM0p\ARM_GCC_541\Debug\cy_gpio.o
 .ARM.attributes
                0x00000191       0x32 .\CortexM0p\ARM_GCC_541\Debug\cy_ipc_drv.o
 .ARM.attributes
                0x000001c3       0x32 .\CortexM0p\ARM_GCC_541\Debug\cy_ipc_sema.o
 .ARM.attributes
                0x000001f5       0x32 .\CortexM0p\ARM_GCC_541\Debug\cy_ipc_pipe.o
 .ARM.attributes
                0x00000227       0x32 .\CortexM0p\ARM_GCC_541\Debug\cy_prot.o
 .ARM.attributes
                0x00000259       0x32 .\CortexM0p\ARM_GCC_541\Debug\cy_sysclk.o
 .ARM.attributes
                0x0000028b       0x32 .\CortexM0p\ARM_GCC_541\Debug\cy_sysint.o
 .ARM.attributes
                0x000002bd       0x32 .\CortexM0p\ARM_GCC_541\Debug\cy_syslib.o
 .ARM.attributes
                0x000002ef       0x22 .\CortexM0p\ARM_GCC_541\Debug\cy_syslib_gcc.o
 .ARM.attributes
                0x00000311       0x32 .\CortexM0p\ARM_GCC_541\Debug\cy_syspm.o
 .ARM.attributes
                0x00000343       0x32 .\CortexM0p\ARM_GCC_541\Debug\cy_systick.o
 .ARM.attributes
                0x00000375       0x32 .\CortexM0p\ARM_GCC_541\Debug\cy_wdt.o
 .ARM.attributes
                0x000003a7       0x32 .\CortexM0p\ARM_GCC_541\Debug\cy_device.o
 .ARM.attributes
                0x000003d9       0x1e c:/program files (x86)/cypress/psoc creator/4.4/psoc creator/import/gnu/arm/5.4.1/bin/../lib/gcc/arm-none-eabi/5.4.1/armv6-m\libgcc.a(_udivsi3.o)
 .ARM.attributes
                0x000003f7       0x1e c:/program files (x86)/cypress/psoc creator/4.4/psoc creator/import/gnu/arm/5.4.1/bin/../lib/gcc/arm-none-eabi/5.4.1/armv6-m\libgcc.a(_dvmd_tls.o)
 .ARM.attributes
                0x00000415       0x2c c:/program files (x86)/cypress/psoc creator/4.4/psoc creator/import/gnu/arm/5.4.1/bin/../lib/gcc/arm-none-eabi/5.4.1/../../../../arm-none-eabi/lib/armv6-m\libg_nano.a(lib_a-memcpy-stub.o)
 .ARM.attributes
                0x00000441       0x2c c:/program files (x86)/cypress/psoc creator/4.4/psoc creator/import/gnu/arm/5.4.1/bin/../lib/gcc/arm-none-eabi/5.4.1/../../../../arm-none-eabi/lib/armv6-m\libg_nano.a(lib_a-memset.o)
 .ARM.attributes
                0x0000046d       0x2c c:/program files (x86)/cypress/psoc creator/4.4/psoc creator/import/gnu/arm/5.4.1/bin/../lib/gcc/arm-none-eabi/5.4.1/../../../../arm-none-eabi/lib/armv6-m\libg_nano.a(lib_a-strncpy.o)
 .ARM.attributes
                0x00000499       0x2c c:/program files (x86)/cypress/psoc creator/4.4/psoc creator/import/gnu/arm/5.4.1/bin/../lib/gcc/arm-none-eabi/5.4.1/armv6-m/crtend.o
 .ARM.attributes
                0x000004c5       0x1e c:/program files (x86)/cypress/psoc creator/4.4/psoc creator/import/gnu/arm/5.4.1/bin/../lib/gcc/arm-none-eabi/5.4.1/armv6-m/crtn.o

.comment        0x00000000       0x6e
 .comment       0x00000000       0x6e .\CortexM0p\ARM_GCC_541\Debug\main_cm0p.o
                                 0x6f (size before relaxing)
 .comment       0x0000006e       0x6f .\CortexM0p\ARM_GCC_541\Debug\system_psoc6_cm0plus.o
 .comment       0x0000006e       0x6f .\CortexM0p\ARM_GCC_541\Debug\cyfitter_cfg.o
 .comment       0x0000006e       0x6f .\CortexM0p\ARM_GCC_541\Debug\cymetadata.o
 .comment       0x0000006e       0x6f .\CortexM0p\ARM_GCC_541\Debug\cy_flash.o
 .comment       0x0000006e       0x6f .\CortexM0p\ARM_GCC_541\Debug\cy_gpio.o
 .comment       0x0000006e       0x6f .\CortexM0p\ARM_GCC_541\Debug\cy_ipc_drv.o
 .comment       0x0000006e       0x6f .\CortexM0p\ARM_GCC_541\Debug\cy_ipc_sema.o
 .comment       0x0000006e       0x6f .\CortexM0p\ARM_GCC_541\Debug\cy_ipc_pipe.o
 .comment       0x0000006e       0x6f .\CortexM0p\ARM_GCC_541\Debug\cy_prot.o
 .comment       0x0000006e       0x6f .\CortexM0p\ARM_GCC_541\Debug\cy_sysclk.o
 .comment       0x0000006e       0x6f .\CortexM0p\ARM_GCC_541\Debug\cy_sysint.o
 .comment       0x0000006e       0x6f .\CortexM0p\ARM_GCC_541\Debug\cy_syslib.o
 .comment       0x0000006e       0x6f .\CortexM0p\ARM_GCC_541\Debug\cy_syspm.o
 .comment       0x0000006e       0x6f .\CortexM0p\ARM_GCC_541\Debug\cy_systick.o
 .comment       0x0000006e       0x6f .\CortexM0p\ARM_GCC_541\Debug\cy_wdt.o
 .comment       0x0000006e       0x6f .\CortexM0p\ARM_GCC_541\Debug\cy_device.o

.debug_line     0x00000000     0x568a
 .debug_line    0x00000000       0x92 .\CortexM0p\ARM_GCC_541\Debug\startup_psoc6_01_cm0plus.o
 .debug_line    0x00000092      0x247 .\CortexM0p\ARM_GCC_541\Debug\main_cm0p.o
 .debug_line    0x000002d9      0x4cd .\CortexM0p\ARM_GCC_541\Debug\system_psoc6_cm0plus.o
 .debug_line    0x000007a6      0x5b5 .\CortexM0p\ARM_GCC_541\Debug\cyfitter_cfg.o
 .debug_line    0x00000d5b      0x141 .\CortexM0p\ARM_GCC_541\Debug\cymetadata.o
 .debug_line    0x00000e9c      0x6f2 .\CortexM0p\ARM_GCC_541\Debug\cy_flash.o
 .debug_line    0x0000158e      0x4b9 .\CortexM0p\ARM_GCC_541\Debug\cy_gpio.o
 .debug_line    0x00001a47      0x307 .\CortexM0p\ARM_GCC_541\Debug\cy_ipc_drv.o
 .debug_line    0x00001d4e      0x3c9 .\CortexM0p\ARM_GCC_541\Debug\cy_ipc_sema.o
 .debug_line    0x00002117      0x58b .\CortexM0p\ARM_GCC_541\Debug\cy_ipc_pipe.o
 .debug_line    0x000026a2      0xb20 .\CortexM0p\ARM_GCC_541\Debug\cy_prot.o
 .debug_line    0x000031c2      0x9ff .\CortexM0p\ARM_GCC_541\Debug\cy_sysclk.o
 .debug_line    0x00003bc1      0x3bf .\CortexM0p\ARM_GCC_541\Debug\cy_sysint.o
 .debug_line    0x00003f80      0x4b8 .\CortexM0p\ARM_GCC_541\Debug\cy_syslib.o
 .debug_line    0x00004438       0x89 .\CortexM0p\ARM_GCC_541\Debug\cy_syslib_gcc.o
 .debug_line    0x000044c1      0xa4c .\CortexM0p\ARM_GCC_541\Debug\cy_syspm.o
 .debug_line    0x00004f0d      0x31b .\CortexM0p\ARM_GCC_541\Debug\cy_systick.o
 .debug_line    0x00005228      0x2e3 .\CortexM0p\ARM_GCC_541\Debug\cy_wdt.o
 .debug_line    0x0000550b      0x17f .\CortexM0p\ARM_GCC_541\Debug\cy_device.o

.debug_info     0x00000000    0x1b5df
 .debug_info    0x00000000       0x76 .\CortexM0p\ARM_GCC_541\Debug\startup_psoc6_01_cm0plus.o
 .debug_info    0x00000076      0x6cf .\CortexM0p\ARM_GCC_541\Debug\main_cm0p.o
 .debug_info    0x00000745     0x21bb .\CortexM0p\ARM_GCC_541\Debug\system_psoc6_cm0plus.o
 .debug_info    0x00002900     0x2810 .\CortexM0p\ARM_GCC_541\Debug\cyfitter_cfg.o
 .debug_info    0x00005110       0xac .\CortexM0p\ARM_GCC_541\Debug\cymetadata.o
 .debug_info    0x000051bc     0x2393 .\CortexM0p\ARM_GCC_541\Debug\cy_flash.o
 .debug_info    0x0000754f     0x3408 .\CortexM0p\ARM_GCC_541\Debug\cy_gpio.o
 .debug_info    0x0000a957      0x8df .\CortexM0p\ARM_GCC_541\Debug\cy_ipc_drv.o
 .debug_info    0x0000b236      0xbf9 .\CortexM0p\ARM_GCC_541\Debug\cy_ipc_sema.o
 .debug_info    0x0000be2f     0x19e8 .\CortexM0p\ARM_GCC_541\Debug\cy_ipc_pipe.o
 .debug_info    0x0000d817     0x2b76 .\CortexM0p\ARM_GCC_541\Debug\cy_prot.o
 .debug_info    0x0001038d     0x21b4 .\CortexM0p\ARM_GCC_541\Debug\cy_sysclk.o
 .debug_info    0x00012541     0x1af4 .\CortexM0p\ARM_GCC_541\Debug\cy_sysint.o
 .debug_info    0x00014035     0x20bb .\CortexM0p\ARM_GCC_541\Debug\cy_syslib.o
 .debug_info    0x000160f0       0xa0 .\CortexM0p\ARM_GCC_541\Debug\cy_syslib_gcc.o
 .debug_info    0x00016190     0x3ef3 .\CortexM0p\ARM_GCC_541\Debug\cy_syspm.o
 .debug_info    0x0001a083      0x7fc .\CortexM0p\ARM_GCC_541\Debug\cy_systick.o
 .debug_info    0x0001a87f      0x80f .\CortexM0p\ARM_GCC_541\Debug\cy_wdt.o
 .debug_info    0x0001b08e      0x551 .\CortexM0p\ARM_GCC_541\Debug\cy_device.o

.debug_abbrev   0x00000000     0x2513
 .debug_abbrev  0x00000000       0x14 .\CortexM0p\ARM_GCC_541\Debug\startup_psoc6_01_cm0plus.o
 .debug_abbrev  0x00000014       0xe8 .\CortexM0p\ARM_GCC_541\Debug\main_cm0p.o
 .debug_abbrev  0x000000fc      0x272 .\CortexM0p\ARM_GCC_541\Debug\system_psoc6_cm0plus.o
 .debug_abbrev  0x0000036e      0x337 .\CortexM0p\ARM_GCC_541\Debug\cyfitter_cfg.o
 .debug_abbrev  0x000006a5       0x5d .\CortexM0p\ARM_GCC_541\Debug\cymetadata.o
 .debug_abbrev  0x00000702      0x313 .\CortexM0p\ARM_GCC_541\Debug\cy_flash.o
 .debug_abbrev  0x00000a15      0x250 .\CortexM0p\ARM_GCC_541\Debug\cy_gpio.o
 .debug_abbrev  0x00000c65      0x177 .\CortexM0p\ARM_GCC_541\Debug\cy_ipc_drv.o
 .debug_abbrev  0x00000ddc      0x208 .\CortexM0p\ARM_GCC_541\Debug\cy_ipc_sema.o
 .debug_abbrev  0x00000fe4      0x31a .\CortexM0p\ARM_GCC_541\Debug\cy_ipc_pipe.o
 .debug_abbrev  0x000012fe      0x213 .\CortexM0p\ARM_GCC_541\Debug\cy_prot.o
 .debug_abbrev  0x00001511      0x36d .\CortexM0p\ARM_GCC_541\Debug\cy_sysclk.o
 .debug_abbrev  0x0000187e      0x274 .\CortexM0p\ARM_GCC_541\Debug\cy_sysint.o
 .debug_abbrev  0x00001af2      0x30d .\CortexM0p\ARM_GCC_541\Debug\cy_syslib.o
 .debug_abbrev  0x00001dff       0x14 .\CortexM0p\ARM_GCC_541\Debug\cy_syslib_gcc.o
 .debug_abbrev  0x00001e13      0x30f .\CortexM0p\ARM_GCC_541\Debug\cy_syspm.o
 .debug_abbrev  0x00002122      0x203 .\CortexM0p\ARM_GCC_541\Debug\cy_systick.o
 .debug_abbrev  0x00002325      0x151 .\CortexM0p\ARM_GCC_541\Debug\cy_wdt.o
 .debug_abbrev  0x00002476       0x9d .\CortexM0p\ARM_GCC_541\Debug\cy_device.o

.debug_aranges  0x00000000      0x808
 .debug_aranges
                0x00000000       0x20 .\CortexM0p\ARM_GCC_541\Debug\startup_psoc6_01_cm0plus.o
 .debug_aranges
                0x00000020       0x20 .\CortexM0p\ARM_GCC_541\Debug\main_cm0p.o
 .debug_aranges
                0x00000040       0x60 .\CortexM0p\ARM_GCC_541\Debug\system_psoc6_cm0plus.o
 .debug_aranges
                0x000000a0       0x50 .\CortexM0p\ARM_GCC_541\Debug\cyfitter_cfg.o
 .debug_aranges
                0x000000f0       0x18 .\CortexM0p\ARM_GCC_541\Debug\cymetadata.o
 .debug_aranges
                0x00000108       0xb0 .\CortexM0p\ARM_GCC_541\Debug\cy_flash.o
 .debug_aranges
                0x000001b8       0x48 .\CortexM0p\ARM_GCC_541\Debug\cy_gpio.o
 .debug_aranges
                0x00000200       0x30 .\CortexM0p\ARM_GCC_541\Debug\cy_ipc_drv.o
 .debug_aranges
                0x00000230       0x48 .\CortexM0p\ARM_GCC_541\Debug\cy_ipc_sema.o
 .debug_aranges
                0x00000278       0x68 .\CortexM0p\ARM_GCC_541\Debug\cy_ipc_pipe.o
 .debug_aranges
                0x000002e0      0x198 .\CortexM0p\ARM_GCC_541\Debug\cy_prot.o
 .debug_aranges
                0x00000478       0xb0 .\CortexM0p\ARM_GCC_541\Debug\cy_sysclk.o
 .debug_aranges
                0x00000528       0x58 .\CortexM0p\ARM_GCC_541\Debug\cy_sysint.o
 .debug_aranges
                0x00000580       0x80 .\CortexM0p\ARM_GCC_541\Debug\cy_syslib.o
 .debug_aranges
                0x00000600       0x20 .\CortexM0p\ARM_GCC_541\Debug\cy_syslib_gcc.o
 .debug_aranges
                0x00000620      0x118 .\CortexM0p\ARM_GCC_541\Debug\cy_syspm.o
 .debug_aranges
                0x00000738       0x58 .\CortexM0p\ARM_GCC_541\Debug\cy_systick.o
 .debug_aranges
                0x00000790       0x58 .\CortexM0p\ARM_GCC_541\Debug\cy_wdt.o
 .debug_aranges
                0x000007e8       0x20 .\CortexM0p\ARM_GCC_541\Debug\cy_device.o

.debug_ranges   0x00000000      0x798
 .debug_ranges  0x00000000       0x10 .\CortexM0p\ARM_GCC_541\Debug\main_cm0p.o
 .debug_ranges  0x00000010       0x68 .\CortexM0p\ARM_GCC_541\Debug\system_psoc6_cm0plus.o
 .debug_ranges  0x00000078       0x40 .\CortexM0p\ARM_GCC_541\Debug\cyfitter_cfg.o
 .debug_ranges  0x000000b8       0xc8 .\CortexM0p\ARM_GCC_541\Debug\cy_flash.o
 .debug_ranges  0x00000180       0x38 .\CortexM0p\ARM_GCC_541\Debug\cy_gpio.o
 .debug_ranges  0x000001b8       0x20 .\CortexM0p\ARM_GCC_541\Debug\cy_ipc_drv.o
 .debug_ranges  0x000001d8       0x38 .\CortexM0p\ARM_GCC_541\Debug\cy_ipc_sema.o
 .debug_ranges  0x00000210       0x58 .\CortexM0p\ARM_GCC_541\Debug\cy_ipc_pipe.o
 .debug_ranges  0x00000268      0x188 .\CortexM0p\ARM_GCC_541\Debug\cy_prot.o
 .debug_ranges  0x000003f0      0x118 .\CortexM0p\ARM_GCC_541\Debug\cy_sysclk.o
 .debug_ranges  0x00000508       0x48 .\CortexM0p\ARM_GCC_541\Debug\cy_sysint.o
 .debug_ranges  0x00000550       0x70 .\CortexM0p\ARM_GCC_541\Debug\cy_syslib.o
 .debug_ranges  0x000005c0      0x138 .\CortexM0p\ARM_GCC_541\Debug\cy_syspm.o
 .debug_ranges  0x000006f8       0x48 .\CortexM0p\ARM_GCC_541\Debug\cy_systick.o
 .debug_ranges  0x00000740       0x48 .\CortexM0p\ARM_GCC_541\Debug\cy_wdt.o
 .debug_ranges  0x00000788       0x10 .\CortexM0p\ARM_GCC_541\Debug\cy_device.o

.debug_str      0x00000000     0xe253
 .debug_str     0x00000000      0x872 .\CortexM0p\ARM_GCC_541\Debug\main_cm0p.o
                                0x8d9 (size before relaxing)
 .debug_str     0x00000872     0x145e .\CortexM0p\ARM_GCC_541\Debug\system_psoc6_cm0plus.o
                               0x1dcd (size before relaxing)
 .debug_str     0x00001cd0     0x183a .\CortexM0p\ARM_GCC_541\Debug\cyfitter_cfg.o
                               0x2450 (size before relaxing)
 .debug_str     0x0000350a       0x30 .\CortexM0p\ARM_GCC_541\Debug\cymetadata.o
                                0x190 (size before relaxing)
 .debug_str     0x0000353a     0x1030 .\CortexM0p\ARM_GCC_541\Debug\cy_flash.o
                               0x1cf3 (size before relaxing)
 .debug_str     0x0000456a     0x5b45 .\CortexM0p\ARM_GCC_541\Debug\cy_gpio.o
                               0x63a9 (size before relaxing)
 .debug_str     0x0000a0af       0xfd .\CortexM0p\ARM_GCC_541\Debug\cy_ipc_drv.o
                                0x932 (size before relaxing)
 .debug_str     0x0000a1ac       0xe0 .\CortexM0p\ARM_GCC_541\Debug\cy_ipc_sema.o
                                0xb1f (size before relaxing)
 .debug_str     0x0000a28c     0x12c2 .\CortexM0p\ARM_GCC_541\Debug\cy_ipc_pipe.o
                               0x21f6 (size before relaxing)
 .debug_str     0x0000b54e      0xe0c .\CortexM0p\ARM_GCC_541\Debug\cy_prot.o
                               0x16aa (size before relaxing)
 .debug_str     0x0000c35a      0x69c .\CortexM0p\ARM_GCC_541\Debug\cy_sysclk.o
                               0x1e4f (size before relaxing)
 .debug_str     0x0000c9f6      0x39f .\CortexM0p\ARM_GCC_541\Debug\cy_sysint.o
                               0x203d (size before relaxing)
 .debug_str     0x0000cd95      0x23c .\CortexM0p\ARM_GCC_541\Debug\cy_syslib.o
                               0x1ae8 (size before relaxing)
 .debug_str     0x0000cfd1      0xf81 .\CortexM0p\ARM_GCC_541\Debug\cy_syspm.o
                               0x2ad3 (size before relaxing)
 .debug_str     0x0000df52      0x1e5 .\CortexM0p\ARM_GCC_541\Debug\cy_systick.o
                                0x9ec (size before relaxing)
 .debug_str     0x0000e137       0xbf .\CortexM0p\ARM_GCC_541\Debug\cy_wdt.o
                                0x6cf (size before relaxing)
 .debug_str     0x0000e1f6       0x5d .\CortexM0p\ARM_GCC_541\Debug\cy_device.o
                                0x79e (size before relaxing)

.debug_frame    0x00000000     0x17c0
 .debug_frame   0x00000000       0x2c .\CortexM0p\ARM_GCC_541\Debug\main_cm0p.o
 .debug_frame   0x0000002c       0xfc .\CortexM0p\ARM_GCC_541\Debug\system_psoc6_cm0plus.o
 .debug_frame   0x00000128       0xd0 .\CortexM0p\ARM_GCC_541\Debug\cyfitter_cfg.o
 .debug_frame   0x000001f8      0x218 .\CortexM0p\ARM_GCC_541\Debug\cy_flash.o
 .debug_frame   0x00000410       0xec .\CortexM0p\ARM_GCC_541\Debug\cy_gpio.o
 .debug_frame   0x000004fc       0x70 .\CortexM0p\ARM_GCC_541\Debug\cy_ipc_drv.o
 .debug_frame   0x0000056c       0xbc .\CortexM0p\ARM_GCC_541\Debug\cy_ipc_sema.o
 .debug_frame   0x00000628      0x150 .\CortexM0p\ARM_GCC_541\Debug\cy_ipc_pipe.o
 .debug_frame   0x00000778      0x5b8 .\CortexM0p\ARM_GCC_541\Debug\cy_prot.o
 .debug_frame   0x00000d30      0x298 .\CortexM0p\ARM_GCC_541\Debug\cy_sysclk.o
 .debug_frame   0x00000fc8       0xe4 .\CortexM0p\ARM_GCC_541\Debug\cy_sysint.o
 .debug_frame   0x000010ac      0x138 .\CortexM0p\ARM_GCC_541\Debug\cy_syslib.o
 .debug_frame   0x000011e4      0x3bc .\CortexM0p\ARM_GCC_541\Debug\cy_syspm.o
 .debug_frame   0x000015a0       0xac .\CortexM0p\ARM_GCC_541\Debug\cy_systick.o
 .debug_frame   0x0000164c       0xc0 .\CortexM0p\ARM_GCC_541\Debug\cy_wdt.o
 .debug_frame   0x0000170c       0x20 .\CortexM0p\ARM_GCC_541\Debug\cy_device.o
 .debug_frame   0x0000172c       0x20 c:/program files (x86)/cypress/psoc creator/4.4/psoc creator/import/gnu/arm/5.4.1/bin/../lib/gcc/arm-none-eabi/5.4.1/armv6-m\libgcc.a(_udivsi3.o)
 .debug_frame   0x0000174c       0x28 c:/program files (x86)/cypress/psoc creator/4.4/psoc creator/import/gnu/arm/5.4.1/bin/../lib/gcc/arm-none-eabi/5.4.1/../../../../arm-none-eabi/lib/armv6-m\libg_nano.a(lib_a-memcpy-stub.o)
 .debug_frame   0x00001774       0x20 c:/program files (x86)/cypress/psoc creator/4.4/psoc creator/import/gnu/arm/5.4.1/bin/../lib/gcc/arm-none-eabi/5.4.1/../../../../arm-none-eabi/lib/armv6-m\libg_nano.a(lib_a-memset.o)
 .debug_frame   0x00001794       0x2c c:/program files (x86)/cypress/psoc creator/4.4/psoc creator/import/gnu/arm/5.4.1/bin/../lib/gcc/arm-none-eabi/5.4.1/../../../../arm-none-eabi/lib/armv6-m\libg_nano.a(lib_a-strncpy.o)

.debug_loc      0x00000000     0x79fe
 .debug_loc     0x00000000      0x358 .\CortexM0p\ARM_GCC_541\Debug\system_psoc6_cm0plus.o
 .debug_loc     0x00000358      0x59d .\CortexM0p\ARM_GCC_541\Debug\cyfitter_cfg.o
 .debug_loc     0x000008f5      0xd3c .\CortexM0p\ARM_GCC_541\Debug\cy_flash.o
 .debug_loc     0x00001631      0x815 .\CortexM0p\ARM_GCC_541\Debug\cy_gpio.o
 .debug_loc     0x00001e46      0x303 .\CortexM0p\ARM_GCC_541\Debug\cy_ipc_drv.o
 .debug_loc     0x00002149      0x7fa .\CortexM0p\ARM_GCC_541\Debug\cy_ipc_sema.o
 .debug_loc     0x00002943      0x778 .\CortexM0p\ARM_GCC_541\Debug\cy_ipc_pipe.o
 .debug_loc     0x000030bb     0x1858 .\CortexM0p\ARM_GCC_541\Debug\cy_prot.o
 .debug_loc     0x00004913     0x18e7 .\CortexM0p\ARM_GCC_541\Debug\cy_sysclk.o
 .debug_loc     0x000061fa      0x4bc .\CortexM0p\ARM_GCC_541\Debug\cy_sysint.o
 .debug_loc     0x000066b6      0x239 .\CortexM0p\ARM_GCC_541\Debug\cy_syslib.o
 .debug_loc     0x000068ef      0xf1d .\CortexM0p\ARM_GCC_541\Debug\cy_syspm.o
 .debug_loc     0x0000780c      0x19a .\CortexM0p\ARM_GCC_541\Debug\cy_systick.o
 .debug_loc     0x000079a6       0x58 .\CortexM0p\ARM_GCC_541\Debug\cy_wdt.o
