ARM GAS  C:\Users\PC\AppData\Local\Temp\cc0V4Byo.s 			page 1


   1              		.syntax unified
   2              		.cpu cortex-m0
   3              		.fpu softvfp
   4              		.eabi_attribute 20, 1
   5              		.eabi_attribute 21, 1
   6              		.eabi_attribute 23, 3
   7              		.eabi_attribute 24, 1
   8              		.eabi_attribute 25, 1
   9              		.eabi_attribute 26, 1
  10              		.eabi_attribute 30, 6
  11              		.eabi_attribute 34, 0
  12              		.eabi_attribute 18, 4
  13              		.thumb
  14              		.syntax unified
  15              		.file	"Cm0Start.c"
  16              		.text
  17              	.Ltext0:
  18              		.cfi_sections	.debug_frame
  19              		.section	.noinit,"aw",%progbits
  20              		.align	2
  21              		.type	cySysNoInitDataValid, %object
  22              		.size	cySysNoInitDataValid, 4
  23              	cySysNoInitDataValid:
  24 0000 00000000 		.space	4
  25              		.section	.text.IntDefaultHandler,"ax",%progbits
  26              		.align	2
  27              		.global	IntDefaultHandler
  28              		.code	16
  29              		.thumb_func
  30              		.type	IntDefaultHandler, %function
  31              	IntDefaultHandler:
  32              	.LFB2:
  33              		.file 1 "Generated_Source\\PSoC4\\Cm0Start.c"
   1:Generated_Source\PSoC4/Cm0Start.c **** /***************************************************************************//**
   2:Generated_Source\PSoC4/Cm0Start.c **** * \file Cm0Start.c
   3:Generated_Source\PSoC4/Cm0Start.c **** * \version 5.50
   4:Generated_Source\PSoC4/Cm0Start.c **** *
   5:Generated_Source\PSoC4/Cm0Start.c **** * \brief Startup code for the ARM CM0.
   6:Generated_Source\PSoC4/Cm0Start.c **** *
   7:Generated_Source\PSoC4/Cm0Start.c **** ********************************************************************************
   8:Generated_Source\PSoC4/Cm0Start.c **** * \copyright
   9:Generated_Source\PSoC4/Cm0Start.c **** * Copyright 2010-2016, Cypress Semiconductor Corporation.  All rights reserved.
  10:Generated_Source\PSoC4/Cm0Start.c **** * You may use this file only in accordance with the license, terms, conditions,
  11:Generated_Source\PSoC4/Cm0Start.c **** * disclaimers, and limitations in the end user license agreement accompanying
  12:Generated_Source\PSoC4/Cm0Start.c **** * the software package with which this file was provided.
  13:Generated_Source\PSoC4/Cm0Start.c **** *******************************************************************************/
  14:Generated_Source\PSoC4/Cm0Start.c **** 
  15:Generated_Source\PSoC4/Cm0Start.c **** #include <limits.h>
  16:Generated_Source\PSoC4/Cm0Start.c **** #include "cydevice_trm.h"
  17:Generated_Source\PSoC4/Cm0Start.c **** #include "cytypes.h"
  18:Generated_Source\PSoC4/Cm0Start.c **** #include "cyfitter_cfg.h"
  19:Generated_Source\PSoC4/Cm0Start.c **** #include "CyLib.h"
  20:Generated_Source\PSoC4/Cm0Start.c **** #include "cyfitter.h"
  21:Generated_Source\PSoC4/Cm0Start.c **** 
  22:Generated_Source\PSoC4/Cm0Start.c **** 
  23:Generated_Source\PSoC4/Cm0Start.c **** #define CY_NUM_VECTORS              (CY_INT_IRQ_BASE + CY_NUM_INTERRUPTS)
  24:Generated_Source\PSoC4/Cm0Start.c **** 
ARM GAS  C:\Users\PC\AppData\Local\Temp\cc0V4Byo.s 			page 2


  25:Generated_Source\PSoC4/Cm0Start.c **** #if (CY_IP_CPUSS_CM0)
  26:Generated_Source\PSoC4/Cm0Start.c ****     #define CY_CPUSS_CONFIG_VECT_IN_RAM (( uint32 ) 0x01)
  27:Generated_Source\PSoC4/Cm0Start.c **** #endif /* (CY_IP_CPUSS_CM0) */
  28:Generated_Source\PSoC4/Cm0Start.c **** 
  29:Generated_Source\PSoC4/Cm0Start.c **** 
  30:Generated_Source\PSoC4/Cm0Start.c **** #if (CY_IP_CPUSS_CM0)
  31:Generated_Source\PSoC4/Cm0Start.c ****     /* CPUSS Configuration register */
  32:Generated_Source\PSoC4/Cm0Start.c ****     #define CY_CPUSS_CONFIG_REG         (*(reg32 *) CYREG_CPUSS_CONFIG)
  33:Generated_Source\PSoC4/Cm0Start.c ****     #define CY_CPUSS_CONFIG_PTR         ( (reg32 *) CYREG_CPUSS_CONFIG)
  34:Generated_Source\PSoC4/Cm0Start.c **** #endif /* (CY_IP_CPUSS_CM0) */
  35:Generated_Source\PSoC4/Cm0Start.c **** 
  36:Generated_Source\PSoC4/Cm0Start.c **** 
  37:Generated_Source\PSoC4/Cm0Start.c **** #if defined (__ICCARM__)
  38:Generated_Source\PSoC4/Cm0Start.c ****     #define CY_NUM_ROM_VECTORS      (CY_NUM_VECTORS)
  39:Generated_Source\PSoC4/Cm0Start.c **** #else
  40:Generated_Source\PSoC4/Cm0Start.c ****     #define CY_NUM_ROM_VECTORS      (4u)
  41:Generated_Source\PSoC4/Cm0Start.c **** #endif  /* defined (__ICCARM__) */
  42:Generated_Source\PSoC4/Cm0Start.c **** 
  43:Generated_Source\PSoC4/Cm0Start.c **** /* Vector table address in SRAM */
  44:Generated_Source\PSoC4/Cm0Start.c **** #define CY_CPUSS_CONFIG_VECT_ADDR_IN_RAM    (0x20000000u)
  45:Generated_Source\PSoC4/Cm0Start.c **** 
  46:Generated_Source\PSoC4/Cm0Start.c **** #ifndef CY_SYS_INITIAL_STACK_POINTER
  47:Generated_Source\PSoC4/Cm0Start.c **** 
  48:Generated_Source\PSoC4/Cm0Start.c ****     #if defined(__ARMCC_VERSION)
  49:Generated_Source\PSoC4/Cm0Start.c ****         #define CY_SYS_INITIAL_STACK_POINTER ((cyisraddress)(uint32)&Image$$ARM_LIB_STACK$$ZI$$Limi
  50:Generated_Source\PSoC4/Cm0Start.c ****     #elif defined (__GNUC__)
  51:Generated_Source\PSoC4/Cm0Start.c ****         #define CY_SYS_INITIAL_STACK_POINTER (&__cy_stack)
  52:Generated_Source\PSoC4/Cm0Start.c ****     #elif defined (__ICCARM__)
  53:Generated_Source\PSoC4/Cm0Start.c ****         #pragma language=extended
  54:Generated_Source\PSoC4/Cm0Start.c ****         #pragma segment="CSTACK"
  55:Generated_Source\PSoC4/Cm0Start.c ****         #define CY_SYS_INITIAL_STACK_POINTER  { .__ptr = __sfe( "CSTACK" ) }
  56:Generated_Source\PSoC4/Cm0Start.c **** 
  57:Generated_Source\PSoC4/Cm0Start.c ****         extern void __iar_program_start( void );
  58:Generated_Source\PSoC4/Cm0Start.c ****         extern void __iar_data_init3 (void);
  59:Generated_Source\PSoC4/Cm0Start.c ****     #endif  /* (__ARMCC_VERSION) */
  60:Generated_Source\PSoC4/Cm0Start.c **** 
  61:Generated_Source\PSoC4/Cm0Start.c **** #endif /* CY_SYS_INITIAL_STACK_POINTER */
  62:Generated_Source\PSoC4/Cm0Start.c **** 
  63:Generated_Source\PSoC4/Cm0Start.c **** 
  64:Generated_Source\PSoC4/Cm0Start.c **** #if defined(__GNUC__)
  65:Generated_Source\PSoC4/Cm0Start.c ****     #include <errno.h>
  66:Generated_Source\PSoC4/Cm0Start.c ****     extern int  errno;
  67:Generated_Source\PSoC4/Cm0Start.c ****     extern int  end;
  68:Generated_Source\PSoC4/Cm0Start.c **** #endif  /* defined(__GNUC__) */
  69:Generated_Source\PSoC4/Cm0Start.c **** 
  70:Generated_Source\PSoC4/Cm0Start.c **** /* Extern functions */
  71:Generated_Source\PSoC4/Cm0Start.c **** extern void CyBtldr_CheckLaunch(void);
  72:Generated_Source\PSoC4/Cm0Start.c **** 
  73:Generated_Source\PSoC4/Cm0Start.c **** /* Function prototypes */
  74:Generated_Source\PSoC4/Cm0Start.c **** void initialize_psoc(void);
  75:Generated_Source\PSoC4/Cm0Start.c **** 
  76:Generated_Source\PSoC4/Cm0Start.c **** /* Global variables */
  77:Generated_Source\PSoC4/Cm0Start.c **** #if !defined (__ICCARM__)
  78:Generated_Source\PSoC4/Cm0Start.c ****     CY_NOINIT static uint32 cySysNoInitDataValid;
  79:Generated_Source\PSoC4/Cm0Start.c **** #endif  /* !defined (__ICCARM__) */
  80:Generated_Source\PSoC4/Cm0Start.c **** 
  81:Generated_Source\PSoC4/Cm0Start.c **** 
ARM GAS  C:\Users\PC\AppData\Local\Temp\cc0V4Byo.s 			page 3


  82:Generated_Source\PSoC4/Cm0Start.c **** #if (CYDEV_PROJ_TYPE != CYDEV_PROJ_TYPE_STANDARD)
  83:Generated_Source\PSoC4/Cm0Start.c **** 
  84:Generated_Source\PSoC4/Cm0Start.c ****     /*******************************************************************************
  85:Generated_Source\PSoC4/Cm0Start.c ****     This variable is used by the Bootloader/Bootloadable components to schedule
  86:Generated_Source\PSoC4/Cm0Start.c ****     what application will be started after a software reset.
  87:Generated_Source\PSoC4/Cm0Start.c ****     *******************************************************************************/
  88:Generated_Source\PSoC4/Cm0Start.c ****     #if (__ARMCC_VERSION)
  89:Generated_Source\PSoC4/Cm0Start.c ****         __attribute__ ((section(".bootloaderruntype"), zero_init))
  90:Generated_Source\PSoC4/Cm0Start.c ****     #elif defined (__GNUC__)
  91:Generated_Source\PSoC4/Cm0Start.c ****         __attribute__ ((section(".bootloaderruntype")))
  92:Generated_Source\PSoC4/Cm0Start.c ****     #elif defined (__ICCARM__)
  93:Generated_Source\PSoC4/Cm0Start.c ****         #pragma location=".bootloaderruntype"
  94:Generated_Source\PSoC4/Cm0Start.c ****     #endif /* (__ARMCC_VERSION) */
  95:Generated_Source\PSoC4/Cm0Start.c ****     volatile uint32 cyBtldrRunType;
  96:Generated_Source\PSoC4/Cm0Start.c **** 
  97:Generated_Source\PSoC4/Cm0Start.c **** #endif  /* (CYDEV_PROJ_TYPE != CYDEV_PROJ_TYPE_STANDARD) */
  98:Generated_Source\PSoC4/Cm0Start.c **** 
  99:Generated_Source\PSoC4/Cm0Start.c **** 
 100:Generated_Source\PSoC4/Cm0Start.c **** /*******************************************************************************
 101:Generated_Source\PSoC4/Cm0Start.c **** * Function Name: IntDefaultHandler
 102:Generated_Source\PSoC4/Cm0Start.c **** ****************************************************************************//**
 103:Generated_Source\PSoC4/Cm0Start.c **** *
 104:Generated_Source\PSoC4/Cm0Start.c **** *  This function is called for all interrupts, other than a reset that is called
 105:Generated_Source\PSoC4/Cm0Start.c **** *  before the system is setup.
 106:Generated_Source\PSoC4/Cm0Start.c **** *
 107:Generated_Source\PSoC4/Cm0Start.c **** *******************************************************************************/
 108:Generated_Source\PSoC4/Cm0Start.c **** CY_NORETURN
 109:Generated_Source\PSoC4/Cm0Start.c **** CY_ISR(IntDefaultHandler)
 110:Generated_Source\PSoC4/Cm0Start.c **** {
  34              		.loc 1 110 0
  35              		.cfi_startproc
  36              		@ args = 0, pretend = 0, frame = 0
  37              		@ frame_needed = 1, uses_anonymous_args = 0
  38 0000 80B5     		push	{r7, lr}
  39              		.cfi_def_cfa_offset 8
  40              		.cfi_offset 7, -8
  41              		.cfi_offset 14, -4
  42 0002 00AF     		add	r7, sp, #0
  43              		.cfi_def_cfa_register 7
 111:Generated_Source\PSoC4/Cm0Start.c ****     /***************************************************************************
 112:Generated_Source\PSoC4/Cm0Start.c ****     * We must not get here. If we do, a serious problem occurs, so go into
 113:Generated_Source\PSoC4/Cm0Start.c ****     * an infinite loop.
 114:Generated_Source\PSoC4/Cm0Start.c ****     ***************************************************************************/
 115:Generated_Source\PSoC4/Cm0Start.c **** 
 116:Generated_Source\PSoC4/Cm0Start.c ****     #if defined(__GNUC__)
 117:Generated_Source\PSoC4/Cm0Start.c ****         if (errno == ENOMEM)
  44              		.loc 1 117 0
  45 0004 FFF7FEFF 		bl	__errno
  46 0008 0300     		movs	r3, r0
  47 000a 1B68     		ldr	r3, [r3]
  48 000c 0C2B     		cmp	r3, #12
  49 000e 00D1     		bne	.L2
  50              	.L3:
 118:Generated_Source\PSoC4/Cm0Start.c ****         {
 119:Generated_Source\PSoC4/Cm0Start.c ****             #ifdef CY_BOOT_INT_DEFAULT_HANDLER_ENOMEM_EXCEPTION_CALLBACK
 120:Generated_Source\PSoC4/Cm0Start.c ****                 CyBoot_IntDefaultHandler_Enomem_Exception_Callback();
 121:Generated_Source\PSoC4/Cm0Start.c ****             #endif /* CY_BOOT_INT_DEFAULT_HANDLER_ENOMEM_EXCEPTION_CALLBACK */
ARM GAS  C:\Users\PC\AppData\Local\Temp\cc0V4Byo.s 			page 4


 122:Generated_Source\PSoC4/Cm0Start.c ****             
 123:Generated_Source\PSoC4/Cm0Start.c ****             while(1)
 124:Generated_Source\PSoC4/Cm0Start.c ****             {
 125:Generated_Source\PSoC4/Cm0Start.c ****                 /* Out Of Heap Space
 126:Generated_Source\PSoC4/Cm0Start.c ****                  * This can be increased in the System tab of the Design Wide Resources.
 127:Generated_Source\PSoC4/Cm0Start.c ****                  */
 128:Generated_Source\PSoC4/Cm0Start.c ****             }
  51              		.loc 1 128 0 discriminator 1
  52 0010 FEE7     		b	.L3
  53              	.L2:
 129:Generated_Source\PSoC4/Cm0Start.c ****         }
 130:Generated_Source\PSoC4/Cm0Start.c ****         else
 131:Generated_Source\PSoC4/Cm0Start.c ****     #endif
 132:Generated_Source\PSoC4/Cm0Start.c ****         {
 133:Generated_Source\PSoC4/Cm0Start.c ****             #ifdef CY_BOOT_INT_DEFAULT_HANDLER_EXCEPTION_ENTRY_CALLBACK
 134:Generated_Source\PSoC4/Cm0Start.c ****                 CyBoot_IntDefaultHandler_Exception_EntryCallback();
 135:Generated_Source\PSoC4/Cm0Start.c ****             #endif /* CY_BOOT_INT_DEFAULT_HANDLER_EXCEPTION_ENTRY_CALLBACK */
 136:Generated_Source\PSoC4/Cm0Start.c **** 
 137:Generated_Source\PSoC4/Cm0Start.c ****             while(1)
 138:Generated_Source\PSoC4/Cm0Start.c ****             {
 139:Generated_Source\PSoC4/Cm0Start.c **** 
 140:Generated_Source\PSoC4/Cm0Start.c ****             }
  54              		.loc 1 140 0 discriminator 2
  55 0012 FEE7     		b	.L2
  56              		.cfi_endproc
  57              	.LFE2:
  58              		.size	IntDefaultHandler, .-IntDefaultHandler
  59              		.section	.text._exit,"ax",%progbits
  60              		.align	2
  61              		.weak	_exit
  62              		.code	16
  63              		.thumb_func
  64              		.type	_exit, %function
  65              	_exit:
  66              	.LFB3:
 141:Generated_Source\PSoC4/Cm0Start.c ****         }
 142:Generated_Source\PSoC4/Cm0Start.c **** }
 143:Generated_Source\PSoC4/Cm0Start.c **** 
 144:Generated_Source\PSoC4/Cm0Start.c **** #if defined(__ARMCC_VERSION)
 145:Generated_Source\PSoC4/Cm0Start.c **** 
 146:Generated_Source\PSoC4/Cm0Start.c **** /* Local function for device reset. */
 147:Generated_Source\PSoC4/Cm0Start.c **** extern void Reset(void);
 148:Generated_Source\PSoC4/Cm0Start.c **** 
 149:Generated_Source\PSoC4/Cm0Start.c **** /* Application entry point. */
 150:Generated_Source\PSoC4/Cm0Start.c **** extern void $Super$$main(void);
 151:Generated_Source\PSoC4/Cm0Start.c **** 
 152:Generated_Source\PSoC4/Cm0Start.c **** /* Linker-generated Stack Base addresses, Two Region and One Region */
 153:Generated_Source\PSoC4/Cm0Start.c **** extern unsigned long Image$$ARM_LIB_STACK$$ZI$$Limit;
 154:Generated_Source\PSoC4/Cm0Start.c **** 
 155:Generated_Source\PSoC4/Cm0Start.c **** /* RealView C Library initialization. */
 156:Generated_Source\PSoC4/Cm0Start.c **** extern int __main(void);
 157:Generated_Source\PSoC4/Cm0Start.c **** 
 158:Generated_Source\PSoC4/Cm0Start.c **** 
 159:Generated_Source\PSoC4/Cm0Start.c **** /*******************************************************************************
 160:Generated_Source\PSoC4/Cm0Start.c **** * Function Name: Reset
 161:Generated_Source\PSoC4/Cm0Start.c **** ****************************************************************************//**
 162:Generated_Source\PSoC4/Cm0Start.c **** *
ARM GAS  C:\Users\PC\AppData\Local\Temp\cc0V4Byo.s 			page 5


 163:Generated_Source\PSoC4/Cm0Start.c **** * This function handles the reset interrupt for the MDK toolchains.
 164:Generated_Source\PSoC4/Cm0Start.c **** * This is the first bit of code that is executed at startup.
 165:Generated_Source\PSoC4/Cm0Start.c **** *
 166:Generated_Source\PSoC4/Cm0Start.c **** *******************************************************************************/
 167:Generated_Source\PSoC4/Cm0Start.c **** void Reset(void)
 168:Generated_Source\PSoC4/Cm0Start.c **** {
 169:Generated_Source\PSoC4/Cm0Start.c ****     #if (CYDEV_PROJ_TYPE == CYDEV_PROJ_TYPE_LOADABLE || CYDEV_PROJ_TYPE == CYDEV_PROJ_TYPE_LOADABLE
 170:Generated_Source\PSoC4/Cm0Start.c ****         /* The bootloadable application image is started at Reset() handler
 171:Generated_Source\PSoC4/Cm0Start.c ****         * as a result of a branch instruction execution from the bootloader.
 172:Generated_Source\PSoC4/Cm0Start.c ****         * So, the stack pointer needs to be reset to be sure that
 173:Generated_Source\PSoC4/Cm0Start.c ****         * there is no garbage in the stack.
 174:Generated_Source\PSoC4/Cm0Start.c ****         */
 175:Generated_Source\PSoC4/Cm0Start.c ****         register uint32_t msp __asm("msp");
 176:Generated_Source\PSoC4/Cm0Start.c ****         msp = (uint32_t)&Image$$ARM_LIB_STACK$$ZI$$Limit;
 177:Generated_Source\PSoC4/Cm0Start.c ****     #endif /*(CYDEV_PROJ_TYPE == CYDEV_PROJ_TYPE_LOADABLE || CYDEV_PROJ_TYPE == CYDEV_PROJ_TYPE_LOA
 178:Generated_Source\PSoC4/Cm0Start.c **** 
 179:Generated_Source\PSoC4/Cm0Start.c ****     #if(CY_IP_SRSSLT)
 180:Generated_Source\PSoC4/Cm0Start.c ****         CySysWdtDisable();
 181:Generated_Source\PSoC4/Cm0Start.c ****     #endif  /* (CY_IP_SRSSLT) */
 182:Generated_Source\PSoC4/Cm0Start.c **** 
 183:Generated_Source\PSoC4/Cm0Start.c ****     #if ((CYDEV_BOOTLOADER_ENABLE) && (CYDEV_PROJ_TYPE != CYDEV_PROJ_TYPE_LOADABLEANDBOOTLOADER))
 184:Generated_Source\PSoC4/Cm0Start.c ****         CyBtldr_CheckLaunch();
 185:Generated_Source\PSoC4/Cm0Start.c ****     #endif /* ((CYDEV_BOOTLOADER_ENABLE) && (CYDEV_PROJ_TYPE != CYDEV_PROJ_TYPE_LOADABLEANDBOOTLOAD
 186:Generated_Source\PSoC4/Cm0Start.c **** 
 187:Generated_Source\PSoC4/Cm0Start.c ****     __main();
 188:Generated_Source\PSoC4/Cm0Start.c **** }
 189:Generated_Source\PSoC4/Cm0Start.c **** 
 190:Generated_Source\PSoC4/Cm0Start.c **** /*******************************************************************************
 191:Generated_Source\PSoC4/Cm0Start.c **** * Function Name: $Sub$$main
 192:Generated_Source\PSoC4/Cm0Start.c **** ****************************************************************************//**
 193:Generated_Source\PSoC4/Cm0Start.c **** *
 194:Generated_Source\PSoC4/Cm0Start.c **** * This function is called immediately before the users main
 195:Generated_Source\PSoC4/Cm0Start.c **** *
 196:Generated_Source\PSoC4/Cm0Start.c **** *******************************************************************************/
 197:Generated_Source\PSoC4/Cm0Start.c **** __attribute__ ((noreturn, __noinline__))
 198:Generated_Source\PSoC4/Cm0Start.c **** void $Sub$$main(void)
 199:Generated_Source\PSoC4/Cm0Start.c **** {
 200:Generated_Source\PSoC4/Cm0Start.c ****     initialize_psoc();
 201:Generated_Source\PSoC4/Cm0Start.c **** 
 202:Generated_Source\PSoC4/Cm0Start.c ****     /* Call original main */
 203:Generated_Source\PSoC4/Cm0Start.c ****     $Super$$main();
 204:Generated_Source\PSoC4/Cm0Start.c **** 
 205:Generated_Source\PSoC4/Cm0Start.c ****     while (1)
 206:Generated_Source\PSoC4/Cm0Start.c ****     {
 207:Generated_Source\PSoC4/Cm0Start.c ****         /* If main returns it is undefined what we should do. */
 208:Generated_Source\PSoC4/Cm0Start.c ****     }
 209:Generated_Source\PSoC4/Cm0Start.c **** }
 210:Generated_Source\PSoC4/Cm0Start.c **** 
 211:Generated_Source\PSoC4/Cm0Start.c **** #elif defined(__GNUC__)
 212:Generated_Source\PSoC4/Cm0Start.c **** 
 213:Generated_Source\PSoC4/Cm0Start.c **** /* Stack Base address */
 214:Generated_Source\PSoC4/Cm0Start.c **** extern void __cy_stack(void);
 215:Generated_Source\PSoC4/Cm0Start.c **** 
 216:Generated_Source\PSoC4/Cm0Start.c **** /* Application entry point. */
 217:Generated_Source\PSoC4/Cm0Start.c **** extern int main(void);
 218:Generated_Source\PSoC4/Cm0Start.c **** 
 219:Generated_Source\PSoC4/Cm0Start.c **** /* The static objects constructors initializer */
ARM GAS  C:\Users\PC\AppData\Local\Temp\cc0V4Byo.s 			page 6


 220:Generated_Source\PSoC4/Cm0Start.c **** extern void __libc_init_array(void);
 221:Generated_Source\PSoC4/Cm0Start.c **** 
 222:Generated_Source\PSoC4/Cm0Start.c **** typedef unsigned char __cy_byte_align8 __attribute ((aligned (8)));
 223:Generated_Source\PSoC4/Cm0Start.c **** 
 224:Generated_Source\PSoC4/Cm0Start.c **** struct __cy_region
 225:Generated_Source\PSoC4/Cm0Start.c **** {
 226:Generated_Source\PSoC4/Cm0Start.c ****     __cy_byte_align8 *init; /* Initial contents of this region.  */
 227:Generated_Source\PSoC4/Cm0Start.c ****     __cy_byte_align8 *data; /* Start address of region.  */
 228:Generated_Source\PSoC4/Cm0Start.c ****     size_t init_size;       /* Size of initial data.  */
 229:Generated_Source\PSoC4/Cm0Start.c ****     size_t zero_size;       /* Additional size to be zeroed.  */
 230:Generated_Source\PSoC4/Cm0Start.c **** };
 231:Generated_Source\PSoC4/Cm0Start.c **** 
 232:Generated_Source\PSoC4/Cm0Start.c **** extern const struct __cy_region __cy_regions[];
 233:Generated_Source\PSoC4/Cm0Start.c **** extern const char __cy_region_num __attribute__((weak));
 234:Generated_Source\PSoC4/Cm0Start.c **** #define __cy_region_num ((size_t)&__cy_region_num)
 235:Generated_Source\PSoC4/Cm0Start.c **** 
 236:Generated_Source\PSoC4/Cm0Start.c **** 
 237:Generated_Source\PSoC4/Cm0Start.c **** /*******************************************************************************
 238:Generated_Source\PSoC4/Cm0Start.c **** * System Calls of the Red Hat newlib C Library
 239:Generated_Source\PSoC4/Cm0Start.c **** *******************************************************************************/
 240:Generated_Source\PSoC4/Cm0Start.c **** 
 241:Generated_Source\PSoC4/Cm0Start.c **** 
 242:Generated_Source\PSoC4/Cm0Start.c **** /*******************************************************************************
 243:Generated_Source\PSoC4/Cm0Start.c **** * Function Name: _exit
 244:Generated_Source\PSoC4/Cm0Start.c **** ****************************************************************************//**
 245:Generated_Source\PSoC4/Cm0Start.c **** *
 246:Generated_Source\PSoC4/Cm0Start.c **** * Exit a program without cleaning up files. If your system doesn't provide
 247:Generated_Source\PSoC4/Cm0Start.c **** * this, it is best to avoid linking with subroutines that require it (exit,
 248:Generated_Source\PSoC4/Cm0Start.c **** * system).
 249:Generated_Source\PSoC4/Cm0Start.c **** *
 250:Generated_Source\PSoC4/Cm0Start.c **** * \param status: Status caused program exit.
 251:Generated_Source\PSoC4/Cm0Start.c **** *
 252:Generated_Source\PSoC4/Cm0Start.c **** *******************************************************************************/
 253:Generated_Source\PSoC4/Cm0Start.c **** __attribute__((weak))
 254:Generated_Source\PSoC4/Cm0Start.c **** void _exit(int status)
 255:Generated_Source\PSoC4/Cm0Start.c **** {
  67              		.loc 1 255 0
  68              		.cfi_startproc
  69              		@ args = 0, pretend = 0, frame = 8
  70              		@ frame_needed = 1, uses_anonymous_args = 0
  71 0000 80B5     		push	{r7, lr}
  72              		.cfi_def_cfa_offset 8
  73              		.cfi_offset 7, -8
  74              		.cfi_offset 14, -4
  75 0002 82B0     		sub	sp, sp, #8
  76              		.cfi_def_cfa_offset 16
  77 0004 00AF     		add	r7, sp, #0
  78              		.cfi_def_cfa_register 7
  79 0006 7860     		str	r0, [r7, #4]
 256:Generated_Source\PSoC4/Cm0Start.c ****     CyHalt((uint8) status);
  80              		.loc 1 256 0
  81 0008 7B68     		ldr	r3, [r7, #4]
  82 000a DBB2     		uxtb	r3, r3
  83 000c 1800     		movs	r0, r3
  84 000e FFF7FEFF 		bl	CyHalt
  85              	.L5:
 257:Generated_Source\PSoC4/Cm0Start.c **** 
ARM GAS  C:\Users\PC\AppData\Local\Temp\cc0V4Byo.s 			page 7


 258:Generated_Source\PSoC4/Cm0Start.c ****     while(1)
 259:Generated_Source\PSoC4/Cm0Start.c ****     {
 260:Generated_Source\PSoC4/Cm0Start.c **** 
 261:Generated_Source\PSoC4/Cm0Start.c ****     }
  86              		.loc 1 261 0 discriminator 1
  87 0012 FEE7     		b	.L5
  88              		.cfi_endproc
  89              	.LFE3:
  90              		.size	_exit, .-_exit
  91              		.section	.text._sbrk,"ax",%progbits
  92              		.align	2
  93              		.weak	_sbrk
  94              		.code	16
  95              		.thumb_func
  96              		.type	_sbrk, %function
  97              	_sbrk:
  98              	.LFB4:
 262:Generated_Source\PSoC4/Cm0Start.c **** }
 263:Generated_Source\PSoC4/Cm0Start.c **** 
 264:Generated_Source\PSoC4/Cm0Start.c **** 
 265:Generated_Source\PSoC4/Cm0Start.c **** /*******************************************************************************
 266:Generated_Source\PSoC4/Cm0Start.c **** * Function Name: _sbrk
 267:Generated_Source\PSoC4/Cm0Start.c **** ****************************************************************************//**
 268:Generated_Source\PSoC4/Cm0Start.c **** *
 269:Generated_Source\PSoC4/Cm0Start.c **** * Increase program data space. As malloc and related functions depend on this,
 270:Generated_Source\PSoC4/Cm0Start.c **** * it is useful to have a working implementation. The following suffices for a
 271:Generated_Source\PSoC4/Cm0Start.c **** * standalone system; it exploits the symbol end automatically defined by the
 272:Generated_Source\PSoC4/Cm0Start.c **** * GNU linker.
 273:Generated_Source\PSoC4/Cm0Start.c **** *
 274:Generated_Source\PSoC4/Cm0Start.c **** * \param nbytes: The number of bytes requested (if the parameter value is positive)
 275:Generated_Source\PSoC4/Cm0Start.c **** * from the heap or returned back to the heap (if the parameter value is
 276:Generated_Source\PSoC4/Cm0Start.c **** * negative).
 277:Generated_Source\PSoC4/Cm0Start.c **** *
 278:Generated_Source\PSoC4/Cm0Start.c **** *******************************************************************************/
 279:Generated_Source\PSoC4/Cm0Start.c **** __attribute__((weak))
 280:Generated_Source\PSoC4/Cm0Start.c **** void * _sbrk (int nbytes)
 281:Generated_Source\PSoC4/Cm0Start.c **** {
  99              		.loc 1 281 0
 100              		.cfi_startproc
 101              		@ args = 0, pretend = 0, frame = 16
 102              		@ frame_needed = 1, uses_anonymous_args = 0
 103 0000 80B5     		push	{r7, lr}
 104              		.cfi_def_cfa_offset 8
 105              		.cfi_offset 7, -8
 106              		.cfi_offset 14, -4
 107 0002 84B0     		sub	sp, sp, #16
 108              		.cfi_def_cfa_offset 24
 109 0004 00AF     		add	r7, sp, #0
 110              		.cfi_def_cfa_register 7
 111 0006 7860     		str	r0, [r7, #4]
 282:Generated_Source\PSoC4/Cm0Start.c ****     extern int  end;            /* Symbol defined by linker map. Start of free memory (as symbol). 
 283:Generated_Source\PSoC4/Cm0Start.c ****     void *      returnValue;
 284:Generated_Source\PSoC4/Cm0Start.c **** 
 285:Generated_Source\PSoC4/Cm0Start.c ****     /* The statically held previous end of the heap, with its initialization. */
 286:Generated_Source\PSoC4/Cm0Start.c ****     static void *heapPointer = (void *) &end;                 /* Previous end */
 287:Generated_Source\PSoC4/Cm0Start.c **** 
 288:Generated_Source\PSoC4/Cm0Start.c ****     if (((heapPointer + nbytes) - (void *) &end) <= CYDEV_HEAP_SIZE)
ARM GAS  C:\Users\PC\AppData\Local\Temp\cc0V4Byo.s 			page 8


 112              		.loc 1 288 0
 113 0008 0F4B     		ldr	r3, .L10
 114 000a 1A68     		ldr	r2, [r3]
 115 000c 7B68     		ldr	r3, [r7, #4]
 116 000e D318     		adds	r3, r2, r3
 117 0010 1A00     		movs	r2, r3
 118 0012 0E4B     		ldr	r3, .L10+4
 119 0014 D31A     		subs	r3, r2, r3
 120 0016 802B     		cmp	r3, #128
 121 0018 09DC     		bgt	.L7
 289:Generated_Source\PSoC4/Cm0Start.c ****     {
 290:Generated_Source\PSoC4/Cm0Start.c ****         returnValue  = heapPointer;
 122              		.loc 1 290 0
 123 001a 0B4B     		ldr	r3, .L10
 124 001c 1B68     		ldr	r3, [r3]
 125 001e FB60     		str	r3, [r7, #12]
 291:Generated_Source\PSoC4/Cm0Start.c ****         heapPointer += nbytes;
 126              		.loc 1 291 0
 127 0020 094B     		ldr	r3, .L10
 128 0022 1A68     		ldr	r2, [r3]
 129 0024 7B68     		ldr	r3, [r7, #4]
 130 0026 D218     		adds	r2, r2, r3
 131 0028 074B     		ldr	r3, .L10
 132 002a 1A60     		str	r2, [r3]
 133 002c 07E0     		b	.L8
 134              	.L7:
 292:Generated_Source\PSoC4/Cm0Start.c ****     }
 293:Generated_Source\PSoC4/Cm0Start.c ****     else
 294:Generated_Source\PSoC4/Cm0Start.c ****     {
 295:Generated_Source\PSoC4/Cm0Start.c ****         errno = ENOMEM;
 135              		.loc 1 295 0
 136 002e FFF7FEFF 		bl	__errno
 137 0032 0300     		movs	r3, r0
 138 0034 0C22     		movs	r2, #12
 139 0036 1A60     		str	r2, [r3]
 296:Generated_Source\PSoC4/Cm0Start.c ****         returnValue = (void *) -1;
 140              		.loc 1 296 0
 141 0038 0123     		movs	r3, #1
 142 003a 5B42     		rsbs	r3, r3, #0
 143 003c FB60     		str	r3, [r7, #12]
 144              	.L8:
 297:Generated_Source\PSoC4/Cm0Start.c ****     }
 298:Generated_Source\PSoC4/Cm0Start.c **** 
 299:Generated_Source\PSoC4/Cm0Start.c ****     return (returnValue);
 145              		.loc 1 299 0
 146 003e FB68     		ldr	r3, [r7, #12]
 300:Generated_Source\PSoC4/Cm0Start.c **** }
 147              		.loc 1 300 0
 148 0040 1800     		movs	r0, r3
 149 0042 BD46     		mov	sp, r7
 150 0044 04B0     		add	sp, sp, #16
 151              		@ sp needed
 152 0046 80BD     		pop	{r7, pc}
 153              	.L11:
 154              		.align	2
 155              	.L10:
 156 0048 00000000 		.word	heapPointer.4893
ARM GAS  C:\Users\PC\AppData\Local\Temp\cc0V4Byo.s 			page 9


 157 004c 00000000 		.word	end
 158              		.cfi_endproc
 159              	.LFE4:
 160              		.size	_sbrk, .-_sbrk
 161              		.section	.text.Start_c,"ax",%progbits
 162              		.align	2
 163              		.global	Start_c
 164              		.code	16
 165              		.thumb_func
 166              		.type	Start_c, %function
 167              	Start_c:
 168              	.LFB5:
 301:Generated_Source\PSoC4/Cm0Start.c **** 
 302:Generated_Source\PSoC4/Cm0Start.c **** 
 303:Generated_Source\PSoC4/Cm0Start.c **** /*******************************************************************************
 304:Generated_Source\PSoC4/Cm0Start.c **** * Function Name: Start_c
 305:Generated_Source\PSoC4/Cm0Start.c **** ****************************************************************************//**
 306:Generated_Source\PSoC4/Cm0Start.c **** *
 307:Generated_Source\PSoC4/Cm0Start.c **** * This function handles initializing the .data and .bss sections in
 308:Generated_Source\PSoC4/Cm0Start.c **** * preparation for running the standard c code.  Once initialization is complete
 309:Generated_Source\PSoC4/Cm0Start.c **** * it will call main().  This function will never return.
 310:Generated_Source\PSoC4/Cm0Start.c **** *
 311:Generated_Source\PSoC4/Cm0Start.c **** *******************************************************************************/
 312:Generated_Source\PSoC4/Cm0Start.c **** void Start_c(void)  __attribute__ ((noreturn, noinline));
 313:Generated_Source\PSoC4/Cm0Start.c **** void Start_c(void)
 314:Generated_Source\PSoC4/Cm0Start.c **** {
 169              		.loc 1 314 0
 170              		.cfi_startproc
 171              		@ args = 0, pretend = 0, frame = 24
 172              		@ frame_needed = 1, uses_anonymous_args = 0
 173 0000 80B5     		push	{r7, lr}
 174              		.cfi_def_cfa_offset 8
 175              		.cfi_offset 7, -8
 176              		.cfi_offset 14, -4
 177 0002 86B0     		sub	sp, sp, #24
 178              		.cfi_def_cfa_offset 32
 179 0004 00AF     		add	r7, sp, #0
 180              		.cfi_def_cfa_register 7
 315:Generated_Source\PSoC4/Cm0Start.c ****     #ifdef CY_BOOT_START_C_CALLBACK
 316:Generated_Source\PSoC4/Cm0Start.c ****         CyBoot_Start_c_Callback();
 317:Generated_Source\PSoC4/Cm0Start.c ****     #else
 318:Generated_Source\PSoC4/Cm0Start.c ****         unsigned regions = __cy_region_num;
 181              		.loc 1 318 0
 182 0006 224B     		ldr	r3, .L20
 183 0008 7B61     		str	r3, [r7, #20]
 319:Generated_Source\PSoC4/Cm0Start.c ****         const struct __cy_region *rptr = __cy_regions;
 184              		.loc 1 319 0
 185 000a 224B     		ldr	r3, .L20+4
 186 000c 3B61     		str	r3, [r7, #16]
 320:Generated_Source\PSoC4/Cm0Start.c **** 
 321:Generated_Source\PSoC4/Cm0Start.c ****         /* Initialize memory */
 322:Generated_Source\PSoC4/Cm0Start.c ****         for (regions = __cy_region_num; regions != 0u; regions--)
 187              		.loc 1 322 0
 188 000e 204B     		ldr	r3, .L20
 189 0010 7B61     		str	r3, [r7, #20]
 190 0012 35E0     		b	.L13
 191              	.L18:
ARM GAS  C:\Users\PC\AppData\Local\Temp\cc0V4Byo.s 			page 10


 192              	.LBB2:
 323:Generated_Source\PSoC4/Cm0Start.c ****         {
 324:Generated_Source\PSoC4/Cm0Start.c ****             uint32 *src = (uint32 *)rptr->init;
 193              		.loc 1 324 0
 194 0014 3B69     		ldr	r3, [r7, #16]
 195 0016 1B68     		ldr	r3, [r3]
 196 0018 FB60     		str	r3, [r7, #12]
 325:Generated_Source\PSoC4/Cm0Start.c ****             uint32 *dst = (uint32 *)rptr->data;
 197              		.loc 1 325 0
 198 001a 3B69     		ldr	r3, [r7, #16]
 199 001c 5B68     		ldr	r3, [r3, #4]
 200 001e BB60     		str	r3, [r7, #8]
 326:Generated_Source\PSoC4/Cm0Start.c ****             unsigned limit = rptr->init_size;
 201              		.loc 1 326 0
 202 0020 3B69     		ldr	r3, [r7, #16]
 203 0022 9B68     		ldr	r3, [r3, #8]
 204 0024 3B60     		str	r3, [r7]
 327:Generated_Source\PSoC4/Cm0Start.c ****             unsigned count;
 328:Generated_Source\PSoC4/Cm0Start.c **** 
 329:Generated_Source\PSoC4/Cm0Start.c ****             for (count = 0u; count != limit; count += sizeof (uint32))
 205              		.loc 1 329 0
 206 0026 0023     		movs	r3, #0
 207 0028 7B60     		str	r3, [r7, #4]
 208 002a 0CE0     		b	.L14
 209              	.L15:
 330:Generated_Source\PSoC4/Cm0Start.c ****             {
 331:Generated_Source\PSoC4/Cm0Start.c ****                 *dst = *src;
 210              		.loc 1 331 0 discriminator 3
 211 002c FB68     		ldr	r3, [r7, #12]
 212 002e 1A68     		ldr	r2, [r3]
 213 0030 BB68     		ldr	r3, [r7, #8]
 214 0032 1A60     		str	r2, [r3]
 332:Generated_Source\PSoC4/Cm0Start.c ****                 dst++;
 215              		.loc 1 332 0 discriminator 3
 216 0034 BB68     		ldr	r3, [r7, #8]
 217 0036 0433     		adds	r3, r3, #4
 218 0038 BB60     		str	r3, [r7, #8]
 333:Generated_Source\PSoC4/Cm0Start.c ****                 src++;
 219              		.loc 1 333 0 discriminator 3
 220 003a FB68     		ldr	r3, [r7, #12]
 221 003c 0433     		adds	r3, r3, #4
 222 003e FB60     		str	r3, [r7, #12]
 329:Generated_Source\PSoC4/Cm0Start.c ****             {
 223              		.loc 1 329 0 discriminator 3
 224 0040 7B68     		ldr	r3, [r7, #4]
 225 0042 0433     		adds	r3, r3, #4
 226 0044 7B60     		str	r3, [r7, #4]
 227              	.L14:
 329:Generated_Source\PSoC4/Cm0Start.c ****             {
 228              		.loc 1 329 0 is_stmt 0 discriminator 1
 229 0046 7A68     		ldr	r2, [r7, #4]
 230 0048 3B68     		ldr	r3, [r7]
 231 004a 9A42     		cmp	r2, r3
 232 004c EED1     		bne	.L15
 334:Generated_Source\PSoC4/Cm0Start.c ****             }
 335:Generated_Source\PSoC4/Cm0Start.c ****             limit = rptr->zero_size;
 233              		.loc 1 335 0 is_stmt 1
ARM GAS  C:\Users\PC\AppData\Local\Temp\cc0V4Byo.s 			page 11


 234 004e 3B69     		ldr	r3, [r7, #16]
 235 0050 DB68     		ldr	r3, [r3, #12]
 236 0052 3B60     		str	r3, [r7]
 336:Generated_Source\PSoC4/Cm0Start.c ****             for (count = 0u; count != limit; count += sizeof (uint32))
 237              		.loc 1 336 0
 238 0054 0023     		movs	r3, #0
 239 0056 7B60     		str	r3, [r7, #4]
 240 0058 08E0     		b	.L16
 241              	.L17:
 337:Generated_Source\PSoC4/Cm0Start.c ****             {
 338:Generated_Source\PSoC4/Cm0Start.c ****                 *dst = 0u;
 242              		.loc 1 338 0 discriminator 3
 243 005a BB68     		ldr	r3, [r7, #8]
 244 005c 0022     		movs	r2, #0
 245 005e 1A60     		str	r2, [r3]
 339:Generated_Source\PSoC4/Cm0Start.c ****                 dst++;
 246              		.loc 1 339 0 discriminator 3
 247 0060 BB68     		ldr	r3, [r7, #8]
 248 0062 0433     		adds	r3, r3, #4
 249 0064 BB60     		str	r3, [r7, #8]
 336:Generated_Source\PSoC4/Cm0Start.c ****             for (count = 0u; count != limit; count += sizeof (uint32))
 250              		.loc 1 336 0 discriminator 3
 251 0066 7B68     		ldr	r3, [r7, #4]
 252 0068 0433     		adds	r3, r3, #4
 253 006a 7B60     		str	r3, [r7, #4]
 254              	.L16:
 336:Generated_Source\PSoC4/Cm0Start.c ****             for (count = 0u; count != limit; count += sizeof (uint32))
 255              		.loc 1 336 0 is_stmt 0 discriminator 1
 256 006c 7A68     		ldr	r2, [r7, #4]
 257 006e 3B68     		ldr	r3, [r7]
 258 0070 9A42     		cmp	r2, r3
 259 0072 F2D1     		bne	.L17
 340:Generated_Source\PSoC4/Cm0Start.c ****             }
 341:Generated_Source\PSoC4/Cm0Start.c **** 
 342:Generated_Source\PSoC4/Cm0Start.c ****             rptr++;
 260              		.loc 1 342 0 is_stmt 1 discriminator 2
 261 0074 3B69     		ldr	r3, [r7, #16]
 262 0076 1033     		adds	r3, r3, #16
 263 0078 3B61     		str	r3, [r7, #16]
 264              	.LBE2:
 322:Generated_Source\PSoC4/Cm0Start.c ****         {
 265              		.loc 1 322 0 discriminator 2
 266 007a 7B69     		ldr	r3, [r7, #20]
 267 007c 013B     		subs	r3, r3, #1
 268 007e 7B61     		str	r3, [r7, #20]
 269              	.L13:
 322:Generated_Source\PSoC4/Cm0Start.c ****         {
 270              		.loc 1 322 0 is_stmt 0 discriminator 1
 271 0080 7B69     		ldr	r3, [r7, #20]
 272 0082 002B     		cmp	r3, #0
 273 0084 C6D1     		bne	.L18
 343:Generated_Source\PSoC4/Cm0Start.c ****         }
 344:Generated_Source\PSoC4/Cm0Start.c **** 
 345:Generated_Source\PSoC4/Cm0Start.c ****         /* Invoke static objects constructors */
 346:Generated_Source\PSoC4/Cm0Start.c ****         __libc_init_array();
 274              		.loc 1 346 0 is_stmt 1
 275 0086 FFF7FEFF 		bl	__libc_init_array
ARM GAS  C:\Users\PC\AppData\Local\Temp\cc0V4Byo.s 			page 12


 347:Generated_Source\PSoC4/Cm0Start.c ****         (void) main();
 276              		.loc 1 347 0
 277 008a FFF7FEFF 		bl	main
 278              	.L19:
 348:Generated_Source\PSoC4/Cm0Start.c **** 
 349:Generated_Source\PSoC4/Cm0Start.c ****         while (1)
 350:Generated_Source\PSoC4/Cm0Start.c ****         {
 351:Generated_Source\PSoC4/Cm0Start.c ****             /* If main returns, make sure we don't return. */
 352:Generated_Source\PSoC4/Cm0Start.c ****         }
 279              		.loc 1 352 0 discriminator 1
 280 008e FEE7     		b	.L19
 281              	.L21:
 282              		.align	2
 283              	.L20:
 284 0090 00000000 		.word	__cy_region_num
 285 0094 00000000 		.word	__cy_regions
 286              		.cfi_endproc
 287              	.LFE5:
 288              		.size	Start_c, .-Start_c
 289              		.section	.text.Reset,"ax",%progbits
 290              		.align	2
 291              		.global	Reset
 292              		.code	16
 293              		.thumb_func
 294              		.type	Reset, %function
 295              	Reset:
 296              	.LFB6:
 353:Generated_Source\PSoC4/Cm0Start.c **** 
 354:Generated_Source\PSoC4/Cm0Start.c ****     #endif /* CY_BOOT_START_C_CALLBACK */
 355:Generated_Source\PSoC4/Cm0Start.c **** }
 356:Generated_Source\PSoC4/Cm0Start.c **** 
 357:Generated_Source\PSoC4/Cm0Start.c **** 
 358:Generated_Source\PSoC4/Cm0Start.c **** /*******************************************************************************
 359:Generated_Source\PSoC4/Cm0Start.c **** * Function Name: Reset
 360:Generated_Source\PSoC4/Cm0Start.c **** ****************************************************************************//**
 361:Generated_Source\PSoC4/Cm0Start.c **** *
 362:Generated_Source\PSoC4/Cm0Start.c **** * This function handles the reset interrupt for the GCC toolchain.  This is
 363:Generated_Source\PSoC4/Cm0Start.c **** * the first bit of code that is executed at startup.
 364:Generated_Source\PSoC4/Cm0Start.c **** *
 365:Generated_Source\PSoC4/Cm0Start.c **** *******************************************************************************/
 366:Generated_Source\PSoC4/Cm0Start.c **** void Reset(void)
 367:Generated_Source\PSoC4/Cm0Start.c **** {
 297              		.loc 1 367 0
 298              		.cfi_startproc
 299              		@ args = 0, pretend = 0, frame = 0
 300              		@ frame_needed = 1, uses_anonymous_args = 0
 301 0000 80B5     		push	{r7, lr}
 302              		.cfi_def_cfa_offset 8
 303              		.cfi_offset 7, -8
 304              		.cfi_offset 14, -4
 305 0002 00AF     		add	r7, sp, #0
 306              		.cfi_def_cfa_register 7
 368:Generated_Source\PSoC4/Cm0Start.c ****     #if (CYDEV_PROJ_TYPE == CYDEV_PROJ_TYPE_LOADABLE || CYDEV_PROJ_TYPE == CYDEV_PROJ_TYPE_LOADABLE
 369:Generated_Source\PSoC4/Cm0Start.c **** 
 370:Generated_Source\PSoC4/Cm0Start.c ****         /* The bootloadable application image is started at Reset() handler
 371:Generated_Source\PSoC4/Cm0Start.c ****         * as a result of a branch instruction execution from the bootloader.
 372:Generated_Source\PSoC4/Cm0Start.c ****         * So, the stack pointer needs to be reset to be sure that
ARM GAS  C:\Users\PC\AppData\Local\Temp\cc0V4Byo.s 			page 13


 373:Generated_Source\PSoC4/Cm0Start.c ****         * there is no garbage in the stack.
 374:Generated_Source\PSoC4/Cm0Start.c ****         */
 375:Generated_Source\PSoC4/Cm0Start.c ****         __asm volatile ("MSR msp, %0\n" : : "r" ((uint32)&__cy_stack) : "sp");
 376:Generated_Source\PSoC4/Cm0Start.c ****     #endif /* CYDEV_PROJ_TYPE_LOADABLE */
 377:Generated_Source\PSoC4/Cm0Start.c **** 
 378:Generated_Source\PSoC4/Cm0Start.c ****     #if(CY_IP_SRSSLT)
 379:Generated_Source\PSoC4/Cm0Start.c ****         CySysWdtDisable();
 380:Generated_Source\PSoC4/Cm0Start.c ****     #endif  /* (CY_IP_SRSSLT) */
 381:Generated_Source\PSoC4/Cm0Start.c **** 
 382:Generated_Source\PSoC4/Cm0Start.c ****     #if ((CYDEV_BOOTLOADER_ENABLE) && (CYDEV_PROJ_TYPE != CYDEV_PROJ_TYPE_LOADABLEANDBOOTLOADER))
 383:Generated_Source\PSoC4/Cm0Start.c ****         CyBtldr_CheckLaunch();
 384:Generated_Source\PSoC4/Cm0Start.c ****     #endif /* ((CYDEV_BOOTLOADER_ENABLE) && (CYDEV_PROJ_TYPE != CYDEV_PROJ_TYPE_LOADABLEANDBOOTLOAD
 385:Generated_Source\PSoC4/Cm0Start.c ****     Start_c();
 307              		.loc 1 385 0
 308 0004 FFF7FEFF 		bl	Start_c
 309              		.cfi_endproc
 310              	.LFE6:
 311              		.size	Reset, .-Reset
 312              		.global	CyRamVectors
 313              		.section	.ramvectors,"aw",%progbits
 314              		.align	2
 315              		.type	CyRamVectors, %object
 316              		.size	CyRamVectors, 192
 317              	CyRamVectors:
 318 0000 00000000 		.space	192
 318      00000000 
 318      00000000 
 318      00000000 
 318      00000000 
 319              		.global	RomVectors
 320              		.section	.romvectors,"a",%progbits
 321              		.align	2
 322              		.type	RomVectors, %object
 323              		.size	RomVectors, 16
 324              	RomVectors:
 325 0000 00000000 		.word	__cy_stack
 326 0004 00000000 		.word	Reset
 327 0008 00000000 		.word	IntDefaultHandler
 328 000c 00000000 		.word	IntDefaultHandler
 329              		.section	.text.initialize_psoc,"ax",%progbits
 330              		.align	2
 331              		.global	initialize_psoc
 332              		.code	16
 333              		.thumb_func
 334              		.type	initialize_psoc, %function
 335              	initialize_psoc:
 336              	.LFB7:
 386:Generated_Source\PSoC4/Cm0Start.c **** }
 387:Generated_Source\PSoC4/Cm0Start.c **** 
 388:Generated_Source\PSoC4/Cm0Start.c **** #elif defined (__ICCARM__)
 389:Generated_Source\PSoC4/Cm0Start.c **** 
 390:Generated_Source\PSoC4/Cm0Start.c **** 
 391:Generated_Source\PSoC4/Cm0Start.c **** /*******************************************************************************
 392:Generated_Source\PSoC4/Cm0Start.c **** * Function Name: __low_level_init
 393:Generated_Source\PSoC4/Cm0Start.c **** ****************************************************************************//**
 394:Generated_Source\PSoC4/Cm0Start.c **** *
 395:Generated_Source\PSoC4/Cm0Start.c **** * This function performs early initializations for the IAR Embedded
ARM GAS  C:\Users\PC\AppData\Local\Temp\cc0V4Byo.s 			page 14


 396:Generated_Source\PSoC4/Cm0Start.c **** * Workbench IDE. It is executed in the context of reset interrupt handler
 397:Generated_Source\PSoC4/Cm0Start.c **** * before the data sections are initialized.
 398:Generated_Source\PSoC4/Cm0Start.c **** *
 399:Generated_Source\PSoC4/Cm0Start.c **** * \return The value that determines whether or not data sections should be
 400:Generated_Source\PSoC4/Cm0Start.c **** * initialized by the system startup code:
 401:Generated_Source\PSoC4/Cm0Start.c **** *    0 - skip data sections initialization;
 402:Generated_Source\PSoC4/Cm0Start.c **** *    1 - initialize data sections;
 403:Generated_Source\PSoC4/Cm0Start.c **** *
 404:Generated_Source\PSoC4/Cm0Start.c **** *******************************************************************************/
 405:Generated_Source\PSoC4/Cm0Start.c **** #pragma inline = never
 406:Generated_Source\PSoC4/Cm0Start.c **** int __low_level_init(void)
 407:Generated_Source\PSoC4/Cm0Start.c **** {
 408:Generated_Source\PSoC4/Cm0Start.c ****     #if(CY_IP_SRSSLT)
 409:Generated_Source\PSoC4/Cm0Start.c ****         CySysWdtDisable();
 410:Generated_Source\PSoC4/Cm0Start.c ****     #endif  /* (CY_IP_SRSSLT) */
 411:Generated_Source\PSoC4/Cm0Start.c **** 
 412:Generated_Source\PSoC4/Cm0Start.c **** #if ((CYDEV_BOOTLOADER_ENABLE) && (CYDEV_PROJ_TYPE != CYDEV_PROJ_TYPE_LOADABLEANDBOOTLOADER))
 413:Generated_Source\PSoC4/Cm0Start.c ****     CyBtldr_CheckLaunch();
 414:Generated_Source\PSoC4/Cm0Start.c **** #endif /* ((CYDEV_BOOTLOADER_ENABLE) && (CYDEV_PROJ_TYPE != CYDEV_PROJ_TYPE_LOADABLEANDBOOTLOADER))
 415:Generated_Source\PSoC4/Cm0Start.c **** 
 416:Generated_Source\PSoC4/Cm0Start.c ****     /* Initialize data sections */
 417:Generated_Source\PSoC4/Cm0Start.c ****     __iar_data_init3();
 418:Generated_Source\PSoC4/Cm0Start.c **** 
 419:Generated_Source\PSoC4/Cm0Start.c ****     initialize_psoc();
 420:Generated_Source\PSoC4/Cm0Start.c **** 
 421:Generated_Source\PSoC4/Cm0Start.c ****     return 0;
 422:Generated_Source\PSoC4/Cm0Start.c **** }
 423:Generated_Source\PSoC4/Cm0Start.c **** 
 424:Generated_Source\PSoC4/Cm0Start.c **** #endif /* __GNUC__ */
 425:Generated_Source\PSoC4/Cm0Start.c **** 
 426:Generated_Source\PSoC4/Cm0Start.c **** 
 427:Generated_Source\PSoC4/Cm0Start.c **** /*******************************************************************************
 428:Generated_Source\PSoC4/Cm0Start.c **** * Ram Interrupt Vector table storage area. Must be placed at 0x20000000.
 429:Generated_Source\PSoC4/Cm0Start.c **** *******************************************************************************/
 430:Generated_Source\PSoC4/Cm0Start.c **** 
 431:Generated_Source\PSoC4/Cm0Start.c **** #if defined (__ICCARM__)
 432:Generated_Source\PSoC4/Cm0Start.c ****     #pragma location=".ramvectors"
 433:Generated_Source\PSoC4/Cm0Start.c **** #elif defined (__ARMCC_VERSION)
 434:Generated_Source\PSoC4/Cm0Start.c ****     #ifndef CY_SYS_RAM_VECTOR_SECTION
 435:Generated_Source\PSoC4/Cm0Start.c ****         #define CY_SYS_RAM_VECTOR_SECTION __attribute__((section(".ramvectors"), zero_init))
 436:Generated_Source\PSoC4/Cm0Start.c ****     #endif /* CY_SYS_RAM_VECTOR_SECTION */
 437:Generated_Source\PSoC4/Cm0Start.c ****     CY_SYS_RAM_VECTOR_SECTION    
 438:Generated_Source\PSoC4/Cm0Start.c **** #else
 439:Generated_Source\PSoC4/Cm0Start.c ****     #ifndef CY_SYS_RAM_VECTOR_SECTION
 440:Generated_Source\PSoC4/Cm0Start.c ****         #define CY_SYS_RAM_VECTOR_SECTION CY_SECTION(".ramvectors")
 441:Generated_Source\PSoC4/Cm0Start.c ****     #endif /* CY_SYS_RAM_VECTOR_SECTION */
 442:Generated_Source\PSoC4/Cm0Start.c ****     CY_SYS_RAM_VECTOR_SECTION
 443:Generated_Source\PSoC4/Cm0Start.c **** #endif  /* defined (__ICCARM__) */
 444:Generated_Source\PSoC4/Cm0Start.c **** cyisraddress CyRamVectors[CY_NUM_VECTORS];
 445:Generated_Source\PSoC4/Cm0Start.c **** 
 446:Generated_Source\PSoC4/Cm0Start.c **** 
 447:Generated_Source\PSoC4/Cm0Start.c **** /*******************************************************************************
 448:Generated_Source\PSoC4/Cm0Start.c **** * Rom Interrupt Vector table storage area. Must be 256-byte aligned.
 449:Generated_Source\PSoC4/Cm0Start.c **** *******************************************************************************/
 450:Generated_Source\PSoC4/Cm0Start.c **** 
 451:Generated_Source\PSoC4/Cm0Start.c **** #if defined(__ARMCC_VERSION)
 452:Generated_Source\PSoC4/Cm0Start.c ****     /* Suppress diagnostic message 1296-D: extended constant initialiser used */
ARM GAS  C:\Users\PC\AppData\Local\Temp\cc0V4Byo.s 			page 15


 453:Generated_Source\PSoC4/Cm0Start.c ****     #pragma diag_suppress 1296
 454:Generated_Source\PSoC4/Cm0Start.c **** #endif  /* defined(__ARMCC_VERSION) */
 455:Generated_Source\PSoC4/Cm0Start.c **** 
 456:Generated_Source\PSoC4/Cm0Start.c **** #if defined (__ICCARM__)
 457:Generated_Source\PSoC4/Cm0Start.c ****     #pragma location=".romvectors"
 458:Generated_Source\PSoC4/Cm0Start.c ****     const intvec_elem __vector_table[CY_NUM_ROM_VECTORS] =
 459:Generated_Source\PSoC4/Cm0Start.c **** #else
 460:Generated_Source\PSoC4/Cm0Start.c ****     #ifndef CY_SYS_ROM_VECTOR_SECTION
 461:Generated_Source\PSoC4/Cm0Start.c ****         #define CY_SYS_ROM_VECTOR_SECTION CY_SECTION(".romvectors")
 462:Generated_Source\PSoC4/Cm0Start.c ****     #endif /* CY_SYS_ROM_VECTOR_SECTION */
 463:Generated_Source\PSoC4/Cm0Start.c ****     CY_SYS_ROM_VECTOR_SECTION
 464:Generated_Source\PSoC4/Cm0Start.c ****     const cyisraddress RomVectors[CY_NUM_ROM_VECTORS] =
 465:Generated_Source\PSoC4/Cm0Start.c **** #endif  /* defined (__ICCARM__) */
 466:Generated_Source\PSoC4/Cm0Start.c **** {
 467:Generated_Source\PSoC4/Cm0Start.c ****     CY_SYS_INITIAL_STACK_POINTER,   /* The initial stack pointer  0 */
 468:Generated_Source\PSoC4/Cm0Start.c ****     #if defined (__ICCARM__) /* The reset handler          1 */
 469:Generated_Source\PSoC4/Cm0Start.c ****         __iar_program_start,
 470:Generated_Source\PSoC4/Cm0Start.c ****     #else
 471:Generated_Source\PSoC4/Cm0Start.c ****         (cyisraddress)&Reset,
 472:Generated_Source\PSoC4/Cm0Start.c ****     #endif  /* defined (__ICCARM__) */
 473:Generated_Source\PSoC4/Cm0Start.c ****     &IntDefaultHandler,      /* The NMI handler            2 */
 474:Generated_Source\PSoC4/Cm0Start.c ****     &IntDefaultHandler,      /* The hard fault handler     3 */
 475:Generated_Source\PSoC4/Cm0Start.c **** };
 476:Generated_Source\PSoC4/Cm0Start.c **** 
 477:Generated_Source\PSoC4/Cm0Start.c **** #if defined(__ARMCC_VERSION)
 478:Generated_Source\PSoC4/Cm0Start.c ****     #pragma diag_default 1296
 479:Generated_Source\PSoC4/Cm0Start.c **** #endif  /* defined(__ARMCC_VERSION) */
 480:Generated_Source\PSoC4/Cm0Start.c **** 
 481:Generated_Source\PSoC4/Cm0Start.c **** 
 482:Generated_Source\PSoC4/Cm0Start.c **** /*******************************************************************************
 483:Generated_Source\PSoC4/Cm0Start.c **** * Function Name: initialize_psoc
 484:Generated_Source\PSoC4/Cm0Start.c **** ****************************************************************************//**
 485:Generated_Source\PSoC4/Cm0Start.c **** *
 486:Generated_Source\PSoC4/Cm0Start.c **** * This function is used to initialize the PSoC chip before calling main.
 487:Generated_Source\PSoC4/Cm0Start.c **** *
 488:Generated_Source\PSoC4/Cm0Start.c **** *******************************************************************************/
 489:Generated_Source\PSoC4/Cm0Start.c **** #if(defined(__GNUC__) && !defined(__ARMCC_VERSION))
 490:Generated_Source\PSoC4/Cm0Start.c **** __attribute__ ((constructor(101)))
 491:Generated_Source\PSoC4/Cm0Start.c **** #endif  /* (defined(__GNUC__) && !defined(__ARMCC_VERSION)) */
 492:Generated_Source\PSoC4/Cm0Start.c **** void initialize_psoc(void)
 493:Generated_Source\PSoC4/Cm0Start.c **** {
 337              		.loc 1 493 0
 338              		.cfi_startproc
 339              		@ args = 0, pretend = 0, frame = 8
 340              		@ frame_needed = 1, uses_anonymous_args = 0
 341 0000 80B5     		push	{r7, lr}
 342              		.cfi_def_cfa_offset 8
 343              		.cfi_offset 7, -8
 344              		.cfi_offset 14, -4
 345 0002 82B0     		sub	sp, sp, #8
 346              		.cfi_def_cfa_offset 16
 347 0004 00AF     		add	r7, sp, #0
 348              		.cfi_def_cfa_register 7
 494:Generated_Source\PSoC4/Cm0Start.c ****     uint32 indexInit;
 495:Generated_Source\PSoC4/Cm0Start.c **** 
 496:Generated_Source\PSoC4/Cm0Start.c ****     #if(CY_IP_CPUSSV2)
 497:Generated_Source\PSoC4/Cm0Start.c ****         #if (CY_IP_CPUSS_CM0)
ARM GAS  C:\Users\PC\AppData\Local\Temp\cc0V4Byo.s 			page 16


 498:Generated_Source\PSoC4/Cm0Start.c ****             /***********************************************************************
 499:Generated_Source\PSoC4/Cm0Start.c ****             * Make sure that Vector Table is located at 0000_0000 in Flash, before
 500:Generated_Source\PSoC4/Cm0Start.c ****             * accessing RomVectors or calling functions that may be placed in
 501:Generated_Source\PSoC4/Cm0Start.c ****             * .psocinit (cyfitter_cfg and ClockSetup). Note The CY_CPUSS_CONFIG_REG
 502:Generated_Source\PSoC4/Cm0Start.c ****             * register is retention for the specified device family.
 503:Generated_Source\PSoC4/Cm0Start.c ****             ***********************************************************************/
 504:Generated_Source\PSoC4/Cm0Start.c ****             CY_CPUSS_CONFIG_REG &= (uint32) ~CY_CPUSS_CONFIG_VECT_IN_RAM;
 349              		.loc 1 504 0
 350 0006 154B     		ldr	r3, .L28
 351 0008 144A     		ldr	r2, .L28
 352 000a 1268     		ldr	r2, [r2]
 353 000c 0121     		movs	r1, #1
 354 000e 8A43     		bics	r2, r1
 355 0010 1A60     		str	r2, [r3]
 505:Generated_Source\PSoC4/Cm0Start.c ****         #endif /* (CY_IP_CPUSS_CM0) */
 506:Generated_Source\PSoC4/Cm0Start.c ****     #endif  /* (CY_IP_CPUSSV2) */
 507:Generated_Source\PSoC4/Cm0Start.c **** 
 508:Generated_Source\PSoC4/Cm0Start.c ****     /* Set Ram interrupt vectors to default functions. */
 509:Generated_Source\PSoC4/Cm0Start.c ****     for (indexInit = 0u; indexInit < CY_NUM_VECTORS; indexInit++)
 356              		.loc 1 509 0
 357 0012 0023     		movs	r3, #0
 358 0014 7B60     		str	r3, [r7, #4]
 359 0016 0FE0     		b	.L24
 360              	.L27:
 510:Generated_Source\PSoC4/Cm0Start.c ****     {
 511:Generated_Source\PSoC4/Cm0Start.c ****         CyRamVectors[indexInit] = (indexInit < CY_NUM_ROM_VECTORS) ?
 512:Generated_Source\PSoC4/Cm0Start.c ****             #if defined (__ICCARM__)
 513:Generated_Source\PSoC4/Cm0Start.c ****                 __vector_table[indexInit].__fun : &IntDefaultHandler;
 514:Generated_Source\PSoC4/Cm0Start.c ****             #else
 515:Generated_Source\PSoC4/Cm0Start.c ****                 RomVectors[indexInit] : &IntDefaultHandler;
 361              		.loc 1 515 0
 362 0018 7B68     		ldr	r3, [r7, #4]
 363 001a 032B     		cmp	r3, #3
 364 001c 04D8     		bhi	.L25
 365              		.loc 1 515 0 is_stmt 0 discriminator 1
 366 001e 104B     		ldr	r3, .L28+4
 367 0020 7A68     		ldr	r2, [r7, #4]
 368 0022 9200     		lsls	r2, r2, #2
 369 0024 D358     		ldr	r3, [r2, r3]
 370 0026 00E0     		b	.L26
 371              	.L25:
 372              		.loc 1 515 0 discriminator 2
 373 0028 0E4B     		ldr	r3, .L28+8
 374              	.L26:
 511:Generated_Source\PSoC4/Cm0Start.c ****             #if defined (__ICCARM__)
 375              		.loc 1 511 0 is_stmt 1 discriminator 2
 376 002a 0F4A     		ldr	r2, .L28+12
 377 002c 7968     		ldr	r1, [r7, #4]
 378 002e 8900     		lsls	r1, r1, #2
 379 0030 8B50     		str	r3, [r1, r2]
 509:Generated_Source\PSoC4/Cm0Start.c ****     {
 380              		.loc 1 509 0 discriminator 2
 381 0032 7B68     		ldr	r3, [r7, #4]
 382 0034 0133     		adds	r3, r3, #1
 383 0036 7B60     		str	r3, [r7, #4]
 384              	.L24:
 509:Generated_Source\PSoC4/Cm0Start.c ****     {
ARM GAS  C:\Users\PC\AppData\Local\Temp\cc0V4Byo.s 			page 17


 385              		.loc 1 509 0 is_stmt 0 discriminator 1
 386 0038 7B68     		ldr	r3, [r7, #4]
 387 003a 2F2B     		cmp	r3, #47
 388 003c ECD9     		bls	.L27
 516:Generated_Source\PSoC4/Cm0Start.c ****             #endif  /* defined (__ICCARM__) */
 517:Generated_Source\PSoC4/Cm0Start.c ****     }
 518:Generated_Source\PSoC4/Cm0Start.c **** 
 519:Generated_Source\PSoC4/Cm0Start.c ****     /* Initialize configuration registers. */
 520:Generated_Source\PSoC4/Cm0Start.c ****     cyfitter_cfg();
 389              		.loc 1 520 0 is_stmt 1
 390 003e FFF7FEFF 		bl	cyfitter_cfg
 521:Generated_Source\PSoC4/Cm0Start.c **** 
 522:Generated_Source\PSoC4/Cm0Start.c ****     #if !defined (__ICCARM__)
 523:Generated_Source\PSoC4/Cm0Start.c ****         /* Actually, no need to clean this variable, just to make compiler happy. */
 524:Generated_Source\PSoC4/Cm0Start.c ****         cySysNoInitDataValid = 0u;
 391              		.loc 1 524 0
 392 0042 0A4B     		ldr	r3, .L28+16
 393 0044 0022     		movs	r2, #0
 394 0046 1A60     		str	r2, [r3]
 525:Generated_Source\PSoC4/Cm0Start.c ****     #endif  /* !defined (__ICCARM__) */
 526:Generated_Source\PSoC4/Cm0Start.c **** 
 527:Generated_Source\PSoC4/Cm0Start.c ****     #if (CYDEV_PROJ_TYPE != CYDEV_PROJ_TYPE_STANDARD)
 528:Generated_Source\PSoC4/Cm0Start.c **** 
 529:Generated_Source\PSoC4/Cm0Start.c ****         /* Need to make sure that this variable will not be optimized out */
 530:Generated_Source\PSoC4/Cm0Start.c ****         if (0u == cyBtldrRunType)
 531:Generated_Source\PSoC4/Cm0Start.c ****         {
 532:Generated_Source\PSoC4/Cm0Start.c ****             cyBtldrRunType = 0u;
 533:Generated_Source\PSoC4/Cm0Start.c ****         }
 534:Generated_Source\PSoC4/Cm0Start.c **** 
 535:Generated_Source\PSoC4/Cm0Start.c ****     #endif  /* (CYDEV_PROJ_TYPE != CYDEV_PROJ_TYPE_STANDARD) */
 536:Generated_Source\PSoC4/Cm0Start.c **** 
 537:Generated_Source\PSoC4/Cm0Start.c ****     #if (CY_IP_CPUSS_CM0)
 538:Generated_Source\PSoC4/Cm0Start.c ****         /* Vector Table is located at 0x2000:0000 in SRAM */
 539:Generated_Source\PSoC4/Cm0Start.c ****         CY_CPUSS_CONFIG_REG |= CY_CPUSS_CONFIG_VECT_IN_RAM;
 395              		.loc 1 539 0
 396 0048 044B     		ldr	r3, .L28
 397 004a 044A     		ldr	r2, .L28
 398 004c 1268     		ldr	r2, [r2]
 399 004e 0121     		movs	r1, #1
 400 0050 0A43     		orrs	r2, r1
 401 0052 1A60     		str	r2, [r3]
 540:Generated_Source\PSoC4/Cm0Start.c **** 	#else
 541:Generated_Source\PSoC4/Cm0Start.c **** 		(*(uint32 *)CYREG_CM0P_VTOR) = CY_CPUSS_CONFIG_VECT_ADDR_IN_RAM;
 542:Generated_Source\PSoC4/Cm0Start.c ****     #endif /* (CY_IP_CPUSS_CM0) */
 543:Generated_Source\PSoC4/Cm0Start.c **** }
 402              		.loc 1 543 0
 403 0054 C046     		nop
 404 0056 BD46     		mov	sp, r7
 405 0058 02B0     		add	sp, sp, #8
 406              		@ sp needed
 407 005a 80BD     		pop	{r7, pc}
 408              	.L29:
 409              		.align	2
 410              	.L28:
 411 005c 00001040 		.word	1074790400
 412 0060 00000000 		.word	RomVectors
 413 0064 00000000 		.word	IntDefaultHandler
ARM GAS  C:\Users\PC\AppData\Local\Temp\cc0V4Byo.s 			page 18


 414 0068 00000000 		.word	CyRamVectors
 415 006c 00000000 		.word	cySysNoInitDataValid
 416              		.cfi_endproc
 417              	.LFE7:
 418              		.size	initialize_psoc, .-initialize_psoc
 419              		.section	.init_array,"aw",%init_array
 420              		.align	2
 421 0000 00000000 		.word	initialize_psoc(target1)
 422              		.data
 423              		.align	2
 424              		.type	heapPointer.4893, %object
 425              		.size	heapPointer.4893, 4
 426              	heapPointer.4893:
 427 0000 00000000 		.word	end
 428              		.weak	__cy_region_num
 429              		.text
 430              	.Letext0:
 431              		.file 2 "c:\\program files (x86)\\cypress\\psoc creator\\4.4\\psoc creator\\import\\gnu\\arm\\5.4.
 432              		.file 3 "Generated_Source\\PSoC4\\cytypes.h"
 433              		.section	.debug_info,"",%progbits
 434              	.Ldebug_info0:
 435 0000 08030000 		.4byte	0x308
 436 0004 0400     		.2byte	0x4
 437 0006 00000000 		.4byte	.Ldebug_abbrev0
 438 000a 04       		.byte	0x4
 439 000b 01       		.uleb128 0x1
 440 000c F6000000 		.4byte	.LASF41
 441 0010 0C       		.byte	0xc
 442 0011 B9010000 		.4byte	.LASF42
 443 0015 63000000 		.4byte	.LASF43
 444 0019 00000000 		.4byte	.Ldebug_ranges0+0
 445 001d 00000000 		.4byte	0
 446 0021 00000000 		.4byte	.Ldebug_line0
 447 0025 02       		.uleb128 0x2
 448 0026 01       		.byte	0x1
 449 0027 06       		.byte	0x6
 450 0028 79020000 		.4byte	.LASF0
 451 002c 02       		.uleb128 0x2
 452 002d 01       		.byte	0x1
 453 002e 08       		.byte	0x8
 454 002f 9E000000 		.4byte	.LASF1
 455 0033 02       		.uleb128 0x2
 456 0034 02       		.byte	0x2
 457 0035 05       		.byte	0x5
 458 0036 5A020000 		.4byte	.LASF2
 459 003a 02       		.uleb128 0x2
 460 003b 02       		.byte	0x2
 461 003c 07       		.byte	0x7
 462 003d 34000000 		.4byte	.LASF3
 463 0041 02       		.uleb128 0x2
 464 0042 04       		.byte	0x4
 465 0043 05       		.byte	0x5
 466 0044 64020000 		.4byte	.LASF4
 467 0048 02       		.uleb128 0x2
 468 0049 04       		.byte	0x4
 469 004a 07       		.byte	0x7
 470 004b C3000000 		.4byte	.LASF5
ARM GAS  C:\Users\PC\AppData\Local\Temp\cc0V4Byo.s 			page 19


 471 004f 02       		.uleb128 0x2
 472 0050 08       		.byte	0x8
 473 0051 05       		.byte	0x5
 474 0052 47020000 		.4byte	.LASF6
 475 0056 02       		.uleb128 0x2
 476 0057 08       		.byte	0x8
 477 0058 07       		.byte	0x7
 478 0059 F9010000 		.4byte	.LASF7
 479 005d 03       		.uleb128 0x3
 480 005e 04       		.byte	0x4
 481 005f 05       		.byte	0x5
 482 0060 696E7400 		.ascii	"int\000"
 483 0064 02       		.uleb128 0x2
 484 0065 04       		.byte	0x4
 485 0066 07       		.byte	0x7
 486 0067 EC010000 		.4byte	.LASF8
 487 006b 04       		.uleb128 0x4
 488 006c 06000000 		.4byte	.LASF10
 489 0070 02       		.byte	0x2
 490 0071 D8       		.byte	0xd8
 491 0072 64000000 		.4byte	0x64
 492 0076 02       		.uleb128 0x2
 493 0077 08       		.byte	0x8
 494 0078 04       		.byte	0x4
 495 0079 6D020000 		.4byte	.LASF9
 496 007d 05       		.uleb128 0x5
 497 007e EA000000 		.4byte	.LASF11
 498 0082 03       		.byte	0x3
 499 0083 B901     		.2byte	0x1b9
 500 0085 2C000000 		.4byte	0x2c
 501 0089 05       		.uleb128 0x5
 502 008a DB010000 		.4byte	.LASF12
 503 008e 03       		.byte	0x3
 504 008f BB01     		.2byte	0x1bb
 505 0091 48000000 		.4byte	0x48
 506 0095 02       		.uleb128 0x2
 507 0096 04       		.byte	0x4
 508 0097 04       		.byte	0x4
 509 0098 93000000 		.4byte	.LASF13
 510 009c 02       		.uleb128 0x2
 511 009d 08       		.byte	0x8
 512 009e 04       		.byte	0x4
 513 009f A2010000 		.4byte	.LASF14
 514 00a3 02       		.uleb128 0x2
 515 00a4 01       		.byte	0x1
 516 00a5 08       		.byte	0x8
 517 00a6 55020000 		.4byte	.LASF15
 518 00aa 05       		.uleb128 0x5
 519 00ab 00000000 		.4byte	.LASF16
 520 00af 03       		.byte	0x3
 521 00b0 6502     		.2byte	0x265
 522 00b2 B6000000 		.4byte	0xb6
 523 00b6 06       		.uleb128 0x6
 524 00b7 89000000 		.4byte	0x89
 525 00bb 05       		.uleb128 0x5
 526 00bc 16020000 		.4byte	.LASF17
 527 00c0 03       		.byte	0x3
ARM GAS  C:\Users\PC\AppData\Local\Temp\cc0V4Byo.s 			page 20


 528 00c1 7502     		.2byte	0x275
 529 00c3 C7000000 		.4byte	0xc7
 530 00c7 07       		.uleb128 0x7
 531 00c8 04       		.byte	0x4
 532 00c9 CD000000 		.4byte	0xcd
 533 00cd 08       		.uleb128 0x8
 534 00ce 02       		.uleb128 0x2
 535 00cf 04       		.byte	0x4
 536 00d0 07       		.byte	0x7
 537 00d1 3E020000 		.4byte	.LASF18
 538 00d5 09       		.uleb128 0x9
 539 00d6 04       		.byte	0x4
 540 00d7 0A       		.uleb128 0xa
 541 00d8 A3000000 		.4byte	0xa3
 542 00dc 04       		.uleb128 0x4
 543 00dd 2D020000 		.4byte	.LASF19
 544 00e1 01       		.byte	0x1
 545 00e2 DE       		.byte	0xde
 546 00e3 2C000000 		.4byte	0x2c
 547 00e7 0B       		.uleb128 0xb
 548 00e8 A1020000 		.4byte	.LASF44
 549 00ec 10       		.byte	0x10
 550 00ed 01       		.byte	0x1
 551 00ee E0       		.byte	0xe0
 552 00ef 24010000 		.4byte	0x124
 553 00f3 0C       		.uleb128 0xc
 554 00f4 57000000 		.4byte	.LASF20
 555 00f8 01       		.byte	0x1
 556 00f9 E2       		.byte	0xe2
 557 00fa 24010000 		.4byte	0x124
 558 00fe 00       		.byte	0
 559 00ff 0C       		.uleb128 0xc
 560 0100 99000000 		.4byte	.LASF21
 561 0104 01       		.byte	0x1
 562 0105 E3       		.byte	0xe3
 563 0106 24010000 		.4byte	0x124
 564 010a 04       		.byte	0x4
 565 010b 0C       		.uleb128 0xc
 566 010c 23020000 		.4byte	.LASF22
 567 0110 01       		.byte	0x1
 568 0111 E4       		.byte	0xe4
 569 0112 6B000000 		.4byte	0x6b
 570 0116 08       		.byte	0x8
 571 0117 0C       		.uleb128 0xc
 572 0118 84000000 		.4byte	.LASF23
 573 011c 01       		.byte	0x1
 574 011d E5       		.byte	0xe5
 575 011e 6B000000 		.4byte	0x6b
 576 0122 0C       		.byte	0xc
 577 0123 00       		.byte	0
 578 0124 07       		.uleb128 0x7
 579 0125 04       		.byte	0x4
 580 0126 DC000000 		.4byte	0xdc
 581 012a 0D       		.uleb128 0xd
 582 012b 8A010000 		.4byte	.LASF45
 583 012f 01       		.byte	0x1
 584 0130 6D       		.byte	0x6d
ARM GAS  C:\Users\PC\AppData\Local\Temp\cc0V4Byo.s 			page 21


 585 0131 00000000 		.4byte	.LFB2
 586 0135 14000000 		.4byte	.LFE2-.LFB2
 587 0139 01       		.uleb128 0x1
 588 013a 9C       		.byte	0x9c
 589 013b 0E       		.uleb128 0xe
 590 013c 84010000 		.4byte	.LASF24
 591 0140 01       		.byte	0x1
 592 0141 FE       		.byte	0xfe
 593 0142 00000000 		.4byte	.LFB3
 594 0146 14000000 		.4byte	.LFE3-.LFB3
 595 014a 01       		.uleb128 0x1
 596 014b 9C       		.byte	0x9c
 597 014c 5F010000 		.4byte	0x15f
 598 0150 0F       		.uleb128 0xf
 599 0151 5C000000 		.4byte	.LASF26
 600 0155 01       		.byte	0x1
 601 0156 FE       		.byte	0xfe
 602 0157 5D000000 		.4byte	0x5d
 603 015b 02       		.uleb128 0x2
 604 015c 91       		.byte	0x91
 605 015d 74       		.sleb128 -12
 606 015e 00       		.byte	0
 607 015f 10       		.uleb128 0x10
 608 0160 9C010000 		.4byte	.LASF25
 609 0164 01       		.byte	0x1
 610 0165 1801     		.2byte	0x118
 611 0167 D5000000 		.4byte	0xd5
 612 016b 00000000 		.4byte	.LFB4
 613 016f 50000000 		.4byte	.LFE4-.LFB4
 614 0173 01       		.uleb128 0x1
 615 0174 9C       		.byte	0x9c
 616 0175 B6010000 		.4byte	0x1b6
 617 0179 11       		.uleb128 0x11
 618 017a 9A020000 		.4byte	.LASF27
 619 017e 01       		.byte	0x1
 620 017f 1801     		.2byte	0x118
 621 0181 5D000000 		.4byte	0x5d
 622 0185 02       		.uleb128 0x2
 623 0186 91       		.byte	0x91
 624 0187 6C       		.sleb128 -20
 625 0188 12       		.uleb128 0x12
 626 0189 656E6400 		.ascii	"end\000"
 627 018d 01       		.byte	0x1
 628 018e 1A01     		.2byte	0x11a
 629 0190 5D000000 		.4byte	0x5d
 630 0194 13       		.uleb128 0x13
 631 0195 AC000000 		.4byte	.LASF28
 632 0199 01       		.byte	0x1
 633 019a 1B01     		.2byte	0x11b
 634 019c D5000000 		.4byte	0xd5
 635 01a0 02       		.uleb128 0x2
 636 01a1 91       		.byte	0x91
 637 01a2 74       		.sleb128 -12
 638 01a3 13       		.uleb128 0x13
 639 01a4 28000000 		.4byte	.LASF29
 640 01a8 01       		.byte	0x1
 641 01a9 1E01     		.2byte	0x11e
ARM GAS  C:\Users\PC\AppData\Local\Temp\cc0V4Byo.s 			page 22


 642 01ab D5000000 		.4byte	0xd5
 643 01af 05       		.uleb128 0x5
 644 01b0 03       		.byte	0x3
 645 01b1 00000000 		.4byte	heapPointer.4893
 646 01b5 00       		.byte	0
 647 01b6 14       		.uleb128 0x14
 648 01b7 1A000000 		.4byte	.LASF30
 649 01bb 01       		.byte	0x1
 650 01bc 3901     		.2byte	0x139
 651 01be 00000000 		.4byte	.LFB5
 652 01c2 98000000 		.4byte	.LFE5-.LFB5
 653 01c6 01       		.uleb128 0x1
 654 01c7 9C       		.byte	0x9c
 655 01c8 31020000 		.4byte	0x231
 656 01cc 13       		.uleb128 0x13
 657 01cd 92020000 		.4byte	.LASF31
 658 01d1 01       		.byte	0x1
 659 01d2 3E01     		.2byte	0x13e
 660 01d4 64000000 		.4byte	0x64
 661 01d8 02       		.uleb128 0x2
 662 01d9 91       		.byte	0x91
 663 01da 74       		.sleb128 -12
 664 01db 13       		.uleb128 0x13
 665 01dc 8E000000 		.4byte	.LASF32
 666 01e0 01       		.byte	0x1
 667 01e1 3F01     		.2byte	0x13f
 668 01e3 31020000 		.4byte	0x231
 669 01e7 02       		.uleb128 0x2
 670 01e8 91       		.byte	0x91
 671 01e9 70       		.sleb128 -16
 672 01ea 15       		.uleb128 0x15
 673 01eb 14000000 		.4byte	.LBB2
 674 01ef 66000000 		.4byte	.LBE2-.LBB2
 675 01f3 16       		.uleb128 0x16
 676 01f4 73726300 		.ascii	"src\000"
 677 01f8 01       		.byte	0x1
 678 01f9 4401     		.2byte	0x144
 679 01fb 3C020000 		.4byte	0x23c
 680 01ff 02       		.uleb128 0x2
 681 0200 91       		.byte	0x91
 682 0201 6C       		.sleb128 -20
 683 0202 16       		.uleb128 0x16
 684 0203 64737400 		.ascii	"dst\000"
 685 0207 01       		.byte	0x1
 686 0208 4501     		.2byte	0x145
 687 020a 3C020000 		.4byte	0x23c
 688 020e 02       		.uleb128 0x2
 689 020f 91       		.byte	0x91
 690 0210 68       		.sleb128 -24
 691 0211 13       		.uleb128 0x13
 692 0212 10020000 		.4byte	.LASF33
 693 0216 01       		.byte	0x1
 694 0217 4601     		.2byte	0x146
 695 0219 64000000 		.4byte	0x64
 696 021d 02       		.uleb128 0x2
 697 021e 91       		.byte	0x91
 698 021f 60       		.sleb128 -32
ARM GAS  C:\Users\PC\AppData\Local\Temp\cc0V4Byo.s 			page 23


 699 0220 13       		.uleb128 0x13
 700 0221 22000000 		.4byte	.LASF34
 701 0225 01       		.byte	0x1
 702 0226 4701     		.2byte	0x147
 703 0228 64000000 		.4byte	0x64
 704 022c 02       		.uleb128 0x2
 705 022d 91       		.byte	0x91
 706 022e 64       		.sleb128 -28
 707 022f 00       		.byte	0
 708 0230 00       		.byte	0
 709 0231 07       		.uleb128 0x7
 710 0232 04       		.byte	0x4
 711 0233 37020000 		.4byte	0x237
 712 0237 0A       		.uleb128 0xa
 713 0238 E7000000 		.4byte	0xe7
 714 023c 07       		.uleb128 0x7
 715 023d 04       		.byte	0x4
 716 023e 89000000 		.4byte	0x89
 717 0242 17       		.uleb128 0x17
 718 0243 F0000000 		.4byte	.LASF46
 719 0247 01       		.byte	0x1
 720 0248 6E01     		.2byte	0x16e
 721 024a 00000000 		.4byte	.LFB6
 722 024e 08000000 		.4byte	.LFE6-.LFB6
 723 0252 01       		.uleb128 0x1
 724 0253 9C       		.byte	0x9c
 725 0254 18       		.uleb128 0x18
 726 0255 A9010000 		.4byte	.LASF47
 727 0259 01       		.byte	0x1
 728 025a EC01     		.2byte	0x1ec
 729 025c 00000000 		.4byte	.LFB7
 730 0260 70000000 		.4byte	.LFE7-.LFB7
 731 0264 01       		.uleb128 0x1
 732 0265 9C       		.byte	0x9c
 733 0266 7A020000 		.4byte	0x27a
 734 026a 13       		.uleb128 0x13
 735 026b E2010000 		.4byte	.LASF35
 736 026f 01       		.byte	0x1
 737 0270 EE01     		.2byte	0x1ee
 738 0272 89000000 		.4byte	0x89
 739 0276 02       		.uleb128 0x2
 740 0277 91       		.byte	0x91
 741 0278 74       		.sleb128 -12
 742 0279 00       		.byte	0
 743 027a 19       		.uleb128 0x19
 744 027b D5000000 		.4byte	.LASF36
 745 027f 01       		.byte	0x1
 746 0280 4E       		.byte	0x4e
 747 0281 89000000 		.4byte	0x89
 748 0285 05       		.uleb128 0x5
 749 0286 03       		.byte	0x3
 750 0287 00000000 		.4byte	cySysNoInitDataValid
 751 028b 12       		.uleb128 0x12
 752 028c 656E6400 		.ascii	"end\000"
 753 0290 01       		.byte	0x1
 754 0291 1A01     		.2byte	0x11a
 755 0293 5D000000 		.4byte	0x5d
ARM GAS  C:\Users\PC\AppData\Local\Temp\cc0V4Byo.s 			page 24


 756 0297 1A       		.uleb128 0x1a
 757 0298 37020000 		.4byte	0x237
 758 029c A2020000 		.4byte	0x2a2
 759 02a0 1B       		.uleb128 0x1b
 760 02a1 00       		.byte	0
 761 02a2 1C       		.uleb128 0x1c
 762 02a3 85020000 		.4byte	.LASF37
 763 02a7 01       		.byte	0x1
 764 02a8 E8       		.byte	0xe8
 765 02a9 AD020000 		.4byte	0x2ad
 766 02ad 0A       		.uleb128 0xa
 767 02ae 97020000 		.4byte	0x297
 768 02b2 1C       		.uleb128 0x1c
 769 02b3 47000000 		.4byte	.LASF38
 770 02b7 01       		.byte	0x1
 771 02b8 E9       		.byte	0xe9
 772 02b9 D7000000 		.4byte	0xd7
 773 02bd 1A       		.uleb128 0x1a
 774 02be BB000000 		.4byte	0xbb
 775 02c2 CD020000 		.4byte	0x2cd
 776 02c6 1D       		.uleb128 0x1d
 777 02c7 CE000000 		.4byte	0xce
 778 02cb 2F       		.byte	0x2f
 779 02cc 00       		.byte	0
 780 02cd 1E       		.uleb128 0x1e
 781 02ce 0D000000 		.4byte	.LASF39
 782 02d2 01       		.byte	0x1
 783 02d3 BC01     		.2byte	0x1bc
 784 02d5 BD020000 		.4byte	0x2bd
 785 02d9 05       		.uleb128 0x5
 786 02da 03       		.byte	0x3
 787 02db 00000000 		.4byte	CyRamVectors
 788 02df 1A       		.uleb128 0x1a
 789 02e0 EF020000 		.4byte	0x2ef
 790 02e4 EF020000 		.4byte	0x2ef
 791 02e8 1D       		.uleb128 0x1d
 792 02e9 CE000000 		.4byte	0xce
 793 02ed 03       		.byte	0x3
 794 02ee 00       		.byte	0
 795 02ef 0A       		.uleb128 0xa
 796 02f0 BB000000 		.4byte	0xbb
 797 02f4 1E       		.uleb128 0x1e
 798 02f5 B8000000 		.4byte	.LASF40
 799 02f9 01       		.byte	0x1
 800 02fa D001     		.2byte	0x1d0
 801 02fc 06030000 		.4byte	0x306
 802 0300 05       		.uleb128 0x5
 803 0301 03       		.byte	0x3
 804 0302 00000000 		.4byte	RomVectors
 805 0306 0A       		.uleb128 0xa
 806 0307 DF020000 		.4byte	0x2df
 807 030b 00       		.byte	0
 808              		.section	.debug_abbrev,"",%progbits
 809              	.Ldebug_abbrev0:
 810 0000 01       		.uleb128 0x1
 811 0001 11       		.uleb128 0x11
 812 0002 01       		.byte	0x1
ARM GAS  C:\Users\PC\AppData\Local\Temp\cc0V4Byo.s 			page 25


 813 0003 25       		.uleb128 0x25
 814 0004 0E       		.uleb128 0xe
 815 0005 13       		.uleb128 0x13
 816 0006 0B       		.uleb128 0xb
 817 0007 03       		.uleb128 0x3
 818 0008 0E       		.uleb128 0xe
 819 0009 1B       		.uleb128 0x1b
 820 000a 0E       		.uleb128 0xe
 821 000b 55       		.uleb128 0x55
 822 000c 17       		.uleb128 0x17
 823 000d 11       		.uleb128 0x11
 824 000e 01       		.uleb128 0x1
 825 000f 10       		.uleb128 0x10
 826 0010 17       		.uleb128 0x17
 827 0011 00       		.byte	0
 828 0012 00       		.byte	0
 829 0013 02       		.uleb128 0x2
 830 0014 24       		.uleb128 0x24
 831 0015 00       		.byte	0
 832 0016 0B       		.uleb128 0xb
 833 0017 0B       		.uleb128 0xb
 834 0018 3E       		.uleb128 0x3e
 835 0019 0B       		.uleb128 0xb
 836 001a 03       		.uleb128 0x3
 837 001b 0E       		.uleb128 0xe
 838 001c 00       		.byte	0
 839 001d 00       		.byte	0
 840 001e 03       		.uleb128 0x3
 841 001f 24       		.uleb128 0x24
 842 0020 00       		.byte	0
 843 0021 0B       		.uleb128 0xb
 844 0022 0B       		.uleb128 0xb
 845 0023 3E       		.uleb128 0x3e
 846 0024 0B       		.uleb128 0xb
 847 0025 03       		.uleb128 0x3
 848 0026 08       		.uleb128 0x8
 849 0027 00       		.byte	0
 850 0028 00       		.byte	0
 851 0029 04       		.uleb128 0x4
 852 002a 16       		.uleb128 0x16
 853 002b 00       		.byte	0
 854 002c 03       		.uleb128 0x3
 855 002d 0E       		.uleb128 0xe
 856 002e 3A       		.uleb128 0x3a
 857 002f 0B       		.uleb128 0xb
 858 0030 3B       		.uleb128 0x3b
 859 0031 0B       		.uleb128 0xb
 860 0032 49       		.uleb128 0x49
 861 0033 13       		.uleb128 0x13
 862 0034 00       		.byte	0
 863 0035 00       		.byte	0
 864 0036 05       		.uleb128 0x5
 865 0037 16       		.uleb128 0x16
 866 0038 00       		.byte	0
 867 0039 03       		.uleb128 0x3
 868 003a 0E       		.uleb128 0xe
 869 003b 3A       		.uleb128 0x3a
ARM GAS  C:\Users\PC\AppData\Local\Temp\cc0V4Byo.s 			page 26


 870 003c 0B       		.uleb128 0xb
 871 003d 3B       		.uleb128 0x3b
 872 003e 05       		.uleb128 0x5
 873 003f 49       		.uleb128 0x49
 874 0040 13       		.uleb128 0x13
 875 0041 00       		.byte	0
 876 0042 00       		.byte	0
 877 0043 06       		.uleb128 0x6
 878 0044 35       		.uleb128 0x35
 879 0045 00       		.byte	0
 880 0046 49       		.uleb128 0x49
 881 0047 13       		.uleb128 0x13
 882 0048 00       		.byte	0
 883 0049 00       		.byte	0
 884 004a 07       		.uleb128 0x7
 885 004b 0F       		.uleb128 0xf
 886 004c 00       		.byte	0
 887 004d 0B       		.uleb128 0xb
 888 004e 0B       		.uleb128 0xb
 889 004f 49       		.uleb128 0x49
 890 0050 13       		.uleb128 0x13
 891 0051 00       		.byte	0
 892 0052 00       		.byte	0
 893 0053 08       		.uleb128 0x8
 894 0054 15       		.uleb128 0x15
 895 0055 00       		.byte	0
 896 0056 27       		.uleb128 0x27
 897 0057 19       		.uleb128 0x19
 898 0058 00       		.byte	0
 899 0059 00       		.byte	0
 900 005a 09       		.uleb128 0x9
 901 005b 0F       		.uleb128 0xf
 902 005c 00       		.byte	0
 903 005d 0B       		.uleb128 0xb
 904 005e 0B       		.uleb128 0xb
 905 005f 00       		.byte	0
 906 0060 00       		.byte	0
 907 0061 0A       		.uleb128 0xa
 908 0062 26       		.uleb128 0x26
 909 0063 00       		.byte	0
 910 0064 49       		.uleb128 0x49
 911 0065 13       		.uleb128 0x13
 912 0066 00       		.byte	0
 913 0067 00       		.byte	0
 914 0068 0B       		.uleb128 0xb
 915 0069 13       		.uleb128 0x13
 916 006a 01       		.byte	0x1
 917 006b 03       		.uleb128 0x3
 918 006c 0E       		.uleb128 0xe
 919 006d 0B       		.uleb128 0xb
 920 006e 0B       		.uleb128 0xb
 921 006f 3A       		.uleb128 0x3a
 922 0070 0B       		.uleb128 0xb
 923 0071 3B       		.uleb128 0x3b
 924 0072 0B       		.uleb128 0xb
 925 0073 01       		.uleb128 0x1
 926 0074 13       		.uleb128 0x13
ARM GAS  C:\Users\PC\AppData\Local\Temp\cc0V4Byo.s 			page 27


 927 0075 00       		.byte	0
 928 0076 00       		.byte	0
 929 0077 0C       		.uleb128 0xc
 930 0078 0D       		.uleb128 0xd
 931 0079 00       		.byte	0
 932 007a 03       		.uleb128 0x3
 933 007b 0E       		.uleb128 0xe
 934 007c 3A       		.uleb128 0x3a
 935 007d 0B       		.uleb128 0xb
 936 007e 3B       		.uleb128 0x3b
 937 007f 0B       		.uleb128 0xb
 938 0080 49       		.uleb128 0x49
 939 0081 13       		.uleb128 0x13
 940 0082 38       		.uleb128 0x38
 941 0083 0B       		.uleb128 0xb
 942 0084 00       		.byte	0
 943 0085 00       		.byte	0
 944 0086 0D       		.uleb128 0xd
 945 0087 2E       		.uleb128 0x2e
 946 0088 00       		.byte	0
 947 0089 3F       		.uleb128 0x3f
 948 008a 19       		.uleb128 0x19
 949 008b 03       		.uleb128 0x3
 950 008c 0E       		.uleb128 0xe
 951 008d 3A       		.uleb128 0x3a
 952 008e 0B       		.uleb128 0xb
 953 008f 3B       		.uleb128 0x3b
 954 0090 0B       		.uleb128 0xb
 955 0091 27       		.uleb128 0x27
 956 0092 19       		.uleb128 0x19
 957 0093 8701     		.uleb128 0x87
 958 0095 19       		.uleb128 0x19
 959 0096 11       		.uleb128 0x11
 960 0097 01       		.uleb128 0x1
 961 0098 12       		.uleb128 0x12
 962 0099 06       		.uleb128 0x6
 963 009a 40       		.uleb128 0x40
 964 009b 18       		.uleb128 0x18
 965 009c 9642     		.uleb128 0x2116
 966 009e 19       		.uleb128 0x19
 967 009f 00       		.byte	0
 968 00a0 00       		.byte	0
 969 00a1 0E       		.uleb128 0xe
 970 00a2 2E       		.uleb128 0x2e
 971 00a3 01       		.byte	0x1
 972 00a4 3F       		.uleb128 0x3f
 973 00a5 19       		.uleb128 0x19
 974 00a6 03       		.uleb128 0x3
 975 00a7 0E       		.uleb128 0xe
 976 00a8 3A       		.uleb128 0x3a
 977 00a9 0B       		.uleb128 0xb
 978 00aa 3B       		.uleb128 0x3b
 979 00ab 0B       		.uleb128 0xb
 980 00ac 27       		.uleb128 0x27
 981 00ad 19       		.uleb128 0x19
 982 00ae 8701     		.uleb128 0x87
 983 00b0 19       		.uleb128 0x19
ARM GAS  C:\Users\PC\AppData\Local\Temp\cc0V4Byo.s 			page 28


 984 00b1 11       		.uleb128 0x11
 985 00b2 01       		.uleb128 0x1
 986 00b3 12       		.uleb128 0x12
 987 00b4 06       		.uleb128 0x6
 988 00b5 40       		.uleb128 0x40
 989 00b6 18       		.uleb128 0x18
 990 00b7 9642     		.uleb128 0x2116
 991 00b9 19       		.uleb128 0x19
 992 00ba 01       		.uleb128 0x1
 993 00bb 13       		.uleb128 0x13
 994 00bc 00       		.byte	0
 995 00bd 00       		.byte	0
 996 00be 0F       		.uleb128 0xf
 997 00bf 05       		.uleb128 0x5
 998 00c0 00       		.byte	0
 999 00c1 03       		.uleb128 0x3
 1000 00c2 0E       		.uleb128 0xe
 1001 00c3 3A       		.uleb128 0x3a
 1002 00c4 0B       		.uleb128 0xb
 1003 00c5 3B       		.uleb128 0x3b
 1004 00c6 0B       		.uleb128 0xb
 1005 00c7 49       		.uleb128 0x49
 1006 00c8 13       		.uleb128 0x13
 1007 00c9 02       		.uleb128 0x2
 1008 00ca 18       		.uleb128 0x18
 1009 00cb 00       		.byte	0
 1010 00cc 00       		.byte	0
 1011 00cd 10       		.uleb128 0x10
 1012 00ce 2E       		.uleb128 0x2e
 1013 00cf 01       		.byte	0x1
 1014 00d0 3F       		.uleb128 0x3f
 1015 00d1 19       		.uleb128 0x19
 1016 00d2 03       		.uleb128 0x3
 1017 00d3 0E       		.uleb128 0xe
 1018 00d4 3A       		.uleb128 0x3a
 1019 00d5 0B       		.uleb128 0xb
 1020 00d6 3B       		.uleb128 0x3b
 1021 00d7 05       		.uleb128 0x5
 1022 00d8 27       		.uleb128 0x27
 1023 00d9 19       		.uleb128 0x19
 1024 00da 49       		.uleb128 0x49
 1025 00db 13       		.uleb128 0x13
 1026 00dc 11       		.uleb128 0x11
 1027 00dd 01       		.uleb128 0x1
 1028 00de 12       		.uleb128 0x12
 1029 00df 06       		.uleb128 0x6
 1030 00e0 40       		.uleb128 0x40
 1031 00e1 18       		.uleb128 0x18
 1032 00e2 9642     		.uleb128 0x2116
 1033 00e4 19       		.uleb128 0x19
 1034 00e5 01       		.uleb128 0x1
 1035 00e6 13       		.uleb128 0x13
 1036 00e7 00       		.byte	0
 1037 00e8 00       		.byte	0
 1038 00e9 11       		.uleb128 0x11
 1039 00ea 05       		.uleb128 0x5
 1040 00eb 00       		.byte	0
ARM GAS  C:\Users\PC\AppData\Local\Temp\cc0V4Byo.s 			page 29


 1041 00ec 03       		.uleb128 0x3
 1042 00ed 0E       		.uleb128 0xe
 1043 00ee 3A       		.uleb128 0x3a
 1044 00ef 0B       		.uleb128 0xb
 1045 00f0 3B       		.uleb128 0x3b
 1046 00f1 05       		.uleb128 0x5
 1047 00f2 49       		.uleb128 0x49
 1048 00f3 13       		.uleb128 0x13
 1049 00f4 02       		.uleb128 0x2
 1050 00f5 18       		.uleb128 0x18
 1051 00f6 00       		.byte	0
 1052 00f7 00       		.byte	0
 1053 00f8 12       		.uleb128 0x12
 1054 00f9 34       		.uleb128 0x34
 1055 00fa 00       		.byte	0
 1056 00fb 03       		.uleb128 0x3
 1057 00fc 08       		.uleb128 0x8
 1058 00fd 3A       		.uleb128 0x3a
 1059 00fe 0B       		.uleb128 0xb
 1060 00ff 3B       		.uleb128 0x3b
 1061 0100 05       		.uleb128 0x5
 1062 0101 49       		.uleb128 0x49
 1063 0102 13       		.uleb128 0x13
 1064 0103 3F       		.uleb128 0x3f
 1065 0104 19       		.uleb128 0x19
 1066 0105 3C       		.uleb128 0x3c
 1067 0106 19       		.uleb128 0x19
 1068 0107 00       		.byte	0
 1069 0108 00       		.byte	0
 1070 0109 13       		.uleb128 0x13
 1071 010a 34       		.uleb128 0x34
 1072 010b 00       		.byte	0
 1073 010c 03       		.uleb128 0x3
 1074 010d 0E       		.uleb128 0xe
 1075 010e 3A       		.uleb128 0x3a
 1076 010f 0B       		.uleb128 0xb
 1077 0110 3B       		.uleb128 0x3b
 1078 0111 05       		.uleb128 0x5
 1079 0112 49       		.uleb128 0x49
 1080 0113 13       		.uleb128 0x13
 1081 0114 02       		.uleb128 0x2
 1082 0115 18       		.uleb128 0x18
 1083 0116 00       		.byte	0
 1084 0117 00       		.byte	0
 1085 0118 14       		.uleb128 0x14
 1086 0119 2E       		.uleb128 0x2e
 1087 011a 01       		.byte	0x1
 1088 011b 3F       		.uleb128 0x3f
 1089 011c 19       		.uleb128 0x19
 1090 011d 03       		.uleb128 0x3
 1091 011e 0E       		.uleb128 0xe
 1092 011f 3A       		.uleb128 0x3a
 1093 0120 0B       		.uleb128 0xb
 1094 0121 3B       		.uleb128 0x3b
 1095 0122 05       		.uleb128 0x5
 1096 0123 27       		.uleb128 0x27
 1097 0124 19       		.uleb128 0x19
ARM GAS  C:\Users\PC\AppData\Local\Temp\cc0V4Byo.s 			page 30


 1098 0125 8701     		.uleb128 0x87
 1099 0127 19       		.uleb128 0x19
 1100 0128 11       		.uleb128 0x11
 1101 0129 01       		.uleb128 0x1
 1102 012a 12       		.uleb128 0x12
 1103 012b 06       		.uleb128 0x6
 1104 012c 40       		.uleb128 0x40
 1105 012d 18       		.uleb128 0x18
 1106 012e 9642     		.uleb128 0x2116
 1107 0130 19       		.uleb128 0x19
 1108 0131 01       		.uleb128 0x1
 1109 0132 13       		.uleb128 0x13
 1110 0133 00       		.byte	0
 1111 0134 00       		.byte	0
 1112 0135 15       		.uleb128 0x15
 1113 0136 0B       		.uleb128 0xb
 1114 0137 01       		.byte	0x1
 1115 0138 11       		.uleb128 0x11
 1116 0139 01       		.uleb128 0x1
 1117 013a 12       		.uleb128 0x12
 1118 013b 06       		.uleb128 0x6
 1119 013c 00       		.byte	0
 1120 013d 00       		.byte	0
 1121 013e 16       		.uleb128 0x16
 1122 013f 34       		.uleb128 0x34
 1123 0140 00       		.byte	0
 1124 0141 03       		.uleb128 0x3
 1125 0142 08       		.uleb128 0x8
 1126 0143 3A       		.uleb128 0x3a
 1127 0144 0B       		.uleb128 0xb
 1128 0145 3B       		.uleb128 0x3b
 1129 0146 05       		.uleb128 0x5
 1130 0147 49       		.uleb128 0x49
 1131 0148 13       		.uleb128 0x13
 1132 0149 02       		.uleb128 0x2
 1133 014a 18       		.uleb128 0x18
 1134 014b 00       		.byte	0
 1135 014c 00       		.byte	0
 1136 014d 17       		.uleb128 0x17
 1137 014e 2E       		.uleb128 0x2e
 1138 014f 00       		.byte	0
 1139 0150 3F       		.uleb128 0x3f
 1140 0151 19       		.uleb128 0x19
 1141 0152 03       		.uleb128 0x3
 1142 0153 0E       		.uleb128 0xe
 1143 0154 3A       		.uleb128 0x3a
 1144 0155 0B       		.uleb128 0xb
 1145 0156 3B       		.uleb128 0x3b
 1146 0157 05       		.uleb128 0x5
 1147 0158 27       		.uleb128 0x27
 1148 0159 19       		.uleb128 0x19
 1149 015a 11       		.uleb128 0x11
 1150 015b 01       		.uleb128 0x1
 1151 015c 12       		.uleb128 0x12
 1152 015d 06       		.uleb128 0x6
 1153 015e 40       		.uleb128 0x40
 1154 015f 18       		.uleb128 0x18
ARM GAS  C:\Users\PC\AppData\Local\Temp\cc0V4Byo.s 			page 31


 1155 0160 9642     		.uleb128 0x2116
 1156 0162 19       		.uleb128 0x19
 1157 0163 00       		.byte	0
 1158 0164 00       		.byte	0
 1159 0165 18       		.uleb128 0x18
 1160 0166 2E       		.uleb128 0x2e
 1161 0167 01       		.byte	0x1
 1162 0168 3F       		.uleb128 0x3f
 1163 0169 19       		.uleb128 0x19
 1164 016a 03       		.uleb128 0x3
 1165 016b 0E       		.uleb128 0xe
 1166 016c 3A       		.uleb128 0x3a
 1167 016d 0B       		.uleb128 0xb
 1168 016e 3B       		.uleb128 0x3b
 1169 016f 05       		.uleb128 0x5
 1170 0170 27       		.uleb128 0x27
 1171 0171 19       		.uleb128 0x19
 1172 0172 11       		.uleb128 0x11
 1173 0173 01       		.uleb128 0x1
 1174 0174 12       		.uleb128 0x12
 1175 0175 06       		.uleb128 0x6
 1176 0176 40       		.uleb128 0x40
 1177 0177 18       		.uleb128 0x18
 1178 0178 9642     		.uleb128 0x2116
 1179 017a 19       		.uleb128 0x19
 1180 017b 01       		.uleb128 0x1
 1181 017c 13       		.uleb128 0x13
 1182 017d 00       		.byte	0
 1183 017e 00       		.byte	0
 1184 017f 19       		.uleb128 0x19
 1185 0180 34       		.uleb128 0x34
 1186 0181 00       		.byte	0
 1187 0182 03       		.uleb128 0x3
 1188 0183 0E       		.uleb128 0xe
 1189 0184 3A       		.uleb128 0x3a
 1190 0185 0B       		.uleb128 0xb
 1191 0186 3B       		.uleb128 0x3b
 1192 0187 0B       		.uleb128 0xb
 1193 0188 49       		.uleb128 0x49
 1194 0189 13       		.uleb128 0x13
 1195 018a 02       		.uleb128 0x2
 1196 018b 18       		.uleb128 0x18
 1197 018c 00       		.byte	0
 1198 018d 00       		.byte	0
 1199 018e 1A       		.uleb128 0x1a
 1200 018f 01       		.uleb128 0x1
 1201 0190 01       		.byte	0x1
 1202 0191 49       		.uleb128 0x49
 1203 0192 13       		.uleb128 0x13
 1204 0193 01       		.uleb128 0x1
 1205 0194 13       		.uleb128 0x13
 1206 0195 00       		.byte	0
 1207 0196 00       		.byte	0
 1208 0197 1B       		.uleb128 0x1b
 1209 0198 21       		.uleb128 0x21
 1210 0199 00       		.byte	0
 1211 019a 00       		.byte	0
ARM GAS  C:\Users\PC\AppData\Local\Temp\cc0V4Byo.s 			page 32


 1212 019b 00       		.byte	0
 1213 019c 1C       		.uleb128 0x1c
 1214 019d 34       		.uleb128 0x34
 1215 019e 00       		.byte	0
 1216 019f 03       		.uleb128 0x3
 1217 01a0 0E       		.uleb128 0xe
 1218 01a1 3A       		.uleb128 0x3a
 1219 01a2 0B       		.uleb128 0xb
 1220 01a3 3B       		.uleb128 0x3b
 1221 01a4 0B       		.uleb128 0xb
 1222 01a5 49       		.uleb128 0x49
 1223 01a6 13       		.uleb128 0x13
 1224 01a7 3F       		.uleb128 0x3f
 1225 01a8 19       		.uleb128 0x19
 1226 01a9 3C       		.uleb128 0x3c
 1227 01aa 19       		.uleb128 0x19
 1228 01ab 00       		.byte	0
 1229 01ac 00       		.byte	0
 1230 01ad 1D       		.uleb128 0x1d
 1231 01ae 21       		.uleb128 0x21
 1232 01af 00       		.byte	0
 1233 01b0 49       		.uleb128 0x49
 1234 01b1 13       		.uleb128 0x13
 1235 01b2 2F       		.uleb128 0x2f
 1236 01b3 0B       		.uleb128 0xb
 1237 01b4 00       		.byte	0
 1238 01b5 00       		.byte	0
 1239 01b6 1E       		.uleb128 0x1e
 1240 01b7 34       		.uleb128 0x34
 1241 01b8 00       		.byte	0
 1242 01b9 03       		.uleb128 0x3
 1243 01ba 0E       		.uleb128 0xe
 1244 01bb 3A       		.uleb128 0x3a
 1245 01bc 0B       		.uleb128 0xb
 1246 01bd 3B       		.uleb128 0x3b
 1247 01be 05       		.uleb128 0x5
 1248 01bf 49       		.uleb128 0x49
 1249 01c0 13       		.uleb128 0x13
 1250 01c1 3F       		.uleb128 0x3f
 1251 01c2 19       		.uleb128 0x19
 1252 01c3 02       		.uleb128 0x2
 1253 01c4 18       		.uleb128 0x18
 1254 01c5 00       		.byte	0
 1255 01c6 00       		.byte	0
 1256 01c7 00       		.byte	0
 1257              		.section	.debug_aranges,"",%progbits
 1258 0000 44000000 		.4byte	0x44
 1259 0004 0200     		.2byte	0x2
 1260 0006 00000000 		.4byte	.Ldebug_info0
 1261 000a 04       		.byte	0x4
 1262 000b 00       		.byte	0
 1263 000c 0000     		.2byte	0
 1264 000e 0000     		.2byte	0
 1265 0010 00000000 		.4byte	.LFB2
 1266 0014 14000000 		.4byte	.LFE2-.LFB2
 1267 0018 00000000 		.4byte	.LFB3
 1268 001c 14000000 		.4byte	.LFE3-.LFB3
ARM GAS  C:\Users\PC\AppData\Local\Temp\cc0V4Byo.s 			page 33


 1269 0020 00000000 		.4byte	.LFB4
 1270 0024 50000000 		.4byte	.LFE4-.LFB4
 1271 0028 00000000 		.4byte	.LFB5
 1272 002c 98000000 		.4byte	.LFE5-.LFB5
 1273 0030 00000000 		.4byte	.LFB6
 1274 0034 08000000 		.4byte	.LFE6-.LFB6
 1275 0038 00000000 		.4byte	.LFB7
 1276 003c 70000000 		.4byte	.LFE7-.LFB7
 1277 0040 00000000 		.4byte	0
 1278 0044 00000000 		.4byte	0
 1279              		.section	.debug_ranges,"",%progbits
 1280              	.Ldebug_ranges0:
 1281 0000 00000000 		.4byte	.LFB2
 1282 0004 14000000 		.4byte	.LFE2
 1283 0008 00000000 		.4byte	.LFB3
 1284 000c 14000000 		.4byte	.LFE3
 1285 0010 00000000 		.4byte	.LFB4
 1286 0014 50000000 		.4byte	.LFE4
 1287 0018 00000000 		.4byte	.LFB5
 1288 001c 98000000 		.4byte	.LFE5
 1289 0020 00000000 		.4byte	.LFB6
 1290 0024 08000000 		.4byte	.LFE6
 1291 0028 00000000 		.4byte	.LFB7
 1292 002c 70000000 		.4byte	.LFE7
 1293 0030 00000000 		.4byte	0
 1294 0034 00000000 		.4byte	0
 1295              		.section	.debug_line,"",%progbits
 1296              	.Ldebug_line0:
 1297 0000 CC010000 		.section	.debug_str,"MS",%progbits,1
 1297      0200C700 
 1297      00000201 
 1297      FB0E0D00 
 1297      01010101 
 1298              	.LASF16:
 1299 0000 72656733 		.ascii	"reg32\000"
 1299      3200
 1300              	.LASF10:
 1301 0006 73697A65 		.ascii	"size_t\000"
 1301      5F7400
 1302              	.LASF39:
 1303 000d 43795261 		.ascii	"CyRamVectors\000"
 1303      6D566563 
 1303      746F7273 
 1303      00
 1304              	.LASF30:
 1305 001a 53746172 		.ascii	"Start_c\000"
 1305      745F6300 
 1306              	.LASF34:
 1307 0022 636F756E 		.ascii	"count\000"
 1307      7400
 1308              	.LASF29:
 1309 0028 68656170 		.ascii	"heapPointer\000"
 1309      506F696E 
 1309      74657200 
 1310              	.LASF3:
 1311 0034 73686F72 		.ascii	"short unsigned int\000"
 1311      7420756E 
ARM GAS  C:\Users\PC\AppData\Local\Temp\cc0V4Byo.s 			page 34


 1311      7369676E 
 1311      65642069 
 1311      6E7400
 1312              	.LASF38:
 1313 0047 5F5F6379 		.ascii	"__cy_region_num\000"
 1313      5F726567 
 1313      696F6E5F 
 1313      6E756D00 
 1314              	.LASF20:
 1315 0057 696E6974 		.ascii	"init\000"
 1315      00
 1316              	.LASF26:
 1317 005c 73746174 		.ascii	"status\000"
 1317      757300
 1318              	.LASF43:
 1319 0063 433A5C55 		.ascii	"C:\\Users\\PC\\Desktop\\Skif_5.cydsn\000"
 1319      73657273 
 1319      5C50435C 
 1319      4465736B 
 1319      746F705C 
 1320              	.LASF23:
 1321 0084 7A65726F 		.ascii	"zero_size\000"
 1321      5F73697A 
 1321      6500
 1322              	.LASF32:
 1323 008e 72707472 		.ascii	"rptr\000"
 1323      00
 1324              	.LASF13:
 1325 0093 666C6F61 		.ascii	"float\000"
 1325      7400
 1326              	.LASF21:
 1327 0099 64617461 		.ascii	"data\000"
 1327      00
 1328              	.LASF1:
 1329 009e 756E7369 		.ascii	"unsigned char\000"
 1329      676E6564 
 1329      20636861 
 1329      7200
 1330              	.LASF28:
 1331 00ac 72657475 		.ascii	"returnValue\000"
 1331      726E5661 
 1331      6C756500 
 1332              	.LASF40:
 1333 00b8 526F6D56 		.ascii	"RomVectors\000"
 1333      6563746F 
 1333      727300
 1334              	.LASF5:
 1335 00c3 6C6F6E67 		.ascii	"long unsigned int\000"
 1335      20756E73 
 1335      69676E65 
 1335      6420696E 
 1335      7400
 1336              	.LASF36:
 1337 00d5 63795379 		.ascii	"cySysNoInitDataValid\000"
 1337      734E6F49 
 1337      6E697444 
 1337      61746156 
ARM GAS  C:\Users\PC\AppData\Local\Temp\cc0V4Byo.s 			page 35


 1337      616C6964 
 1338              	.LASF11:
 1339 00ea 75696E74 		.ascii	"uint8\000"
 1339      3800
 1340              	.LASF46:
 1341 00f0 52657365 		.ascii	"Reset\000"
 1341      7400
 1342              	.LASF41:
 1343 00f6 474E5520 		.ascii	"GNU C11 5.4.1 20160609 (release) [ARM/embedded-5-br"
 1343      43313120 
 1343      352E342E 
 1343      31203230 
 1343      31363036 
 1344 0129 616E6368 		.ascii	"anch revision 237715] -mcpu=cortex-m0 -mthumb -g -O"
 1344      20726576 
 1344      6973696F 
 1344      6E203233 
 1344      37373135 
 1345 015c 30202D66 		.ascii	"0 -ffunction-sections -ffat-lto-objects\000"
 1345      66756E63 
 1345      74696F6E 
 1345      2D736563 
 1345      74696F6E 
 1346              	.LASF24:
 1347 0184 5F657869 		.ascii	"_exit\000"
 1347      7400
 1348              	.LASF45:
 1349 018a 496E7444 		.ascii	"IntDefaultHandler\000"
 1349      65666175 
 1349      6C744861 
 1349      6E646C65 
 1349      7200
 1350              	.LASF25:
 1351 019c 5F736272 		.ascii	"_sbrk\000"
 1351      6B00
 1352              	.LASF14:
 1353 01a2 646F7562 		.ascii	"double\000"
 1353      6C6500
 1354              	.LASF47:
 1355 01a9 696E6974 		.ascii	"initialize_psoc\000"
 1355      69616C69 
 1355      7A655F70 
 1355      736F6300 
 1356              	.LASF42:
 1357 01b9 47656E65 		.ascii	"Generated_Source\\PSoC4\\Cm0Start.c\000"
 1357      72617465 
 1357      645F536F 
 1357      75726365 
 1357      5C50536F 
 1358              	.LASF12:
 1359 01db 75696E74 		.ascii	"uint32\000"
 1359      333200
 1360              	.LASF35:
 1361 01e2 696E6465 		.ascii	"indexInit\000"
 1361      78496E69 
 1361      7400
 1362              	.LASF8:
ARM GAS  C:\Users\PC\AppData\Local\Temp\cc0V4Byo.s 			page 36


 1363 01ec 756E7369 		.ascii	"unsigned int\000"
 1363      676E6564 
 1363      20696E74 
 1363      00
 1364              	.LASF7:
 1365 01f9 6C6F6E67 		.ascii	"long long unsigned int\000"
 1365      206C6F6E 
 1365      6720756E 
 1365      7369676E 
 1365      65642069 
 1366              	.LASF33:
 1367 0210 6C696D69 		.ascii	"limit\000"
 1367      7400
 1368              	.LASF17:
 1369 0216 63796973 		.ascii	"cyisraddress\000"
 1369      72616464 
 1369      72657373 
 1369      00
 1370              	.LASF22:
 1371 0223 696E6974 		.ascii	"init_size\000"
 1371      5F73697A 
 1371      6500
 1372              	.LASF19:
 1373 022d 5F5F6379 		.ascii	"__cy_byte_align8\000"
 1373      5F627974 
 1373      655F616C 
 1373      69676E38 
 1373      00
 1374              	.LASF18:
 1375 023e 73697A65 		.ascii	"sizetype\000"
 1375      74797065 
 1375      00
 1376              	.LASF6:
 1377 0247 6C6F6E67 		.ascii	"long long int\000"
 1377      206C6F6E 
 1377      6720696E 
 1377      7400
 1378              	.LASF15:
 1379 0255 63686172 		.ascii	"char\000"
 1379      00
 1380              	.LASF2:
 1381 025a 73686F72 		.ascii	"short int\000"
 1381      7420696E 
 1381      7400
 1382              	.LASF4:
 1383 0264 6C6F6E67 		.ascii	"long int\000"
 1383      20696E74 
 1383      00
 1384              	.LASF9:
 1385 026d 6C6F6E67 		.ascii	"long double\000"
 1385      20646F75 
 1385      626C6500 
 1386              	.LASF0:
 1387 0279 7369676E 		.ascii	"signed char\000"
 1387      65642063 
 1387      68617200 
 1388              	.LASF37:
ARM GAS  C:\Users\PC\AppData\Local\Temp\cc0V4Byo.s 			page 37


 1389 0285 5F5F6379 		.ascii	"__cy_regions\000"
 1389      5F726567 
 1389      696F6E73 
 1389      00
 1390              	.LASF31:
 1391 0292 72656769 		.ascii	"regions\000"
 1391      6F6E7300 
 1392              	.LASF27:
 1393 029a 6E627974 		.ascii	"nbytes\000"
 1393      657300
 1394              	.LASF44:
 1395 02a1 5F5F6379 		.ascii	"__cy_region\000"
 1395      5F726567 
 1395      696F6E00 
 1396              		.ident	"GCC: (GNU Tools for ARM Embedded Processors) 5.4.1 20160609 (release) [ARM/embedded-5-bran
