Archive member included to satisfy reference by file (symbol)

C:\Program Files (x86)\Cypress\PSoC Creator\4.4\PSoC Creator\psoc\content\CyComponentLibrary\CyComponentLibrary.cylib\CapSense_TMG_v2_0\Library\Gestures_GCC_M4.a(Gesture.o)
                              .\CortexM4\ARM_GCC_541\Debug\CapSense_TMG.o (Gesture_DecodeFlickGestures)
C:\Program Files (x86)\Cypress\PSoC Creator\4.4\PSoC Creator\psoc\content\CyComponentLibrary\CyComponentLibrary.cylib\CapSense_v3_0\Library\CapSense_Library_GCC_M4.a(CapSense_SmartSense_LL.o)
                              .\CortexM4\ARM_GCC_541\Debug\CapSense_Sensing.o (SmartSense_TunePrescalers)
C:\Program Files (x86)\Cypress\PSoC Creator\4.4\PSoC Creator\psoc\content\CyComponentLibrary\CyComponentLibrary.cylib\CapSense_v3_0\Library\CapSense_Library_GCC_M4.a(CapSense_SmartSense_SL.o)
                              .\CortexM4\ARM_GCC_541\Debug\CapSense_Processing.o (SmartSense_UpdateThresholds)
c:/program files (x86)/cypress/psoc creator/4.4/psoc creator/import/gnu/arm/5.4.1/bin/../lib/gcc/arm-none-eabi/5.4.1/armv7e-m/softfp\libgcc.a(_arm_addsubdf3.o)
                              .\CortexM4\ARM_GCC_541\Debug\cy_sysclk.o (__aeabi_f2d)
c:/program files (x86)/cypress/psoc creator/4.4/psoc creator/import/gnu/arm/5.4.1/bin/../lib/gcc/arm-none-eabi/5.4.1/armv7e-m/softfp\libgcc.a(_arm_muldivdf3.o)
                              .\CortexM4\ARM_GCC_541\Debug\cy_sysclk.o (__aeabi_ddiv)
c:/program files (x86)/cypress/psoc creator/4.4/psoc creator/import/gnu/arm/5.4.1/bin/../lib/gcc/arm-none-eabi/5.4.1/armv7e-m/softfp\libgcc.a(_arm_fixunsdfsi.o)
                              .\CortexM4\ARM_GCC_541\Debug\cy_sysclk.o (__aeabi_d2uiz)
c:/program files (x86)/cypress/psoc creator/4.4/psoc creator/import/gnu/arm/5.4.1/bin/../lib/gcc/arm-none-eabi/5.4.1/armv7e-m/softfp\libgcc.a(_aeabi_uldivmod.o)
                              .\CortexM4\ARM_GCC_541\Debug\cy_sysclk.o (__aeabi_uldivmod)
c:/program files (x86)/cypress/psoc creator/4.4/psoc creator/import/gnu/arm/5.4.1/bin/../lib/gcc/arm-none-eabi/5.4.1/armv7e-m/softfp\libgcc.a(_udivmoddi4.o)
                              c:/program files (x86)/cypress/psoc creator/4.4/psoc creator/import/gnu/arm/5.4.1/bin/../lib/gcc/arm-none-eabi/5.4.1/armv7e-m/softfp\libgcc.a(_aeabi_uldivmod.o) (__udivmoddi4)
c:/program files (x86)/cypress/psoc creator/4.4/psoc creator/import/gnu/arm/5.4.1/bin/../lib/gcc/arm-none-eabi/5.4.1/armv7e-m/softfp\libgcc.a(_dvmd_tls.o)
                              c:/program files (x86)/cypress/psoc creator/4.4/psoc creator/import/gnu/arm/5.4.1/bin/../lib/gcc/arm-none-eabi/5.4.1/armv7e-m/softfp\libgcc.a(_aeabi_uldivmod.o) (__aeabi_ldiv0)
c:/program files (x86)/cypress/psoc creator/4.4/psoc creator/import/gnu/arm/5.4.1/bin/../lib/gcc/arm-none-eabi/5.4.1/../../../../arm-none-eabi/lib/armv7e-m/softfp\libg_nano.a(lib_a-exit.o)
                              c:/program files (x86)/cypress/psoc creator/4.4/psoc creator/import/gnu/arm/5.4.1/bin/../lib/gcc/arm-none-eabi/5.4.1/../../../../arm-none-eabi/lib/armv7e-m/softfp/crt0.o (exit)
c:/program files (x86)/cypress/psoc creator/4.4/psoc creator/import/gnu/arm/5.4.1/bin/../lib/gcc/arm-none-eabi/5.4.1/../../../../arm-none-eabi/lib/armv7e-m/softfp\libg_nano.a(lib_a-impure.o)
                              c:/program files (x86)/cypress/psoc creator/4.4/psoc creator/import/gnu/arm/5.4.1/bin/../lib/gcc/arm-none-eabi/5.4.1/../../../../arm-none-eabi/lib/armv7e-m/softfp\libg_nano.a(lib_a-exit.o) (_global_impure_ptr)
c:/program files (x86)/cypress/psoc creator/4.4/psoc creator/import/gnu/arm/5.4.1/bin/../lib/gcc/arm-none-eabi/5.4.1/../../../../arm-none-eabi/lib/armv7e-m/softfp\libg_nano.a(lib_a-init.o)
                              c:/program files (x86)/cypress/psoc creator/4.4/psoc creator/import/gnu/arm/5.4.1/bin/../lib/gcc/arm-none-eabi/5.4.1/../../../../arm-none-eabi/lib/armv7e-m/softfp/crt0.o (__libc_init_array)
c:/program files (x86)/cypress/psoc creator/4.4/psoc creator/import/gnu/arm/5.4.1/bin/../lib/gcc/arm-none-eabi/5.4.1/../../../../arm-none-eabi/lib/armv7e-m/softfp\libg_nano.a(lib_a-memcpy-stub.o)
                              .\CortexM4\ARM_GCC_541\Debug\CapSense_Structure.o (memcpy)
c:/program files (x86)/cypress/psoc creator/4.4/psoc creator/import/gnu/arm/5.4.1/bin/../lib/gcc/arm-none-eabi/5.4.1/../../../../arm-none-eabi/lib/armv7e-m/softfp\libg_nano.a(lib_a-memset.o)
                              c:/program files (x86)/cypress/psoc creator/4.4/psoc creator/import/gnu/arm/5.4.1/bin/../lib/gcc/arm-none-eabi/5.4.1/../../../../arm-none-eabi/lib/armv7e-m/softfp/crt0.o (memset)
c:/program files (x86)/cypress/psoc creator/4.4/psoc creator/import/gnu/arm/5.4.1/bin/../lib/gcc/arm-none-eabi/5.4.1/../../../../arm-none-eabi/lib/armv7e-m/softfp\libg_nano.a(lib_a-strncpy.o)
                              .\CortexM4\ARM_GCC_541\Debug\cy_syslib.o (strncpy)
[...]
Memory Configuration

Name             Origin             Length             Attributes
ram              0x08024000         0x00023800         xrw
flash            0x10080000         0x00080000         xr
em_eeprom        0x14000000         0x00008000         xr
sflash_user_data 0x16000800         0x00000800         xr
sflash_nar       0x16001a00         0x00000200         xr
sflash_public_key 0x16005a00         0x00000c00         xr
sflash_toc_2     0x16007c00         0x00000200         xr
sflash_rtoc_2    0x16007e00         0x00000200         xr
xip              0x18000000         0x08000000         xr
efuse            0x90700000         0x00100000         r
*default*        0x00000000         0xffffffff

Linker script and memory map

LOAD c:/program files (x86)/cypress/psoc creator/4.4/psoc creator/import/gnu/arm/5.4.1/bin/../lib/gcc/arm-none-eabi/5.4.1/armv7e-m/softfp/crti.o
LOAD c:/program files (x86)/cypress/psoc creator/4.4/psoc creator/import/gnu/arm/5.4.1/bin/../lib/gcc/arm-none-eabi/5.4.1/armv7e-m/softfp/crtbegin.o
LOAD c:/program files (x86)/cypress/psoc creator/4.4/psoc creator/import/gnu/arm/5.4.1/bin/../lib/gcc/arm-none-eabi/5.4.1/../../../../arm-none-eabi/lib/armv7e-m/softfp/crt0.o
START GROUP
LOAD .\CortexM4\ARM_GCC_541\Debug\startup_psoc6_01_cm4.o
LOAD .\CortexM4\ARM_GCC_541\Debug\main_cm4.o
LOAD .\CortexM4\ARM_GCC_541\Debug\system_psoc6_cm4.o
LOAD .\CortexM4\ARM_GCC_541\Debug\cyfitter_sysint_cfg.o
LOAD .\CortexM4\ARM_GCC_541\Debug\cymetadata.o
LOAD .\CortexM4\ARM_GCC_541\Debug\CapSense_Control.o
LOAD .\CortexM4\ARM_GCC_541\Debug\CapSense_Processing.o
LOAD .\CortexM4\ARM_GCC_541\Debug\CapSense_Structure.o
LOAD .\CortexM4\ARM_GCC_541\Debug\CapSense_Tuner.o
LOAD .\CortexM4\ARM_GCC_541\Debug\CapSense_Filter.o
LOAD .\CortexM4\ARM_GCC_541\Debug\CapSense_Sensing.o
LOAD .\CortexM4\ARM_GCC_541\Debug\CapSense_INT.o
LOAD .\CortexM4\ARM_GCC_541\Debug\CapSense_SensingCSD_LL.o
LOAD .\CortexM4\ARM_GCC_541\Debug\CapSense_SensingCSX_LL.o
LOAD .\CortexM4\ARM_GCC_541\Debug\CapSense_Centroid_LL.o
LOAD .\CortexM4\ARM_GCC_541\Debug\CapSense_Gesture.o
LOAD .\CortexM4\ARM_GCC_541\Debug\PWM_1.o
LOAD .\CortexM4\ARM_GCC_541\Debug\PWM_2.o
LOAD .\CortexM4\ARM_GCC_541\Debug\CapSense_TMG.o
LOAD .\CortexM4\ARM_GCC_541\Debug\cy_efuse.o
LOAD .\CortexM4\ARM_GCC_541\Debug\cy_flash.o
LOAD .\CortexM4\ARM_GCC_541\Debug\cy_gpio.o
LOAD .\CortexM4\ARM_GCC_541\Debug\cy_ipc_drv.o
LOAD .\CortexM4\ARM_GCC_541\Debug\cy_ipc_sema.o
LOAD .\CortexM4\ARM_GCC_541\Debug\cy_ipc_pipe.o
LOAD .\CortexM4\ARM_GCC_541\Debug\cy_lvd.o
LOAD .\CortexM4\ARM_GCC_541\Debug\cy_profile.o
LOAD .\CortexM4\ARM_GCC_541\Debug\cy_prot.o
LOAD .\CortexM4\ARM_GCC_541\Debug\cy_sysanalog.o
LOAD .\CortexM4\ARM_GCC_541\Debug\cy_sysclk.o
LOAD .\CortexM4\ARM_GCC_541\Debug\cy_sysint.o
LOAD .\CortexM4\ARM_GCC_541\Debug\cy_syslib.o
LOAD .\CortexM4\ARM_GCC_541\Debug\cy_syslib_gcc.o
LOAD .\CortexM4\ARM_GCC_541\Debug\cy_syspm.o
LOAD .\CortexM4\ARM_GCC_541\Debug\cy_systick.o
LOAD .\CortexM4\ARM_GCC_541\Debug\cy_tcpwm_counter.o
LOAD .\CortexM4\ARM_GCC_541\Debug\cy_tcpwm_pwm.o
LOAD .\CortexM4\ARM_GCC_541\Debug\cy_tcpwm_quaddec.o
LOAD .\CortexM4\ARM_GCC_541\Debug\cy_trigmux.o
LOAD .\CortexM4\ARM_GCC_541\Debug\cy_wdt.o
LOAD .\CortexM4\ARM_GCC_541\Debug\cy_device.o
LOAD .\CortexM4\ARM_GCC_541\Debug\cy_ble_clk.o
LOAD C:\Program Files (x86)\Cypress\PSoC Creator\4.4\PSoC Creator\psoc\content\CyComponentLibrary\CyComponentLibrary.cylib\CapSense_TMG_v2_0\Library\Ballistic_GCC_M4.a
LOAD C:\Program Files (x86)\Cypress\PSoC Creator\4.4\PSoC Creator\psoc\content\CyComponentLibrary\CyComponentLibrary.cylib\CapSense_TMG_v2_0\Library\Gestures_GCC_M4.a
LOAD C:\Program Files (x86)\Cypress\PSoC Creator\4.4\PSoC Creator\psoc\content\CyComponentLibrary\CyComponentLibrary.cylib\CapSense_v3_0\Library\CapSense_Library_GCC_M4.a
END GROUP
START GROUP
LOAD c:/program files (x86)/cypress/psoc creator/4.4/psoc creator/import/gnu/arm/5.4.1/bin/../lib/gcc/arm-none-eabi/5.4.1/armv7e-m/softfp\libgcc.a
LOAD c:/program files (x86)/cypress/psoc creator/4.4/psoc creator/import/gnu/arm/5.4.1/bin/../lib/gcc/arm-none-eabi/5.4.1/../../../../arm-none-eabi/lib/armv7e-m/softfp\libg_nano.a
LOAD c:/program files (x86)/cypress/psoc creator/4.4/psoc creator/import/gnu/arm/5.4.1/bin/../lib/gcc/arm-none-eabi/5.4.1/../../../../arm-none-eabi/lib/armv7e-m/softfp\libc_nano.a
END GROUP
START GROUP
LOAD c:/program files (x86)/cypress/psoc creator/4.4/psoc creator/import/gnu/arm/5.4.1/bin/../lib/gcc/arm-none-eabi/5.4.1/armv7e-m/softfp\libgcc.a
LOAD c:/program files (x86)/cypress/psoc creator/4.4/psoc creator/import/gnu/arm/5.4.1/bin/../lib/gcc/arm-none-eabi/5.4.1/../../../../arm-none-eabi/lib/armv7e-m/softfp\libc_nano.a
END GROUP
LOAD c:/program files (x86)/cypress/psoc creator/4.4/psoc creator/import/gnu/arm/5.4.1/bin/../lib/gcc/arm-none-eabi/5.4.1/armv7e-m/softfp/crtend.o
LOAD c:/program files (x86)/cypress/psoc creator/4.4/psoc creator/import/gnu/arm/5.4.1/bin/../lib/gcc/arm-none-eabi/5.4.1/armv7e-m/softfp/crtn.o
START GROUP
LOAD c:/program files (x86)/cypress/psoc creator/4.4/psoc creator/import/gnu/arm/5.4.1/bin/../lib/gcc/arm-none-eabi/5.4.1/armv7e-m/softfp\libgcc.a
LOAD c:/program files (x86)/cypress/psoc creator/4.4/psoc creator/import/gnu/arm/5.4.1/bin/../lib/gcc/arm-none-eabi/5.4.1/../../../../arm-none-eabi/lib/armv7e-m/softfp\libc.a
LOAD c:/program files (x86)/cypress/psoc creator/4.4/psoc creator/import/gnu/arm/5.4.1/bin/../lib/gcc/arm-none-eabi/5.4.1/../../../../arm-none-eabi/lib/armv7e-m/softfp\libnosys.a
END GROUP
START GROUP
LOAD c:/program files (x86)/cypress/psoc creator/4.4/psoc creator/import/gnu/arm/5.4.1/bin/../lib/gcc/arm-none-eabi/5.4.1/armv7e-m/softfp\libgcc.a
LOAD c:/program files (x86)/cypress/psoc creator/4.4/psoc creator/import/gnu/arm/5.4.1/bin/../lib/gcc/arm-none-eabi/5.4.1/../../../../arm-none-eabi/lib/armv7e-m/softfp\libc.a
LOAD c:/program files (x86)/cypress/psoc creator/4.4/psoc creator/import/gnu/arm/5.4.1/bin/../lib/gcc/arm-none-eabi/5.4.1/../../../../arm-none-eabi/lib/armv7e-m/softfp\libm.a
LOAD c:/program files (x86)/cypress/psoc creator/4.4/psoc creator/import/gnu/arm/5.4.1/bin/../lib/gcc/arm-none-eabi/5.4.1/../../../../arm-none-eabi/lib/armv7e-m/softfp\libnosys.a
END GROUP

.text           0x10080000     0x404c
                0x10080000                . = ALIGN (0x4)
                0x10080000                __Vectors = .
 *(.vectors)
 .vectors       0x10080000      0x28c .\CortexM4\ARM_GCC_541\Debug\startup_psoc6_01_cm4.o
                0x1008028c                . = ALIGN (0x4)
                0x1008028c                __Vectors_End = .
                0x0000028c                __Vectors_Size = (__Vectors_End - __Vectors)
                0x1008028c                __end__ = .
                0x1008028c                . = ALIGN (0x4)
 *(.text*)
 .text          0x1008028c       0x5c c:/program files (x86)/cypress/psoc creator/4.4/psoc creator/import/gnu/arm/5.4.1/bin/../lib/gcc/arm-none-eabi/5.4.1/armv7e-m/softfp/crtbegin.o
 .text          0x100802e8       0x84 .\CortexM4\ARM_GCC_541\Debug\startup_psoc6_01_cm4.o
                0x100802e8                Cy_OnResetUser
                0x100802ea                Reset_Handler
                0x1008034c                cpuss_interrupts_ipc_6_IRQHandler
                0x1008034c                DebugMon_Handler
                0x1008034c                tcpwm_1_interrupts_11_IRQHandler
                0x1008034c                cpuss_interrupts_ipc_0_IRQHandler
                0x1008034c                tcpwm_1_interrupts_15_IRQHandler
                0x1008034c                ioss_interrupts_gpio_13_IRQHandler
                0x1008034c                tcpwm_1_interrupts_13_IRQHandler
                0x1008034c                cpuss_interrupts_dw1_8_IRQHandler
                0x1008034c                tcpwm_0_interrupts_0_IRQHandler
                0x1008034c                SysTick_Handler
                0x1008034c                cpuss_interrupt_fm_IRQHandler
                0x1008034c                cpuss_interrupts_ipc_7_IRQHandler
                0x1008034c                tcpwm_1_interrupts_14_IRQHandler
                0x1008034c                cpuss_interrupts_dw0_5_IRQHandler
                0x1008034c                tcpwm_1_interrupts_9_IRQHandler
                0x1008034c                cpuss_interrupts_cm0_cti_1_IRQHandler
                0x1008034c                tcpwm_1_interrupts_22_IRQHandler
                0x1008034c                cpuss_interrupts_dw0_4_IRQHandler
                0x1008034c                PendSV_Handler
                0x1008034c                NMI_Handler
                0x1008034c                cpuss_interrupts_dw1_12_IRQHandler
                0x1008034c                tcpwm_1_interrupts_12_IRQHandler
                0x1008034c                smif_interrupt_IRQHandler
                0x1008034c                tcpwm_1_interrupts_2_IRQHandler
                0x1008034c                cpuss_interrupts_ipc_13_IRQHandler
                0x1008034c                udb_interrupts_11_IRQHandler
                0x1008034c                tcpwm_1_interrupts_18_IRQHandler
                0x1008034c                cpuss_interrupts_dw0_11_IRQHandler
                0x1008034c                tcpwm_0_interrupts_2_IRQHandler
                0x1008034c                cpuss_interrupts_dw0_13_IRQHandler
                0x1008034c                udb_interrupts_2_IRQHandler
                0x1008034c                cpuss_interrupts_dw1_7_IRQHandler
                0x1008034c                ioss_interrupts_gpio_1_IRQHandler
                0x1008034c                ioss_interrupts_gpio_7_IRQHandler
                0x1008034c                scb_5_interrupt_IRQHandler
                0x1008034c                udb_interrupts_6_IRQHandler
                0x1008034c                cpuss_interrupts_fault_1_IRQHandler
                0x1008034c                cpuss_interrupts_ipc_4_IRQHandler
                0x1008034c                cpuss_interrupts_ipc_5_IRQHandler
                0x1008034c                cpuss_interrupts_dw1_10_IRQHandler
                0x1008034c                udb_interrupts_0_IRQHandler
                0x1008034c                tcpwm_1_interrupts_6_IRQHandler
                0x1008034c                scb_4_interrupt_IRQHandler
                0x1008034c                pass_interrupt_dacs_IRQHandler
                0x1008034c                ioss_interrupts_gpio_2_IRQHandler
                0x1008034c                cpuss_interrupts_dw1_9_IRQHandler
                0x1008034c                cpuss_interrupts_dw1_13_IRQHandler
                0x1008034c                scb_2_interrupt_IRQHandler
                0x1008034c                cpuss_interrupts_cm0_cti_0_IRQHandler
                0x1008034c                udb_interrupts_5_IRQHandler
                0x1008034c                srss_interrupt_IRQHandler
                0x1008034c                udb_interrupts_12_IRQHandler
                0x1008034c                scb_0_interrupt_IRQHandler
                0x1008034c                csd_interrupt_IRQHandler
                0x1008034c                udb_interrupts_1_IRQHandler
                0x1008034c                profile_interrupt_IRQHandler
                0x1008034c                tcpwm_1_interrupts_1_IRQHandler
                0x1008034c                cpuss_interrupts_ipc_12_IRQHandler
                0x1008034c                tcpwm_1_interrupts_3_IRQHandler
                0x1008034c                tcpwm_0_interrupts_7_IRQHandler
                0x1008034c                cpuss_interrupts_dw1_1_IRQHandler
                0x1008034c                cpuss_interrupts_dw1_0_IRQHandler
                0x1008034c                cpuss_interrupts_dw0_9_IRQHandler
                0x1008034c                lpcomp_interrupt_IRQHandler
                0x1008034c                tcpwm_1_interrupts_23_IRQHandler
                0x1008034c                udb_interrupts_4_IRQHandler
                0x1008034c                tcpwm_1_interrupts_20_IRQHandler
                0x1008034c                ioss_interrupt_gpio_IRQHandler
                0x1008034c                tcpwm_0_interrupts_1_IRQHandler
                0x1008034c                ioss_interrupts_gpio_8_IRQHandler
                0x1008034c                tcpwm_0_interrupts_6_IRQHandler
                0x1008034c                scb_7_interrupt_IRQHandler
                0x1008034c                tcpwm_1_interrupts_7_IRQHandler
                0x1008034c                cpuss_interrupts_ipc_11_IRQHandler
                0x1008034c                udb_interrupts_13_IRQHandler
                0x1008034c                cpuss_interrupts_dw0_15_IRQHandler
                0x1008034c                udb_interrupts_7_IRQHandler
                0x1008034c                cpuss_interrupts_dw1_6_IRQHandler
                0x1008034c                cpuss_interrupt_crypto_IRQHandler
                0x1008034c                scb_1_interrupt_IRQHandler
                0x1008034c                Default_Handler
                0x1008034c                usb_interrupt_hi_IRQHandler
                0x1008034c                tcpwm_1_interrupts_0_IRQHandler
                0x1008034c                udb_interrupts_9_IRQHandler
                0x1008034c                audioss_interrupt_pdm_IRQHandler
                0x1008034c                srss_interrupt_mcwdt_0_IRQHandler
                0x1008034c                scb_3_interrupt_IRQHandler
                0x1008034c                pass_interrupt_ctbs_IRQHandler
                0x1008034c                udb_interrupts_8_IRQHandler
                0x1008034c                ioss_interrupts_gpio_3_IRQHandler
                0x1008034c                scb_6_interrupt_IRQHandler
                0x1008034c                cpuss_interrupts_cm4_cti_0_IRQHandler
                0x1008034c                cpuss_interrupts_dw1_3_IRQHandler
                0x1008034c                pass_interrupt_sar_IRQHandler
                0x1008034c                ioss_interrupts_gpio_0_IRQHandler
                0x1008034c                ioss_interrupts_gpio_14_IRQHandler
                0x1008034c                tcpwm_0_interrupts_4_IRQHandler
                0x1008034c                udb_interrupts_3_IRQHandler
                0x1008034c                tcpwm_0_interrupts_5_IRQHandler
                0x1008034c                cpuss_interrupts_ipc_15_IRQHandler
                0x1008034c                cpuss_interrupts_cm4_cti_1_IRQHandler
                0x1008034c                scb_8_interrupt_IRQHandler
                0x1008034c                srss_interrupt_mcwdt_1_IRQHandler
                0x1008034c                cpuss_interrupts_dw1_2_IRQHandler
                0x1008034c                SVC_Handler
                0x1008034c                cpuss_interrupts_dw1_5_IRQHandler
                0x1008034c                cpuss_interrupts_ipc_1_IRQHandler
                0x1008034c                cpuss_interrupts_dw0_0_IRQHandler
                0x1008034c                ioss_interrupts_gpio_12_IRQHandler
                0x1008034c                cpuss_interrupts_ipc_3_IRQHandler
                0x1008034c                tcpwm_1_interrupts_17_IRQHandler
                0x1008034c                srss_interrupt_backup_IRQHandler
                0x1008034c                bless_interrupt_IRQHandler
                0x1008034c                cpuss_interrupts_ipc_10_IRQHandler
                0x1008034c                cpuss_interrupts_ipc_9_IRQHandler
                0x1008034c                cpuss_interrupts_dw0_14_IRQHandler
                0x1008034c                tcpwm_1_interrupts_4_IRQHandler
                0x1008034c                tcpwm_0_interrupts_3_IRQHandler
                0x1008034c                cpuss_interrupts_dw1_15_IRQHandler
                0x1008034c                ioss_interrupts_gpio_10_IRQHandler
                0x1008034c                udb_interrupts_10_IRQHandler
                0x1008034c                cpuss_interrupts_dw0_8_IRQHandler
                0x1008034c                ioss_interrupts_gpio_11_IRQHandler
                0x1008034c                cpuss_interrupts_ipc_14_IRQHandler
                0x1008034c                ioss_interrupts_gpio_5_IRQHandler
                0x1008034c                ioss_interrupts_gpio_4_IRQHandler
                0x1008034c                tcpwm_1_interrupts_8_IRQHandler
                0x1008034c                cpuss_interrupts_dw1_14_IRQHandler
                0x1008034c                usb_interrupt_med_IRQHandler
                0x1008034c                cpuss_interrupts_dw0_2_IRQHandler
                0x1008034c                tcpwm_1_interrupts_10_IRQHandler
                0x1008034c                cpuss_interrupts_fault_0_IRQHandler
                0x1008034c                cpuss_interrupts_dw0_12_IRQHandler
                0x1008034c                ioss_interrupts_gpio_6_IRQHandler
                0x1008034c                tcpwm_1_interrupts_21_IRQHandler
                0x1008034c                tcpwm_1_interrupts_16_IRQHandler
                0x1008034c                cpuss_interrupts_dw1_4_IRQHandler
                0x1008034c                udb_interrupts_15_IRQHandler
                0x1008034c                cpuss_interrupts_dw1_11_IRQHandler
                0x1008034c                cpuss_interrupts_dw0_6_IRQHandler
                0x1008034c                ioss_interrupt_vdd_IRQHandler
                0x1008034c                cpuss_interrupts_dw0_7_IRQHandler
                0x1008034c                audioss_interrupt_i2s_IRQHandler
                0x1008034c                tcpwm_1_interrupts_5_IRQHandler
                0x1008034c                cpuss_interrupts_ipc_2_IRQHandler
                0x1008034c                cpuss_interrupts_dw0_10_IRQHandler
                0x1008034c                tcpwm_1_interrupts_19_IRQHandler
                0x1008034c                cpuss_interrupts_dw0_1_IRQHandler
                0x1008034c                ioss_interrupts_gpio_9_IRQHandler
                0x1008034c                usb_interrupt_lo_IRQHandler
                0x1008034c                cpuss_interrupts_ipc_8_IRQHandler
                0x1008034c                udb_interrupts_14_IRQHandler
                0x1008034c                cpuss_interrupts_dw0_3_IRQHandler
                0x10080350                UsageFault_Handler
                0x10080350                HardFault_Handler
                0x10080350                MemManage_Handler
                0x10080350                BusFault_Handler
 .text.ShowCapSense
                0x1008036c       0x8c .\CortexM4\ARM_GCC_541\Debug\main_cm4.o
                0x1008036c                ShowCapSense
 .text.main     0x100803f8       0x44 .\CortexM4\ARM_GCC_541\Debug\main_cm4.o
                0x100803f8                main
 .text.Cy_SysIpcPipeIsrCm4
                0x1008043c        0xc .\CortexM4\ARM_GCC_541\Debug\system_psoc6_cm4.o
                0x1008043c                Cy_SysIpcPipeIsrCm4
 .text.Cy_SystemInit
                0x10080448        0x4 .\CortexM4\ARM_GCC_541\Debug\system_psoc6_cm4.o
                0x10080448                Cy_SystemInit
 .text.SystemCoreClockUpdate
                0x1008044c      0x190 .\CortexM4\ARM_GCC_541\Debug\system_psoc6_cm4.o
                0x1008044c                SystemCoreClockUpdate
 .text.SystemInit
                0x100805dc       0x48 .\CortexM4\ARM_GCC_541\Debug\system_psoc6_cm4.o
                0x100805dc                SystemInit
 .text.Cy_SystemInitFpuEnable
                0x10080624       0x28 .\CortexM4\ARM_GCC_541\Debug\system_psoc6_cm4.o
                0x10080624                Cy_SystemInitFpuEnable
 .text.CapSense_Initialize
                0x1008064c       0x24 .\CortexM4\ARM_GCC_541\Debug\CapSense_Control.o
                0x1008064c                CapSense_Initialize
 .text.CapSense_Start
                0x10080670       0x3c .\CortexM4\ARM_GCC_541\Debug\CapSense_Control.o
                0x10080670                CapSense_Start
 .text.CapSense_ProcessAllWidgets
                0x100806ac       0x74 .\CortexM4\ARM_GCC_541\Debug\CapSense_Control.o
                0x100806ac                CapSense_ProcessAllWidgets
 .text.CapSense_DpInitialize
                0x10080720       0x84 .\CortexM4\ARM_GCC_541\Debug\CapSense_Processing.o
                0x10080720                CapSense_DpInitialize
 .text.CapSense_DpUpdateThresholds
                0x100807a4       0x34 .\CortexM4\ARM_GCC_541\Debug\CapSense_Processing.o
                0x100807a4                CapSense_DpUpdateThresholds
 .text.CapSense_DpUpdateDifferences
                0x100807d8       0x18 .\CortexM4\ARM_GCC_541\Debug\CapSense_Processing.o
                0x100807d8                CapSense_DpUpdateDifferences
 .text.CapSense_DpProcessCsxWidgetRawCounts
                0x100807f0       0x48 .\CortexM4\ARM_GCC_541\Debug\CapSense_Processing.o
                0x100807f0                CapSense_DpProcessCsxWidgetRawCounts
 .text.CapSense_DpProcessCsdWidgetRawCounts
                0x10080838       0x84 .\CortexM4\ARM_GCC_541\Debug\CapSense_Processing.o
                0x10080838                CapSense_DpProcessCsdWidgetRawCounts
 .text.CapSense_DpProcessButton
                0x100808bc       0x64 .\CortexM4\ARM_GCC_541\Debug\CapSense_Processing.o
                0x100808bc                CapSense_DpProcessButton
 .text.CapSense_DpProcessCsxWidgetStatus
                0x10080920       0x64 .\CortexM4\ARM_GCC_541\Debug\CapSense_Processing.o
                0x10080920                CapSense_DpProcessCsxWidgetStatus
 .text.CapSense_DpProcessSlider
                0x10080984       0xcc .\CortexM4\ARM_GCC_541\Debug\CapSense_Processing.o
                0x10080984                CapSense_DpProcessSlider
 .text.CapSense_DpProcessCsdWidgetStatus
                0x10080a50       0x74 .\CortexM4\ARM_GCC_541\Debug\CapSense_Processing.o
                0x10080a50                CapSense_DpProcessCsdWidgetStatus
 .text.CapSense_DsInitialize
                0x10080ac4       0x98 .\CortexM4\ARM_GCC_541\Debug\CapSense_Structure.o
                0x10080ac4                CapSense_DsInitialize
 .text.CapSense_IsWidgetActive
                0x10080b5c       0x28 .\CortexM4\ARM_GCC_541\Debug\CapSense_Structure.o
                0x10080b5c                CapSense_IsWidgetActive
 .text.CapSense_GetCentroidPos
                0x10080b84       0x38 .\CortexM4\ARM_GCC_541\Debug\CapSense_Structure.o
                0x10080b84                CapSense_GetCentroidPos
 .text.CapSense_TuInitialize
                0x10080bbc       0x14 .\CortexM4\ARM_GCC_541\Debug\CapSense_Tuner.o
                0x10080bbc                CapSense_TuInitialize
 .text.CapSense_FtInitializeBaselineChannel
                0x10080bd0       0x20 .\CortexM4\ARM_GCC_541\Debug\CapSense_Filter.o
                0x10080bd0                CapSense_FtInitializeBaselineChannel
 .text.CapSense_FtInitializeBaseline
                0x10080bf0       0x20 .\CortexM4\ARM_GCC_541\Debug\CapSense_Filter.o
                0x10080bf0                CapSense_FtInitializeBaseline
 .text.CapSense_InitializeSensorBaseline
                0x10080c10       0x20 .\CortexM4\ARM_GCC_541\Debug\CapSense_Filter.o
                0x10080c10                CapSense_InitializeSensorBaseline
 .text.CapSense_InitializeWidgetBaseline
                0x10080c30       0x28 .\CortexM4\ARM_GCC_541\Debug\CapSense_Filter.o
                0x10080c30                CapSense_InitializeWidgetBaseline
 .text.CapSense_InitializeAllBaselines
                0x10080c58       0x18 .\CortexM4\ARM_GCC_541\Debug\CapSense_Filter.o
                0x10080c58                CapSense_InitializeAllBaselines
 .text.CapSense_InitializeMedianInternal
                0x10080c70       0x2c .\CortexM4\ARM_GCC_541\Debug\CapSense_Filter.o
                0x10080c70                CapSense_InitializeMedianInternal
 .text.CapSense_InitializeAverageInternal
                0x10080c9c       0x34 .\CortexM4\ARM_GCC_541\Debug\CapSense_Filter.o
                0x10080c9c                CapSense_InitializeAverageInternal
 .text.CapSense_InitializeWidgetFilter
                0x10080cd0       0x88 .\CortexM4\ARM_GCC_541\Debug\CapSense_Filter.o
                0x10080cd0                CapSense_InitializeWidgetFilter
 .text.CapSense_InitializeAllFilters
                0x10080d58       0x18 .\CortexM4\ARM_GCC_541\Debug\CapSense_Filter.o
                0x10080d58                CapSense_InitializeAllFilters
 .text.CapSense_FtInitialize
                0x10080d70        0x8 .\CortexM4\ARM_GCC_541\Debug\CapSense_Filter.o
                0x10080d70                CapSense_FtInitialize
 .text.CapSense_RunAverageInternal
                0x10080d78       0x44 .\CortexM4\ARM_GCC_541\Debug\CapSense_Filter.o
                0x10080d78                CapSense_RunAverageInternal
 .text.CapSense_FtMedian
                0x10080dbc       0x18 .\CortexM4\ARM_GCC_541\Debug\CapSense_Filter.o
                0x10080dbc                CapSense_FtMedian
 .text.CapSense_RunMedianInternal
                0x10080dd4       0x4c .\CortexM4\ARM_GCC_541\Debug\CapSense_Filter.o
                0x10080dd4                CapSense_RunMedianInternal
 .text.CapSense_FtRunEnabledFiltersInternal
                0x10080e20       0x18 .\CortexM4\ARM_GCC_541\Debug\CapSense_Filter.o
                0x10080e20                CapSense_FtRunEnabledFiltersInternal
 .text.CapSense_FtIIR1stOrder
                0x10080e38       0x14 .\CortexM4\ARM_GCC_541\Debug\CapSense_Filter.o
                0x10080e38                CapSense_FtIIR1stOrder
 .text.CapSense_FtUpdateBaseline
                0x10080e4c       0x8c .\CortexM4\ARM_GCC_541\Debug\CapSense_Filter.o
                0x10080e4c                CapSense_FtUpdateBaseline
 .text.CapSense_SsCalcLfsrSize
                0x10080ed8       0xb0 .\CortexM4\ARM_GCC_541\Debug\CapSense_Sensing.o
 .text.CapSense_SsCalcLfsrScale
                0x10080f88       0x38 .\CortexM4\ARM_GCC_541\Debug\CapSense_Sensing.o
 .text.CapSense_SsDisableCSXMode
                0x10080fc0        0x8 .\CortexM4\ARM_GCC_541\Debug\CapSense_Sensing.o
 .text.CapSense_SsCSDDisableMode
                0x10080fc8       0x38 .\CortexM4\ARM_GCC_541\Debug\CapSense_Sensing.o
 .text.CapSense_IsBusy
                0x10081000       0x10 .\CortexM4\ARM_GCC_541\Debug\CapSense_Sensing.o
                0x10081000                CapSense_IsBusy
 .text.CapSense_SetBusyFlags
                0x10081010       0x18 .\CortexM4\ARM_GCC_541\Debug\CapSense_Sensing.o
                0x10081010                CapSense_SetBusyFlags
 .text.CapSense_ClrBusyFlags
                0x10081028       0x18 .\CortexM4\ARM_GCC_541\Debug\CapSense_Sensing.o
                0x10081028                CapSense_ClrBusyFlags
 .text.CapSense_SetupWidget
                0x10081040       0x64 .\CortexM4\ARM_GCC_541\Debug\CapSense_Sensing.o
                0x10081040                CapSense_SetupWidget
 .text.CapSense_Scan
                0x100810a4       0x3c .\CortexM4\ARM_GCC_541\Debug\CapSense_Sensing.o
                0x100810a4                CapSense_Scan
 .text.CapSense_ScanAllWidgets
                0x100810e0       0x54 .\CortexM4\ARM_GCC_541\Debug\CapSense_Sensing.o
                0x100810e0                CapSense_ScanAllWidgets
 .text.CapSense_SsSwitchSensingMode
                0x10081134       0x50 .\CortexM4\ARM_GCC_541\Debug\CapSense_Sensing.o
                0x10081134                CapSense_SsSwitchSensingMode
 .text.CapSense_SsSetIOsInDefaultState
                0x10081184       0x28 .\CortexM4\ARM_GCC_541\Debug\CapSense_Sensing.o
                0x10081184                CapSense_SsSetIOsInDefaultState
 .text.CapSense_SsPostAllWidgetsScan
                0x100811ac       0x78 .\CortexM4\ARM_GCC_541\Debug\CapSense_Sensing.o
                0x100811ac                CapSense_SsPostAllWidgetsScan
 .text.CapSense_SsIsrInitialize
                0x10081224       0x58 .\CortexM4\ARM_GCC_541\Debug\CapSense_Sensing.o
                0x10081224                CapSense_SsIsrInitialize
 .text.CapSense_CalibrateWidget
                0x1008127c       0x3c .\CortexM4\ARM_GCC_541\Debug\CapSense_Sensing.o
                0x1008127c                CapSense_CalibrateWidget
 .text.CapSense_CalibrateAllWidgets
                0x100812b8       0x1c .\CortexM4\ARM_GCC_541\Debug\CapSense_Sensing.o
                0x100812b8                CapSense_CalibrateAllWidgets
 .text.CapSense_SsClearCSDSensors
                0x100812d4       0x44 .\CortexM4\ARM_GCC_541\Debug\CapSense_Sensing.o
                0x100812d4                CapSense_SsClearCSDSensors
 .text.CapSense_SsCSDGetColSnsClkDivider
                0x10081318       0x14 .\CortexM4\ARM_GCC_541\Debug\CapSense_Sensing.o
                0x10081318                CapSense_SsCSDGetColSnsClkDivider
 .text.CapSense_SsCSDSetColSnsClkDivider
                0x1008132c       0x14 .\CortexM4\ARM_GCC_541\Debug\CapSense_Sensing.o
                0x1008132c                CapSense_SsCSDSetColSnsClkDivider
 .text.CapSense_SsCSDCalcPrsSize
                0x10081340       0x24 .\CortexM4\ARM_GCC_541\Debug\CapSense_Sensing.o
                0x10081340                CapSense_SsCSDCalcPrsSize
 .text.CapSense_SsSetWidgetSenseClkSrc
                0x10081364       0x54 .\CortexM4\ARM_GCC_541\Debug\CapSense_Sensing.o
 .text.CapSense_SsAutoTune
                0x100813b8      0x18c .\CortexM4\ARM_GCC_541\Debug\CapSense_Sensing.o
                0x100813b8                CapSense_SsAutoTune
 .text.CapSense_SsInitializeSourceSenseClk
                0x10081544       0x64 .\CortexM4\ARM_GCC_541\Debug\CapSense_Sensing.o
                0x10081544                CapSense_SsInitializeSourceSenseClk
 .text.CapSense_SsInitialize
                0x100815a8       0x14 .\CortexM4\ARM_GCC_541\Debug\CapSense_Sensing.o
                0x100815a8                CapSense_SsInitialize
 .text.CapSense_BistDischargeExtCapacitors
                0x100815bc       0xc0 .\CortexM4\ARM_GCC_541\Debug\CapSense_Sensing.o
                0x100815bc                CapSense_BistDischargeExtCapacitors
 .text.CapSense_SsCSDPostScan
                0x1008167c       0x54 .\CortexM4\ARM_GCC_541\Debug\CapSense_INT.o
 .text.CapSense_SsCSDInitNextScan
                0x100816d0       0xa0 .\CortexM4\ARM_GCC_541\Debug\CapSense_INT.o
 .text.CapSense_CSDPostSingleScan
                0x10081770       0x2c .\CortexM4\ARM_GCC_541\Debug\CapSense_INT.o
                0x10081770                CapSense_CSDPostSingleScan
 .text.CapSense_CSDPostMultiScan
                0x1008179c       0x44 .\CortexM4\ARM_GCC_541\Debug\CapSense_INT.o
                0x1008179c                CapSense_CSDPostMultiScan
 .text.CapSense_SsCSDSetModeSnsClockDivider
                0x100817e0       0x10 .\CortexM4\ARM_GCC_541\Debug\CapSense_SensingCSD_LL.o
 .text.CapSense_SsCSDSetFilterDelay
                0x100817f0       0x50 .\CortexM4\ARM_GCC_541\Debug\CapSense_SensingCSD_LL.o
 .text.CapSense_SsCSDConfigIDACs
                0x10081840       0x1c .\CortexM4\ARM_GCC_541\Debug\CapSense_SensingCSD_LL.o
 .text.CapSense_SsCSDSetSingleIdacMode
                0x1008185c       0x28 .\CortexM4\ARM_GCC_541\Debug\CapSense_SensingCSD_LL.o
 .text.CapSense_SsCSDRestoreIdacMode
                0x10081884       0x2c .\CortexM4\ARM_GCC_541\Debug\CapSense_SensingCSD_LL.o
 .text.CapSense_SsCSDCalibrateCheck
                0x100818b0       0x4c .\CortexM4\ARM_GCC_541\Debug\CapSense_SensingCSD_LL.o
 .text.CapSense_SsCSDCmodPrecharge
                0x100818fc       0x6c .\CortexM4\ARM_GCC_541\Debug\CapSense_SensingCSD_LL.o
 .text.CapSense_SsCSDTriggerScan
                0x10081968       0x98 .\CortexM4\ARM_GCC_541\Debug\CapSense_SensingCSD_LL.o
 .text.CapSense_SsCSDInitialize
                0x10081a00      0x144 .\CortexM4\ARM_GCC_541\Debug\CapSense_SensingCSD_LL.o
                0x10081a00                CapSense_SsCSDInitialize
 .text.CapSense_SsCSDSetUpIdacs
                0x10081b44       0x50 .\CortexM4\ARM_GCC_541\Debug\CapSense_SensingCSD_LL.o
                0x10081b44                CapSense_SsCSDSetUpIdacs
 .text.CapSense_SsCSDGetNumberOfConversions
                0x10081b94       0x30 .\CortexM4\ARM_GCC_541\Debug\CapSense_SensingCSD_LL.o
                0x10081b94                CapSense_SsCSDGetNumberOfConversions
 .text.CapSense_SsCSDConfigClock
                0x10081bc4       0x3c .\CortexM4\ARM_GCC_541\Debug\CapSense_SensingCSD_LL.o
                0x10081bc4                CapSense_SsCSDConfigClock
 .text.CapSense_SsCSDCalculateScanDuration
                0x10081c00       0x18 .\CortexM4\ARM_GCC_541\Debug\CapSense_SensingCSD_LL.o
                0x10081c00                CapSense_SsCSDCalculateScanDuration
 .text.CapSense_SsCSDStartSample
                0x10081c18       0x44 .\CortexM4\ARM_GCC_541\Debug\CapSense_SensingCSD_LL.o
                0x10081c18                CapSense_SsCSDStartSample
 .text.CapSense_CSDScanExt
                0x10081c5c       0x18 .\CortexM4\ARM_GCC_541\Debug\CapSense_SensingCSD_LL.o
                0x10081c5c                CapSense_CSDScanExt
 .text.CapSense_CSDConnectSns
                0x10081c74       0xa0 .\CortexM4\ARM_GCC_541\Debug\CapSense_SensingCSD_LL.o
                0x10081c74                CapSense_CSDConnectSns
 .text.CapSense_CSDScan
                0x10081d14       0x6c .\CortexM4\ARM_GCC_541\Debug\CapSense_SensingCSD_LL.o
                0x10081d14                CapSense_CSDScan
 .text.CapSense_SsCSDConnectSensorExt
                0x10081d80       0x24 .\CortexM4\ARM_GCC_541\Debug\CapSense_SensingCSD_LL.o
                0x10081d80                CapSense_SsCSDConnectSensorExt
 .text.CapSense_CSDDisconnectSns
                0x10081da4       0xac .\CortexM4\ARM_GCC_541\Debug\CapSense_SensingCSD_LL.o
                0x10081da4                CapSense_CSDDisconnectSns
 .text.CapSense_SsCSDElectrodeCheck
                0x10081e50       0x24 .\CortexM4\ARM_GCC_541\Debug\CapSense_SensingCSD_LL.o
                0x10081e50                CapSense_SsCSDElectrodeCheck
 .text.CapSense_CSDSetupWidget
                0x10081e74       0x58 .\CortexM4\ARM_GCC_541\Debug\CapSense_SensingCSD_LL.o
                0x10081e74                CapSense_CSDSetupWidget
 .text.CapSense_CSDSetupWidgetExt
                0x10081ecc       0x64 .\CortexM4\ARM_GCC_541\Debug\CapSense_SensingCSD_LL.o
                0x10081ecc                CapSense_CSDSetupWidgetExt
 .text.CapSense_SsCSDCalibrateOneSensor
                0x10081f30       0xe8 .\CortexM4\ARM_GCC_541\Debug\CapSense_SensingCSD_LL.o
 .text.CapSense_CSDCalibrateWidget
                0x10082018      0x114 .\CortexM4\ARM_GCC_541\Debug\CapSense_SensingCSD_LL.o
                0x10082018                CapSense_CSDCalibrateWidget
 .text.CapSense_SsCalcCsxScanPeriod
                0x1008212c       0x10 .\CortexM4\ARM_GCC_541\Debug\CapSense_SensingCSX_LL.o
 .text.CapSense_CSXScanISR
                0x1008213c       0xd0 .\CortexM4\ARM_GCC_541\Debug\CapSense_SensingCSX_LL.o
                0x1008213c                CapSense_CSXScanISR
 .text.CapSense_SsCSXStartSample
                0x1008220c      0x14c .\CortexM4\ARM_GCC_541\Debug\CapSense_SensingCSX_LL.o
 .text.CapSense_CSXInitialize
                0x10082358      0x160 .\CortexM4\ARM_GCC_541\Debug\CapSense_SensingCSX_LL.o
                0x10082358                CapSense_CSXInitialize
 .text.CapSense_CSXCalibrateWidget
                0x100824b8       0xcc .\CortexM4\ARM_GCC_541\Debug\CapSense_SensingCSX_LL.o
                0x100824b8                CapSense_CSXCalibrateWidget
 .text.CapSense_CSXConnectTx
                0x10082584       0xa0 .\CortexM4\ARM_GCC_541\Debug\CapSense_SensingCSX_LL.o
                0x10082584                CapSense_CSXConnectTx
 .text.CapSense_CSXConnectRx
                0x10082624       0x9c .\CortexM4\ARM_GCC_541\Debug\CapSense_SensingCSX_LL.o
                0x10082624                CapSense_CSXConnectRx
 .text.CapSense_CSXScan
                0x100826c0       0x60 .\CortexM4\ARM_GCC_541\Debug\CapSense_SensingCSX_LL.o
                0x100826c0                CapSense_CSXScan
 .text.CapSense_CSXDisconnectTx
                0x10082720       0x64 .\CortexM4\ARM_GCC_541\Debug\CapSense_SensingCSX_LL.o
                0x10082720                CapSense_CSXDisconnectTx
 .text.CapSense_CSXDisconnectRx
                0x10082784       0xac .\CortexM4\ARM_GCC_541\Debug\CapSense_SensingCSX_LL.o
                0x10082784                CapSense_CSXDisconnectRx
 .text.CapSense_SsCSXPostMultiScan
                0x10082830       0xd0 .\CortexM4\ARM_GCC_541\Debug\CapSense_SensingCSX_LL.o
 .text.CapSense_CSXElectrodeCheck
                0x10082900       0x24 .\CortexM4\ARM_GCC_541\Debug\CapSense_SensingCSX_LL.o
                0x10082900                CapSense_CSXElectrodeCheck
 .text.CapSense_CSXSetupWidget
                0x10082924       0x8c .\CortexM4\ARM_GCC_541\Debug\CapSense_SensingCSX_LL.o
                0x10082924                CapSense_CSXSetupWidget
 .text.CapSense_SsCSXGetTxClkDivider
                0x100829b0       0x14 .\CortexM4\ARM_GCC_541\Debug\CapSense_SensingCSX_LL.o
                0x100829b0                CapSense_SsCSXGetTxClkDivider
 .text.CapSense_DpFindLocalMaxSd
                0x100829c4       0xd8 .\CortexM4\ARM_GCC_541\Debug\CapSense_Centroid_LL.o
                0x100829c4                CapSense_DpFindLocalMaxSd
 .text.CapSense_DpCalcLinearCentroid
                0x10082a9c       0x84 .\CortexM4\ARM_GCC_541\Debug\CapSense_Centroid_LL.o
                0x10082a9c                CapSense_DpCalcLinearCentroid
 .text.CapSense_InitializeGestures
                0x10082b20       0x30 .\CortexM4\ARM_GCC_541\Debug\CapSense_Gesture.o
                0x10082b20                CapSense_InitializeGestures
 .text.PWM_1_Start
                0x10082b50       0x30 .\CortexM4\ARM_GCC_541\Debug\PWM_1.o
                0x10082b50                PWM_1_Start
 .text.PWM_2_Start
                0x10082b80       0x30 .\CortexM4\ARM_GCC_541\Debug\PWM_2.o
                0x10082b80                PWM_2_Start
 .text.Cy_Flash_ProcessOpcode
                0x10082bb0       0xac .\CortexM4\ARM_GCC_541\Debug\cy_flash.o
 .text.Cy_Flash_OperationStatus
                0x10082c5c       0x5c .\CortexM4\ARM_GCC_541\Debug\cy_flash.o
 .text.Cy_Flash_InitExt
                0x10082cb8       0x80 .\CortexM4\ARM_GCC_541\Debug\cy_flash.o
                0x10082cb8                Cy_Flash_InitExt
 .text.Cy_Flash_Init
                0x10082d38       0x10 .\CortexM4\ARM_GCC_541\Debug\cy_flash.o
                0x10082d38                Cy_Flash_Init
 .text.Cy_GPIO_Pin_FastInit
                0x10082d48       0xf8 .\CortexM4\ARM_GCC_541\Debug\cy_gpio.o
                0x10082d48                Cy_GPIO_Pin_FastInit
 .text.Cy_IPC_Drv_LockRelease
                0x10082e40       0x3c .\CortexM4\ARM_GCC_541\Debug\cy_ipc_drv.o
                0x10082e40                Cy_IPC_Drv_LockRelease
 .text.Cy_IPC_Drv_SendMsgWord
                0x10082e7c       0x3c .\CortexM4\ARM_GCC_541\Debug\cy_ipc_drv.o
                0x10082e7c                Cy_IPC_Drv_SendMsgWord
 .text.Cy_IPC_Drv_ReadMsgWord
                0x10082eb8       0x38 .\CortexM4\ARM_GCC_541\Debug\cy_ipc_drv.o
                0x10082eb8                Cy_IPC_Drv_ReadMsgWord
 .text.Cy_IPC_Sema_InitExt
                0x10082ef0       0xac .\CortexM4\ARM_GCC_541\Debug\cy_ipc_sema.o
                0x10082ef0                Cy_IPC_Sema_InitExt
 .text.Cy_IPC_Sema_Init
                0x10082f9c       0x64 .\CortexM4\ARM_GCC_541\Debug\cy_ipc_sema.o
                0x10082f9c                Cy_IPC_Sema_Init
 .text.Cy_IPC_Sema_Clear
                0x10083000       0x88 .\CortexM4\ARM_GCC_541\Debug\cy_ipc_sema.o
                0x10083000                Cy_IPC_Sema_Clear
 .text.Cy_IPC_Sema_Status
                0x10083088       0x40 .\CortexM4\ARM_GCC_541\Debug\cy_ipc_sema.o
                0x10083088                Cy_IPC_Sema_Status
 .text.Cy_IPC_Pipe_Config
                0x100830c8       0x10 .\CortexM4\ARM_GCC_541\Debug\cy_ipc_pipe.o
                0x100830c8                Cy_IPC_Pipe_Config
 .text.Cy_IPC_Pipe_EndpointInit
                0x100830d8       0xd0 .\CortexM4\ARM_GCC_541\Debug\cy_ipc_pipe.o
                0x100830d8                Cy_IPC_Pipe_EndpointInit
 .text.Cy_IPC_Pipe_Init
                0x100831a8       0xb4 .\CortexM4\ARM_GCC_541\Debug\cy_ipc_pipe.o
                0x100831a8                Cy_IPC_Pipe_Init
 .text.Cy_IPC_Pipe_SendMessage
                0x1008325c       0xa4 .\CortexM4\ARM_GCC_541\Debug\cy_ipc_pipe.o
                0x1008325c                Cy_IPC_Pipe_SendMessage
 .text.Cy_IPC_Pipe_RegisterCallback
                0x10083300       0x50 .\CortexM4\ARM_GCC_541\Debug\cy_ipc_pipe.o
                0x10083300                Cy_IPC_Pipe_RegisterCallback
 .text.Cy_IPC_Pipe_ExecCallback
                0x10083350       0xbc .\CortexM4\ARM_GCC_541\Debug\cy_ipc_pipe.o
                0x10083350                Cy_IPC_Pipe_ExecCallback
 .text.Cy_IPC_Pipe_ExecuteCallback
                0x1008340c       0x2c .\CortexM4\ARM_GCC_541\Debug\cy_ipc_pipe.o
                0x1008340c                Cy_IPC_Pipe_ExecuteCallback
 .text.Cy_SysInt_SetVector
                0x10083438       0x48 .\CortexM4\ARM_GCC_541\Debug\cy_sysint.o
                0x10083438                Cy_SysInt_SetVector
 .text.Cy_SysInt_Init
                0x10083480       0x74 .\CortexM4\ARM_GCC_541\Debug\cy_sysint.o
                0x10083480                Cy_SysInt_Init
 .text.Cy_SysLib_DelayUs
                0x100834f4       0x14 .\CortexM4\ARM_GCC_541\Debug\cy_syslib.o
                0x100834f4                Cy_SysLib_DelayUs
 .text.Cy_SysLib_Halt
                0x10083508        0x4 .\CortexM4\ARM_GCC_541\Debug\cy_syslib.o
                0x10083508                Cy_SysLib_Halt
 .text.Cy_SysLib_AssertFailed
                0x1008350c       0x1c .\CortexM4\ARM_GCC_541\Debug\cy_syslib.o
                0x1008350c                Cy_SysLib_AssertFailed
 .text.Cy_SysLib_ProcessingFault
                0x10083528        0x4 .\CortexM4\ARM_GCC_541\Debug\cy_syslib.o
                0x10083528                Cy_SysLib_ProcessingFault
 .text.Cy_SysLib_FaultHandler
                0x1008352c       0xa4 .\CortexM4\ARM_GCC_541\Debug\cy_syslib.o
                0x1008352c                Cy_SysLib_FaultHandler
 .text          0x100835d0       0x20 .\CortexM4\ARM_GCC_541\Debug\cy_syslib_gcc.o
                0x100835d0                Cy_SysLib_DelayCycles
                0x100835e2                Cy_SysLib_EnterCriticalSection
                0x100835ea                Cy_SysLib_ExitCriticalSection
 .text.Cy_TCPWM_PWM_Init
                0x100835f0      0x16c .\CortexM4\ARM_GCC_541\Debug\cy_tcpwm_pwm.o
                0x100835f0                Cy_TCPWM_PWM_Init
 .text.Cy_PDL_Init
                0x1008375c        0xc .\CortexM4\ARM_GCC_541\Debug\cy_device.o
                0x1008375c                Cy_PDL_Init
 .text.Gesture_Init
                0x10083768       0x80 C:\Program Files (x86)\Cypress\PSoC Creator\4.4\PSoC Creator\psoc\content\CyComponentLibrary\CyComponentLibrary.cylib\CapSense_TMG_v2_0\Library\Gestures_GCC_M4.a(Gesture.o)
                0x10083768                Gesture_Init
 .text.SmartSense_TunePrescalers
                0x100837e8       0x4c C:\Program Files (x86)\Cypress\PSoC Creator\4.4\PSoC Creator\psoc\content\CyComponentLibrary\CyComponentLibrary.cylib\CapSense_v3_0\Library\CapSense_Library_GCC_M4.a(CapSense_SmartSense_LL.o)
                0x100837e8                SmartSense_TunePrescalers
 .text.SmartSense_TuneSensitivity
                0x10083834       0x64 C:\Program Files (x86)\Cypress\PSoC Creator\4.4\PSoC Creator\psoc\content\CyComponentLibrary\CyComponentLibrary.cylib\CapSense_v3_0\Library\CapSense_Library_GCC_M4.a(CapSense_SmartSense_LL.o)
                0x10083834                SmartSense_TuneSensitivity
 .text.SmartSense_UpdateThresholds
                0x10083898       0x38 C:\Program Files (x86)\Cypress\PSoC Creator\4.4\PSoC Creator\psoc\content\CyComponentLibrary\CyComponentLibrary.cylib\CapSense_v3_0\Library\CapSense_Library_GCC_M4.a(CapSense_SmartSense_SL.o)
                0x10083898                SmartSense_UpdateThresholds
 .text.SmartSense_InitializeNoiseEnvelope
                0x100838d0       0x18 C:\Program Files (x86)\Cypress\PSoC Creator\4.4\PSoC Creator\psoc\content\CyComponentLibrary\CyComponentLibrary.cylib\CapSense_v3_0\Library\CapSense_Library_GCC_M4.a(CapSense_SmartSense_SL.o)
                0x100838d0                SmartSense_InitializeNoiseEnvelope
 .text.SmartSense_RunNoiseEnvelope
                0x100838e8       0x8a C:\Program Files (x86)\Cypress\PSoC Creator\4.4\PSoC Creator\psoc\content\CyComponentLibrary\CyComponentLibrary.cylib\CapSense_v3_0\Library\CapSense_Library_GCC_M4.a(CapSense_SmartSense_SL.o)
                0x100838e8                SmartSense_RunNoiseEnvelope
 .text.memcpy   0x10083972       0x16 c:/program files (x86)/cypress/psoc creator/4.4/psoc creator/import/gnu/arm/5.4.1/bin/../lib/gcc/arm-none-eabi/5.4.1/../../../../arm-none-eabi/lib/armv7e-m/softfp\libg_nano.a(lib_a-memcpy-stub.o)
                0x10083972                memcpy
 .text.memset   0x10083988       0x10 c:/program files (x86)/cypress/psoc creator/4.4/psoc creator/import/gnu/arm/5.4.1/bin/../lib/gcc/arm-none-eabi/5.4.1/../../../../arm-none-eabi/lib/armv7e-m/softfp\libg_nano.a(lib_a-memset.o)
                0x10083988                memset
 .text.strncpy  0x10083998       0x26 c:/program files (x86)/cypress/psoc creator/4.4/psoc creator/import/gnu/arm/5.4.1/bin/../lib/gcc/arm-none-eabi/5.4.1/../../../../arm-none-eabi/lib/armv7e-m/softfp\libg_nano.a(lib_a-strncpy.o)
                0x10083998                strncpy
 *(.init)
 *fill*         0x100839be        0x2 
 .init          0x100839c0        0x4 c:/program files (x86)/cypress/psoc creator/4.4/psoc creator/import/gnu/arm/5.4.1/bin/../lib/gcc/arm-none-eabi/5.4.1/armv7e-m/softfp/crti.o
                0x100839c0                _init
 .init          0x100839c4        0x8 c:/program files (x86)/cypress/psoc creator/4.4/psoc creator/import/gnu/arm/5.4.1/bin/../lib/gcc/arm-none-eabi/5.4.1/armv7e-m/softfp/crtn.o
 *(.fini)
 .fini          0x100839cc        0x4 c:/program files (x86)/cypress/psoc creator/4.4/psoc creator/import/gnu/arm/5.4.1/bin/../lib/gcc/arm-none-eabi/5.4.1/armv7e-m/softfp/crti.o
                0x100839cc                _fini
 .fini          0x100839d0        0x8 c:/program files (x86)/cypress/psoc creator/4.4/psoc creator/import/gnu/arm/5.4.1/bin/../lib/gcc/arm-none-eabi/5.4.1/armv7e-m/softfp/crtn.o
 *crtbegin.o(.ctors)
 *crtbegin?.o(.ctors)
 *(EXCLUDE_FILE(*crtend.o *crtend?.o) .ctors)
 *(SORT(.ctors.*))
 *(.ctors)
 *crtbegin.o(.dtors)
 *crtbegin?.o(.dtors)
 *(EXCLUDE_FILE(*crtend.o *crtend?.o) .dtors)
 *(SORT(.dtors.*))
 *(.dtors)
 *(.rodata .rodata.* .constdata .constdata.* .conststring .conststring.*)
 .rodata        0x100839d8       0x34 .\CortexM4\ARM_GCC_541\Debug\system_psoc6_cm4.o
 .rodata        0x10083a0c        0x8 .\CortexM4\ARM_GCC_541\Debug\cyfitter_sysint_cfg.o
                0x10083a0c                CapSense_ISR_cfg
 .rodata.str1.4
                0x10083a14       0x2a .\CortexM4\ARM_GCC_541\Debug\CapSense_Control.o
 *fill*         0x10083a3e        0x2 
 .rodata.str1.4
                0x10083a40       0x2d .\CortexM4\ARM_GCC_541\Debug\CapSense_Processing.o
 *fill*         0x10083a6d        0x3 
 .rodata        0x10083a70      0x16c .\CortexM4\ARM_GCC_541\Debug\CapSense_Structure.o
                0x10083a70                CapSense_ramIdacInit
                0x10083a78                CapSense_dsFlash
                0x10083afc                CapSense_ramWidgetInit
                0x10083b3c                CapSense_ramGesturesInit
                0x10083b94                CapSense_ioList
 .rodata        0x10083bdc        0x1 .\CortexM4\ARM_GCC_541\Debug\CapSense_Sensing.o
                0x10083bdc                CapSense_scanFreqIndex
 *fill*         0x10083bdd        0x3 
 .rodata.str1.4
                0x10083be0       0x6a .\CortexM4\ARM_GCC_541\Debug\CapSense_Sensing.o
 .rodata.str1.4
                0x10083c4a       0x3d .\CortexM4\ARM_GCC_541\Debug\CapSense_SensingCSD_LL.o
 .rodata.str1.4
                0x10083c4a       0x3d .\CortexM4\ARM_GCC_541\Debug\CapSense_SensingCSX_LL.o
 *fill*         0x10083c4a        0x2 
 .rodata        0x10083c4c       0x64 .\CortexM4\ARM_GCC_541\Debug\PWM_1.o
                0x10083c4c                PWM_1_config
 .rodata        0x10083cb0       0x64 .\CortexM4\ARM_GCC_541\Debug\PWM_2.o
                0x10083cb0                PWM_2_config
 .rodata.str1.4
                0x10083d14       0x3f .\CortexM4\ARM_GCC_541\Debug\cy_flash.o
 *fill*         0x10083d53        0x1 
 .rodata.str1.4
                0x10083d54       0x7d .\CortexM4\ARM_GCC_541\Debug\cy_gpio.o
 *fill*         0x10083dd1        0x3 
 .rodata.str1.4
                0x10083dd4       0x7f .\CortexM4\ARM_GCC_541\Debug\cy_ipc_drv.o
 .rodata.str1.4
                0x10083e53       0x3f .\CortexM4\ARM_GCC_541\Debug\cy_ipc_sema.o
 *fill*         0x10083e53        0x1 
 .rodata.str1.4
                0x10083e54       0x40 .\CortexM4\ARM_GCC_541\Debug\cy_ipc_pipe.o
                                 0x7f (size before relaxing)
 .rodata.str1.4
                0x10083e94       0x44 .\CortexM4\ARM_GCC_541\Debug\cy_sysint.o
                                 0x41 (size before relaxing)
 .rodata        0x10083ed8      0x170 .\CortexM4\ARM_GCC_541\Debug\cy_device.o
                0x10083ed8                cy_deviceIpBlockCfgPSoC6_02
                0x10083f90                cy_deviceIpBlockCfgPSoC6_01
 *(.eh_frame*)
 .eh_frame      0x10084048        0x0 c:/program files (x86)/cypress/psoc creator/4.4/psoc creator/import/gnu/arm/5.4.1/bin/../lib/gcc/arm-none-eabi/5.4.1/armv7e-m/softfp/crtbegin.o
 .eh_frame      0x10084048        0x4 c:/program files (x86)/cypress/psoc creator/4.4/psoc creator/import/gnu/arm/5.4.1/bin/../lib/gcc/arm-none-eabi/5.4.1/armv7e-m/softfp/crtend.o

.glue_7         0x1008404c        0x0
 .glue_7        0x1008404c        0x0 linker stubs

.glue_7t        0x1008404c        0x0
 .glue_7t       0x1008404c        0x0 linker stubs

.vfp11_veneer   0x1008404c        0x0
 .vfp11_veneer  0x1008404c        0x0 linker stubs

.v4_bx          0x1008404c        0x0
 .v4_bx         0x1008404c        0x0 linker stubs

.iplt           0x1008404c        0x0
 .iplt          0x1008404c        0x0 c:/program files (x86)/cypress/psoc creator/4.4/psoc creator/import/gnu/arm/5.4.1/bin/../lib/gcc/arm-none-eabi/5.4.1/armv7e-m/softfp/crtbegin.o

.ARM.extab
 *(.ARM.extab* .gnu.linkonce.armextab.*)
                0x1008404c                __exidx_start = .

.ARM.exidx
 *(.ARM.exidx* .gnu.linkonce.armexidx.*)
                0x1008404c                __exidx_end = .

.copy.table     0x1008404c       0x18
                0x1008404c                . = ALIGN (0x4)
                0x1008404c                __copy_table_start__ = .
                0x1008404c        0x4 LONG 0x10080000 __Vectors
                0x10084050        0x4 LONG 0x8024000 __ram_vectors_start__
                0x10084054        0x4 LONG 0x28c (__Vectors_End - __Vectors)
                0x10084058        0x4 LONG 0x1008406c __etext
                0x1008405c        0x4 LONG 0x802428c __data_start__
                0x10084060        0x4 LONG 0x62c (__data_end__ - __data_start__)
                0x10084064                __copy_table_end__ = .

.zero.table     0x10084064        0x8
                0x10084064                . = ALIGN (0x4)
                0x10084064                __zero_table_start__ = .
                0x10084064        0x4 LONG 0x802494c __bss_start__
                0x10084068        0x4 LONG 0x4d8 (__bss_end__ - __bss_start__)
                0x1008406c                __zero_table_end__ = .
                0x1008406c                __etext = .

.ramVectors     0x08024000      0x28c
                0x08024000                __ram_vectors_start__ = .
 *(.ram_vectors)
 .ram_vectors   0x08024000      0x28c .\CortexM4\ARM_GCC_541\Debug\startup_psoc6_01_cm4.o
                0x08024000                __ramVectors
                0x0802428c                __ram_vectors_end__ = .

.data           0x0802428c      0x62c load address 0x1008406c
                0x0802428c                __data_start__ = .
 *(vtable)
 *(.data*)
 .data          0x0802428c       0x20 .\CortexM4\ARM_GCC_541\Debug\system_psoc6_cm4.o
                0x0802428c                cy_BleEcoClockFreqHz
                0x08024290                cy_Hfclk0FreqHz
                0x08024294                cy_PeriClkFreqHz
                0x08024298                SystemCoreClock
                0x0802429c                cy_delayFreqHz
                0x080242a0                cy_delayFreqMhz
                0x080242a4                cy_delayFreqKhz
                0x080242a8                cy_delay32kMs
 .data          0x080242ac        0x8 .\CortexM4\ARM_GCC_541\Debug\CapSense_SensingCSD_LL.o
                0x080242ac                CapSense_configCsd
                0x080242b0                CapSense_calibratedIdac
                0x080242b2                CapSense_calibratedRawcount
 .data          0x080242b4        0x4 .\CortexM4\ARM_GCC_541\Debug\CapSense_SensingCSX_LL.o
                0x080242b4                CapSense_CSXPostScanApiPtr
 .data          0x080242b8       0x5a C:\Program Files (x86)\Cypress\PSoC Creator\4.4\PSoC Creator\psoc\content\CyComponentLibrary\CyComponentLibrary.cylib\CapSense_TMG_v2_0\Library\Gestures_GCC_M4.a(Gesture.o)
                0x08024314                . = ALIGN (0x4)
 *fill*         0x08024312        0x2 
                0x08024314                PROVIDE (__preinit_array_start, .)
 *(.preinit_array)
                0x08024314                PROVIDE (__preinit_array_end, .)
                0x08024314                . = ALIGN (0x4)
                0x08024314                PROVIDE (__init_array_start, .)
 *(SORT(.init_array.*))
 *(.init_array)
 .init_array    0x08024314        0x4 c:/program files (x86)/cypress/psoc creator/4.4/psoc creator/import/gnu/arm/5.4.1/bin/../lib/gcc/arm-none-eabi/5.4.1/armv7e-m/softfp/crtbegin.o
                0x08024318                PROVIDE (__init_array_end, .)
                0x08024318                . = ALIGN (0x4)
                [!provide]                PROVIDE (__fini_array_start, .)
 *(SORT(.fini_array.*))
 *(.fini_array)
 .fini_array    0x08024318        0x4 c:/program files (x86)/cypress/psoc creator/4.4/psoc creator/import/gnu/arm/5.4.1/bin/../lib/gcc/arm-none-eabi/5.4.1/armv7e-m/softfp/crtbegin.o
                [!provide]                PROVIDE (__fini_array_end, .)
 *(.jcr*)
 .jcr           0x0802431c        0x0 c:/program files (x86)/cypress/psoc creator/4.4/psoc creator/import/gnu/arm/5.4.1/bin/../lib/gcc/arm-none-eabi/5.4.1/armv7e-m/softfp/crtbegin.o
 .jcr           0x0802431c        0x4 c:/program files (x86)/cypress/psoc creator/4.4/psoc creator/import/gnu/arm/5.4.1/bin/../lib/gcc/arm-none-eabi/5.4.1/armv7e-m/softfp/crtend.o
                0x08024320                . = ALIGN (0x4)
 *(.cy_ramfunc*)
 .cy_ramfunc    0x08024320      0x300 .\CortexM4\ARM_GCC_541\Debug\cy_flash.o
                0x0802438c                Cy_Flash_ResumeIrqHandler
 .cy_ramfunc    0x08024620      0x218 .\CortexM4\ARM_GCC_541\Debug\cy_syspm.o
 .cy_ramfunc.__stub
                0x08024838       0x80 linker stubs
                0x080248b8                . = ALIGN (0x4)
                0x080248b8                __data_end__ = .

.igot.plt       0x080248b8        0x0 load address 0x10084698
 .igot.plt      0x080248b8        0x0 c:/program files (x86)/cypress/psoc creator/4.4/psoc creator/import/gnu/arm/5.4.1/bin/../lib/gcc/arm-none-eabi/5.4.1/armv7e-m/softfp/crtbegin.o

.noinit         0x080248b8       0x94 load address 0x10084698
 *(.noinit)
 .noinit        0x080248b8       0x94 .\CortexM4\ARM_GCC_541\Debug\cy_syslib.o
                0x080248b8                cy_assertFileName
                0x080248d0                cy_assertLine
                0x080248d4                cy_faultFrame

.bss            0x0802494c      0x4d8 load address 0x1008472c
                0x0802494c                . = ALIGN (0x4)
                0x0802494c                __bss_start__ = .
 *(.bss*)
 .bss           0x0802494c       0x1c c:/program files (x86)/cypress/psoc creator/4.4/psoc creator/import/gnu/arm/5.4.1/bin/../lib/gcc/arm-none-eabi/5.4.1/armv7e-m/softfp/crtbegin.o
 .bss           0x08024968      0x180 .\CortexM4\ARM_GCC_541\Debug\system_psoc6_cm4.o
 .bss           0x08024ae8        0x1 .\CortexM4\ARM_GCC_541\Debug\CapSense_Control.o
 *fill*         0x08024ae9        0x3 
 .bss           0x08024aec       0x91 .\CortexM4\ARM_GCC_541\Debug\CapSense_Structure.o
 *fill*         0x08024b7d        0x3 
 .bss           0x08024b80        0x4 .\CortexM4\ARM_GCC_541\Debug\CapSense_Tuner.o
 .bss           0x08024b84        0x9 .\CortexM4\ARM_GCC_541\Debug\CapSense_Sensing.o
                0x08024b84                CapSense_currentSenseMethod
                0x08024b85                CapSense_requestScanAllWidget
                0x08024b86                CapSense_widgetIndex
                0x08024b88                CapSense_curFlashWdgtPtr
                0x08024b8c                CapSense_sensorIndex
 .bss           0x08024b8d        0x1 .\CortexM4\ARM_GCC_541\Debug\CapSense_SensingCSD_LL.o
 *fill*         0x08024b8e        0x2 
 .bss           0x08024b90       0x12 .\CortexM4\ARM_GCC_541\Debug\CapSense_SensingCSX_LL.o
                0x08024b90                CapSense_csxScanPeriod
                0x08024b92                CapSense_csxRawCount
 *fill*         0x08024ba2        0x2 
 .bss           0x08024ba4        0xe .\CortexM4\ARM_GCC_541\Debug\CapSense_Centroid_LL.o
 *fill*         0x08024bb2        0x2 
 .bss           0x08024bb4        0xc .\CortexM4\ARM_GCC_541\Debug\CapSense_Gesture.o
 .bss           0x08024bc0        0x1 .\CortexM4\ARM_GCC_541\Debug\PWM_1.o
                0x08024bc0                PWM_1_initVar
 .bss           0x08024bc1        0x1 .\CortexM4\ARM_GCC_541\Debug\PWM_2.o
                0x08024bc1                PWM_2_initVar
 *fill*         0x08024bc2        0x2 
 .bss           0x08024bc4       0x18 .\CortexM4\ARM_GCC_541\Debug\cy_flash.o
 .bss           0x08024bdc        0xc .\CortexM4\ARM_GCC_541\Debug\cy_ipc_sema.o
 .bss           0x08024be8        0x4 .\CortexM4\ARM_GCC_541\Debug\cy_ipc_pipe.o
 .bss           0x08024bec       0x3c .\CortexM4\ARM_GCC_541\Debug\cy_syspm.o
 .bss           0x08024c28       0x79 C:\Program Files (x86)\Cypress\PSoC Creator\4.4\PSoC Creator\psoc\content\CyComponentLibrary\CyComponentLibrary.cylib\CapSense_TMG_v2_0\Library\Gestures_GCC_M4.a(Gesture.o)
                0x08024c3f                Gesture_prevScrollId
 *(COMMON)
 *fill*         0x08024ca1        0x3 
 COMMON         0x08024ca4      0x10c .\CortexM4\ARM_GCC_541\Debug\CapSense_Structure.o
                0x08024ca4                CapSense_dsRam
 COMMON         0x08024db0        0x8 .\CortexM4\ARM_GCC_541\Debug\CapSense_Sensing.o
                0x08024db0                CapSense_curRamSnsPtr
                0x08024db4                CapSense_curSnsIOPtr
 COMMON         0x08024db8        0x4 .\CortexM4\ARM_GCC_541\Debug\cy_device.o
                0x08024db8                cy_device
 COMMON         0x08024dbc       0x66 C:\Program Files (x86)\Cypress\PSoC Creator\4.4\PSoC Creator\psoc\content\CyComponentLibrary\CyComponentLibrary.cylib\CapSense_TMG_v2_0\Library\Gestures_GCC_M4.a(Gesture.o)
                0x08024dbc                Gesture_direction4Way
                0x08024dbe                Gesture_prevDTCenterY
                0x08024dc0                Gesture_prevDTCenterX
                0x08024dc2                Gesture_lastY0
                0x08024dc4                Gesture_firstX1
                0x08024dc6                Gesture_dtCenterY
                0x08024dc8                Gesture_pIsSettlingTimedOut
                0x08024dcc                Gesture_octantLocation
                0x08024dce                Gesture_deltaY
                0x08024dd0                Gesture_firstClickY
                0x08024dd4                Gesture_pGestureCounter
                0x08024dd8                Gesture_pPrevX1
                0x08024ddc                Gesture_pPrevGestureId
                0x08024de0                Gesture_lastX0
                0x08024de2                Gesture_firstY1
                0x08024de4                Gesture_pPrevX0
                0x08024de8                Gesture_firstY0
                0x08024dea                Gesture_clickCounter
                0x08024dec                Gesture_pCanDetectSt
                0x08024df0                Gesture_touchDuration
                0x08024df2                Gesture_direction8Way
                0x08024df4                Gesture_dtCenterX
                0x08024df6                Gesture_lastY1
                0x08024df8                Gesture_settlingStartTime
                0x08024dfc                Gesture_lastX1
                0x08024e00                Gesture_pPrevY1
                0x08024e04                Gesture_clickAndDrag
                0x08024e08                Gesture_pSwitchHistory
                0x08024e0c                Gesture_firstClickX
                0x08024e10                Gesture_pPrevDtGestureId
                0x08024e14                Gesture_pPrevTouchNum
                0x08024e18                Gesture_pPrevY0
                0x08024e1c                Gesture_deltaX
                0x08024e1e                Gesture_interClickDuration
                0x08024e20                Gesture_firstX0
                0x08024e24                . = ALIGN (0x4)
 *fill*         0x08024e22        0x2 
                0x08024e24                __bss_end__ = .

.heap           0x08024e28      0x400
                0x08024e28                __HeapBase = .
                0x08024e28                __end__ = .
                0x08024e28                end = __end__
 *(.heap*)
 .heap          0x08024e28      0x400 .\CortexM4\ARM_GCC_541\Debug\startup_psoc6_01_cm4.o
                0x08025228                __HeapLimit = .

.stack_dummy    0x08024e28     0x1000
 *(.stack*)
 .stack         0x08024e28     0x1000 .\CortexM4\ARM_GCC_541\Debug\startup_psoc6_01_cm4.o
                0x08047800                __StackTop = (ORIGIN (ram) + LENGTH (ram))
                0x08046800                __StackLimit = (__StackTop - SIZEOF (.stack_dummy))
                0x08047800                PROVIDE (__stack, __StackTop)
                0x00000001                ASSERT ((__StackLimit >= __HeapLimit), region RAM overflowed with stack)

.cy_app_signature
 *(.cy_app_signature)

.cy_em_eeprom
 *(.cy_em_eeprom)

.cy_sflash_user_data
 *(.cy_sflash_user_data)

.cy_sflash_nar
 *(.cy_sflash_nar)

.cy_sflash_public_key
 *(.cy_sflash_public_key)

.cy_toc_part2
 *(.cy_toc_part2)

.cy_rtoc_part2
 *(.cy_rtoc_part2)

.cy_xip
 *(.cy_xip)

.cy_efuse
 *(.cy_efuse)

.cymeta         0x90500000        0xc
 *(.cymeta)
 .cymeta        0x90500000        0xc .\CortexM4\ARM_GCC_541\Debug\cymetadata.o
                0x90500000                cy_metadata
                0x10000000                __cy_memory_0_start = 0x10000000
                0x00100000                __cy_memory_0_length = 0x100000
                0x00000200                __cy_memory_0_row_size = 0x200
                0x14000000                __cy_memory_1_start = 0x14000000
                0x00008000                __cy_memory_1_length = 0x8000
                0x00000200                __cy_memory_1_row_size = 0x200
                0x16000000                __cy_memory_2_start = 0x16000000
                0x00008000                __cy_memory_2_length = 0x8000
                0x00000200                __cy_memory_2_row_size = 0x200
                0x18000000                __cy_memory_3_start = 0x18000000
                0x08000000                __cy_memory_3_length = 0x8000000
                0x00000200                __cy_memory_3_row_size = 0x200
                0x90700000                __cy_memory_4_start = 0x90700000
                0x00100000                __cy_memory_4_length = 0x100000
                0x00000001                __cy_memory_4_row_size = 0x1
OUTPUT(C:\Users\PC\Desktop\Workspace01\Design01.cydsn\CortexM4\ARM_GCC_541\Debug\Design01_link.elf elf32-littlearm)

.rel.dyn        0x08024e24        0x0 load address 0x9855fdec
 .rel.iplt      0x08024e24        0x0 c:/program files (x86)/cypress/psoc creator/4.4/psoc creator/import/gnu/arm/5.4.1/bin/../lib/gcc/arm-none-eabi/5.4.1/armv7e-m/softfp/crtbegin.o

.ARM.attributes
                0x00000000       0x2e
 .ARM.attributes
                0x00000000       0x22 c:/program files (x86)/cypress/psoc creator/4.4/psoc creator/import/gnu/arm/5.4.1/bin/../lib/gcc/arm-none-eabi/5.4.1/armv7e-m/softfp/crti.o
 .ARM.attributes
                0x00000022       0x32 c:/program files (x86)/cypress/psoc creator/4.4/psoc creator/import/gnu/arm/5.4.1/bin/../lib/gcc/arm-none-eabi/5.4.1/armv7e-m/softfp/crtbegin.o
 .ARM.attributes
                0x00000054       0x1f .\CortexM4\ARM_GCC_541\Debug\startup_psoc6_01_cm4.o
 .ARM.attributes
                0x00000073       0x37 .\CortexM4\ARM_GCC_541\Debug\main_cm4.o
 .ARM.attributes
                0x000000aa       0x37 .\CortexM4\ARM_GCC_541\Debug\system_psoc6_cm4.o
 .ARM.attributes
                0x000000e1       0x37 .\CortexM4\ARM_GCC_541\Debug\cyfitter_sysint_cfg.o
 .ARM.attributes
                0x00000118       0x37 .\CortexM4\ARM_GCC_541\Debug\cymetadata.o
 .ARM.attributes
                0x0000014f       0x37 .\CortexM4\ARM_GCC_541\Debug\CapSense_Control.o
 .ARM.attributes
                0x00000186       0x37 .\CortexM4\ARM_GCC_541\Debug\CapSense_Processing.o
 .ARM.attributes
                0x000001bd       0x37 .\CortexM4\ARM_GCC_541\Debug\CapSense_Structure.o
 .ARM.attributes
                0x000001f4       0x37 .\CortexM4\ARM_GCC_541\Debug\CapSense_Tuner.o
 .ARM.attributes
                0x0000022b       0x37 .\CortexM4\ARM_GCC_541\Debug\CapSense_Filter.o
 .ARM.attributes
                0x00000262       0x37 .\CortexM4\ARM_GCC_541\Debug\CapSense_Sensing.o
 .ARM.attributes
                0x00000299       0x37 .\CortexM4\ARM_GCC_541\Debug\CapSense_INT.o
 .ARM.attributes
                0x000002d0       0x37 .\CortexM4\ARM_GCC_541\Debug\CapSense_SensingCSD_LL.o
 .ARM.attributes
                0x00000307       0x37 .\CortexM4\ARM_GCC_541\Debug\CapSense_SensingCSX_LL.o
 .ARM.attributes
                0x0000033e       0x37 .\CortexM4\ARM_GCC_541\Debug\CapSense_Centroid_LL.o
 .ARM.attributes
                0x00000375       0x37 .\CortexM4\ARM_GCC_541\Debug\CapSense_Gesture.o
 .ARM.attributes
                0x000003ac       0x37 .\CortexM4\ARM_GCC_541\Debug\PWM_1.o
 .ARM.attributes
                0x000003e3       0x37 .\CortexM4\ARM_GCC_541\Debug\PWM_2.o
 .ARM.attributes
                0x0000041a       0x37 .\CortexM4\ARM_GCC_541\Debug\cy_flash.o
 .ARM.attributes
                0x00000451       0x37 .\CortexM4\ARM_GCC_541\Debug\cy_gpio.o
 .ARM.attributes
                0x00000488       0x37 .\CortexM4\ARM_GCC_541\Debug\cy_ipc_drv.o
 .ARM.attributes
                0x000004bf       0x37 .\CortexM4\ARM_GCC_541\Debug\cy_ipc_sema.o
 .ARM.attributes
                0x000004f6       0x37 .\CortexM4\ARM_GCC_541\Debug\cy_ipc_pipe.o
 .ARM.attributes
                0x0000052d       0x37 .\CortexM4\ARM_GCC_541\Debug\cy_sysint.o
 .ARM.attributes
                0x00000564       0x37 .\CortexM4\ARM_GCC_541\Debug\cy_syslib.o
 .ARM.attributes
                0x0000059b       0x25 .\CortexM4\ARM_GCC_541\Debug\cy_syslib_gcc.o
 .ARM.attributes
                0x000005c0       0x37 .\CortexM4\ARM_GCC_541\Debug\cy_syspm.o
 .ARM.attributes
                0x000005f7       0x37 .\CortexM4\ARM_GCC_541\Debug\cy_tcpwm_pwm.o
 .ARM.attributes
                0x0000062e       0x37 .\CortexM4\ARM_GCC_541\Debug\cy_device.o
 .ARM.attributes
                0x00000665       0x37 C:\Program Files (x86)\Cypress\PSoC Creator\4.4\PSoC Creator\psoc\content\CyComponentLibrary\CyComponentLibrary.cylib\CapSense_TMG_v2_0\Library\Gestures_GCC_M4.a(Gesture.o)
 .ARM.attributes
                0x0000069c       0x37 C:\Program Files (x86)\Cypress\PSoC Creator\4.4\PSoC Creator\psoc\content\CyComponentLibrary\CyComponentLibrary.cylib\CapSense_v3_0\Library\CapSense_Library_GCC_M4.a(CapSense_SmartSense_LL.o)
 .ARM.attributes
                0x000006d3       0x37 C:\Program Files (x86)\Cypress\PSoC Creator\4.4\PSoC Creator\psoc\content\CyComponentLibrary\CyComponentLibrary.cylib\CapSense_v3_0\Library\CapSense_Library_GCC_M4.a(CapSense_SmartSense_SL.o)
 .ARM.attributes
                0x0000070a       0x32 c:/program files (x86)/cypress/psoc creator/4.4/psoc creator/import/gnu/arm/5.4.1/bin/../lib/gcc/arm-none-eabi/5.4.1/../../../../arm-none-eabi/lib/armv7e-m/softfp\libg_nano.a(lib_a-memcpy-stub.o)
 .ARM.attributes
                0x0000073c       0x32 c:/program files (x86)/cypress/psoc creator/4.4/psoc creator/import/gnu/arm/5.4.1/bin/../lib/gcc/arm-none-eabi/5.4.1/../../../../arm-none-eabi/lib/armv7e-m/softfp\libg_nano.a(lib_a-memset.o)
 .ARM.attributes
                0x0000076e       0x32 c:/program files (x86)/cypress/psoc creator/4.4/psoc creator/import/gnu/arm/5.4.1/bin/../lib/gcc/arm-none-eabi/5.4.1/../../../../arm-none-eabi/lib/armv7e-m/softfp\libg_nano.a(lib_a-strncpy.o)
 .ARM.attributes
                0x000007a0       0x32 c:/program files (x86)/cypress/psoc creator/4.4/psoc creator/import/gnu/arm/5.4.1/bin/../lib/gcc/arm-none-eabi/5.4.1/armv7e-m/softfp/crtend.o
 .ARM.attributes
                0x000007d2       0x22 c:/program files (x86)/cypress/psoc creator/4.4/psoc creator/import/gnu/arm/5.4.1/bin/../lib/gcc/arm-none-eabi/5.4.1/armv7e-m/softfp/crtn.o

.comment        0x00000000       0x6e
 .comment       0x00000000       0x6e .\CortexM4\ARM_GCC_541\Debug\main_cm4.o
                                 0x6f (size before relaxing)
 .comment       0x0000006e       0x6f .\CortexM4\ARM_GCC_541\Debug\system_psoc6_cm4.o
 .comment       0x0000006e       0x6f .\CortexM4\ARM_GCC_541\Debug\cyfitter_sysint_cfg.o
 .comment       0x0000006e       0x6f .\CortexM4\ARM_GCC_541\Debug\cymetadata.o
 .comment       0x0000006e       0x6f .\CortexM4\ARM_GCC_541\Debug\CapSense_Control.o
 .comment       0x0000006e       0x6f .\CortexM4\ARM_GCC_541\Debug\CapSense_Processing.o
 .comment       0x0000006e       0x6f .\CortexM4\ARM_GCC_541\Debug\CapSense_Structure.o
 .comment       0x0000006e       0x6f .\CortexM4\ARM_GCC_541\Debug\CapSense_Tuner.o
 .comment       0x0000006e       0x6f .\CortexM4\ARM_GCC_541\Debug\CapSense_Filter.o
 .comment       0x0000006e       0x6f .\CortexM4\ARM_GCC_541\Debug\CapSense_Sensing.o
 .comment       0x0000006e       0x6f .\CortexM4\ARM_GCC_541\Debug\CapSense_INT.o
 .comment       0x0000006e       0x6f .\CortexM4\ARM_GCC_541\Debug\CapSense_SensingCSD_LL.o
 .comment       0x0000006e       0x6f .\CortexM4\ARM_GCC_541\Debug\CapSense_SensingCSX_LL.o
 .comment       0x0000006e       0x6f .\CortexM4\ARM_GCC_541\Debug\CapSense_Centroid_LL.o
 .comment       0x0000006e       0x6f .\CortexM4\ARM_GCC_541\Debug\CapSense_Gesture.o
 .comment       0x0000006e       0x6f .\CortexM4\ARM_GCC_541\Debug\PWM_1.o
 .comment       0x0000006e       0x6f .\CortexM4\ARM_GCC_541\Debug\PWM_2.o
 .comment       0x0000006e       0x6f .\CortexM4\ARM_GCC_541\Debug\cy_flash.o
 .comment       0x0000006e       0x6f .\CortexM4\ARM_GCC_541\Debug\cy_gpio.o
 .comment       0x0000006e       0x6f .\CortexM4\ARM_GCC_541\Debug\cy_ipc_drv.o
 .comment       0x0000006e       0x6f .\CortexM4\ARM_GCC_541\Debug\cy_ipc_sema.o
 .comment       0x0000006e       0x6f .\CortexM4\ARM_GCC_541\Debug\cy_ipc_pipe.o
 .comment       0x0000006e       0x6f .\CortexM4\ARM_GCC_541\Debug\cy_sysint.o
 .comment       0x0000006e       0x6f .\CortexM4\ARM_GCC_541\Debug\cy_syslib.o
 .comment       0x0000006e       0x6f .\CortexM4\ARM_GCC_541\Debug\cy_syspm.o
 .comment       0x0000006e       0x6f .\CortexM4\ARM_GCC_541\Debug\cy_tcpwm_pwm.o
 .comment       0x0000006e       0x6f .\CortexM4\ARM_GCC_541\Debug\cy_device.o
 .comment       0x0000006e       0x6f C:\Program Files (x86)\Cypress\PSoC Creator\4.4\PSoC Creator\psoc\content\CyComponentLibrary\CyComponentLibrary.cylib\CapSense_TMG_v2_0\Library\Gestures_GCC_M4.a(Gesture.o)
 .comment       0x0000006e       0x6f C:\Program Files (x86)\Cypress\PSoC Creator\4.4\PSoC Creator\psoc\content\CyComponentLibrary\CyComponentLibrary.cylib\CapSense_v3_0\Library\CapSense_Library_GCC_M4.a(CapSense_SmartSense_LL.o)
 .comment       0x0000006e       0x6f C:\Program Files (x86)\Cypress\PSoC Creator\4.4\PSoC Creator\psoc\content\CyComponentLibrary\CyComponentLibrary.cylib\CapSense_v3_0\Library\CapSense_Library_GCC_M4.a(CapSense_SmartSense_SL.o)

.debug_line     0x00000000     0x7b53
 .debug_line    0x00000000       0x8e .\CortexM4\ARM_GCC_541\Debug\startup_psoc6_01_cm4.o
 .debug_line    0x0000008e      0x40e .\CortexM4\ARM_GCC_541\Debug\main_cm4.o
 .debug_line    0x0000049c      0x437 .\CortexM4\ARM_GCC_541\Debug\system_psoc6_cm4.o
 .debug_line    0x000008d3      0x251 .\CortexM4\ARM_GCC_541\Debug\cyfitter_sysint_cfg.o
 .debug_line    0x00000b24      0x141 .\CortexM4\ARM_GCC_541\Debug\cymetadata.o
 .debug_line    0x00000c65      0x4dc .\CortexM4\ARM_GCC_541\Debug\CapSense_Control.o
 .debug_line    0x00001141      0x5bd .\CortexM4\ARM_GCC_541\Debug\CapSense_Processing.o
 .debug_line    0x000016fe      0x3f9 .\CortexM4\ARM_GCC_541\Debug\CapSense_Structure.o
 .debug_line    0x00001af7      0x2ec .\CortexM4\ARM_GCC_541\Debug\CapSense_Tuner.o
 .debug_line    0x00001de3      0x4eb .\CortexM4\ARM_GCC_541\Debug\CapSense_Filter.o
 .debug_line    0x000022ce      0x99a .\CortexM4\ARM_GCC_541\Debug\CapSense_Sensing.o
 .debug_line    0x00002c68      0x3a0 .\CortexM4\ARM_GCC_541\Debug\CapSense_INT.o
 .debug_line    0x00003008      0x801 .\CortexM4\ARM_GCC_541\Debug\CapSense_SensingCSD_LL.o
 .debug_line    0x00003809      0x778 .\CortexM4\ARM_GCC_541\Debug\CapSense_SensingCSX_LL.o
 .debug_line    0x00003f81      0x29e .\CortexM4\ARM_GCC_541\Debug\CapSense_Centroid_LL.o
 .debug_line    0x0000421f      0x2c9 .\CortexM4\ARM_GCC_541\Debug\CapSense_Gesture.o
 .debug_line    0x000044e8      0x26d .\CortexM4\ARM_GCC_541\Debug\PWM_1.o
 .debug_line    0x00004755      0x26d .\CortexM4\ARM_GCC_541\Debug\PWM_2.o
 .debug_line    0x000049c2      0x7d4 .\CortexM4\ARM_GCC_541\Debug\cy_flash.o
 .debug_line    0x00005196      0x4fa .\CortexM4\ARM_GCC_541\Debug\cy_gpio.o
 .debug_line    0x00005690      0x33e .\CortexM4\ARM_GCC_541\Debug\cy_ipc_drv.o
 .debug_line    0x000059ce      0x407 .\CortexM4\ARM_GCC_541\Debug\cy_ipc_sema.o
 .debug_line    0x00005dd5      0x57e .\CortexM4\ARM_GCC_541\Debug\cy_ipc_pipe.o
 .debug_line    0x00006353      0x2dd .\CortexM4\ARM_GCC_541\Debug\cy_sysint.o
 .debug_line    0x00006630      0x482 .\CortexM4\ARM_GCC_541\Debug\cy_syslib.o
 .debug_line    0x00006ab2       0x89 .\CortexM4\ARM_GCC_541\Debug\cy_syslib_gcc.o
 .debug_line    0x00006b3b      0xa5a .\CortexM4\ARM_GCC_541\Debug\cy_syspm.o
 .debug_line    0x00007595      0x2ce .\CortexM4\ARM_GCC_541\Debug\cy_tcpwm_pwm.o
 .debug_line    0x00007863      0x17e .\CortexM4\ARM_GCC_541\Debug\cy_device.o
 .debug_line    0x000079e1       0x95 C:\Program Files (x86)\Cypress\PSoC Creator\4.4\PSoC Creator\psoc\content\CyComponentLibrary\CyComponentLibrary.cylib\CapSense_v3_0\Library\CapSense_Library_GCC_M4.a(CapSense_SmartSense_LL.o)
 .debug_line    0x00007a76       0xdd C:\Program Files (x86)\Cypress\PSoC Creator\4.4\PSoC Creator\psoc\content\CyComponentLibrary\CyComponentLibrary.cylib\CapSense_v3_0\Library\CapSense_Library_GCC_M4.a(CapSense_SmartSense_SL.o)

.debug_info     0x00000000    0x2be96
 .debug_info    0x00000000       0x72 .\CortexM4\ARM_GCC_541\Debug\startup_psoc6_01_cm4.o
 .debug_info    0x00000072      0xfaa .\CortexM4\ARM_GCC_541\Debug\main_cm4.o
 .debug_info    0x0000101c     0x1bb3 .\CortexM4\ARM_GCC_541\Debug\system_psoc6_cm4.o
 .debug_info    0x00002bcf      0x94a .\CortexM4\ARM_GCC_541\Debug\cyfitter_sysint_cfg.o
 .debug_info    0x00003519       0xac .\CortexM4\ARM_GCC_541\Debug\cymetadata.o
 .debug_info    0x000035c5     0x16cb .\CortexM4\ARM_GCC_541\Debug\CapSense_Control.o
 .debug_info    0x00004c90     0x1653 .\CortexM4\ARM_GCC_541\Debug\CapSense_Processing.o
 .debug_info    0x000062e3     0x1365 .\CortexM4\ARM_GCC_541\Debug\CapSense_Structure.o
 .debug_info    0x00007648     0x1057 .\CortexM4\ARM_GCC_541\Debug\CapSense_Tuner.o
 .debug_info    0x0000869f     0x1055 .\CortexM4\ARM_GCC_541\Debug\CapSense_Filter.o
 .debug_info    0x000096f4     0x52da .\CortexM4\ARM_GCC_541\Debug\CapSense_Sensing.o
 .debug_info    0x0000e9ce     0x16ec .\CortexM4\ARM_GCC_541\Debug\CapSense_INT.o
 .debug_info    0x000100ba     0x49df .\CortexM4\ARM_GCC_541\Debug\CapSense_SensingCSD_LL.o
 .debug_info    0x00014a99     0x4a17 .\CortexM4\ARM_GCC_541\Debug\CapSense_SensingCSX_LL.o
 .debug_info    0x000194b0      0x331 .\CortexM4\ARM_GCC_541\Debug\CapSense_Centroid_LL.o
 .debug_info    0x000197e1      0xe3c .\CortexM4\ARM_GCC_541\Debug\CapSense_Gesture.o
 .debug_info    0x0001a61d      0x4d5 .\CortexM4\ARM_GCC_541\Debug\PWM_1.o
 .debug_info    0x0001aaf2      0x4d5 .\CortexM4\ARM_GCC_541\Debug\PWM_2.o
 .debug_info    0x0001afc7     0x2a10 .\CortexM4\ARM_GCC_541\Debug\cy_flash.o
 .debug_info    0x0001d9d7     0x342f .\CortexM4\ARM_GCC_541\Debug\cy_gpio.o
 .debug_info    0x00020e06      0x906 .\CortexM4\ARM_GCC_541\Debug\cy_ipc_drv.o
 .debug_info    0x0002170c      0xc1e .\CortexM4\ARM_GCC_541\Debug\cy_ipc_sema.o
 .debug_info    0x0002232a     0x1952 .\CortexM4\ARM_GCC_541\Debug\cy_ipc_pipe.o
 .debug_info    0x00023c7c      0xe11 .\CortexM4\ARM_GCC_541\Debug\cy_sysint.o
 .debug_info    0x00024a8d     0x24fa .\CortexM4\ARM_GCC_541\Debug\cy_syslib.o
 .debug_info    0x00026f87       0xa0 .\CortexM4\ARM_GCC_541\Debug\cy_syslib_gcc.o
 .debug_info    0x00027027     0x4014 .\CortexM4\ARM_GCC_541\Debug\cy_syspm.o
 .debug_info    0x0002b03b      0x483 .\CortexM4\ARM_GCC_541\Debug\cy_tcpwm_pwm.o
 .debug_info    0x0002b4be      0x551 .\CortexM4\ARM_GCC_541\Debug\cy_device.o
 .debug_info    0x0002ba0f      0x22c C:\Program Files (x86)\Cypress\PSoC Creator\4.4\PSoC Creator\psoc\content\CyComponentLibrary\CyComponentLibrary.cylib\CapSense_v3_0\Library\CapSense_Library_GCC_M4.a(CapSense_SmartSense_LL.o)
 .debug_info    0x0002bc3b      0x25b C:\Program Files (x86)\Cypress\PSoC Creator\4.4\PSoC Creator\psoc\content\CyComponentLibrary\CyComponentLibrary.cylib\CapSense_v3_0\Library\CapSense_Library_GCC_M4.a(CapSense_SmartSense_SL.o)

.debug_abbrev   0x00000000     0x3c33
 .debug_abbrev  0x00000000       0x14 .\CortexM4\ARM_GCC_541\Debug\startup_psoc6_01_cm4.o
 .debug_abbrev  0x00000014      0x21e .\CortexM4\ARM_GCC_541\Debug\main_cm4.o
 .debug_abbrev  0x00000232      0x23a .\CortexM4\ARM_GCC_541\Debug\system_psoc6_cm4.o
 .debug_abbrev  0x0000046c       0xe3 .\CortexM4\ARM_GCC_541\Debug\cyfitter_sysint_cfg.o
 .debug_abbrev  0x0000054f       0x5d .\CortexM4\ARM_GCC_541\Debug\cymetadata.o
 .debug_abbrev  0x000005ac      0x25d .\CortexM4\ARM_GCC_541\Debug\CapSense_Control.o
 .debug_abbrev  0x00000809      0x253 .\CortexM4\ARM_GCC_541\Debug\CapSense_Processing.o
 .debug_abbrev  0x00000a5c      0x268 .\CortexM4\ARM_GCC_541\Debug\CapSense_Structure.o
 .debug_abbrev  0x00000cc4      0x1a4 .\CortexM4\ARM_GCC_541\Debug\CapSense_Tuner.o
 .debug_abbrev  0x00000e68      0x24e .\CortexM4\ARM_GCC_541\Debug\CapSense_Filter.o
 .debug_abbrev  0x000010b6      0x39d .\CortexM4\ARM_GCC_541\Debug\CapSense_Sensing.o
 .debug_abbrev  0x00001453      0x1ca .\CortexM4\ARM_GCC_541\Debug\CapSense_INT.o
 .debug_abbrev  0x0000161d      0x369 .\CortexM4\ARM_GCC_541\Debug\CapSense_SensingCSD_LL.o
 .debug_abbrev  0x00001986      0x39f .\CortexM4\ARM_GCC_541\Debug\CapSense_SensingCSX_LL.o
 .debug_abbrev  0x00001d25      0x109 .\CortexM4\ARM_GCC_541\Debug\CapSense_Centroid_LL.o
 .debug_abbrev  0x00001e2e      0x25e .\CortexM4\ARM_GCC_541\Debug\CapSense_Gesture.o
 .debug_abbrev  0x0000208c      0x15f .\CortexM4\ARM_GCC_541\Debug\PWM_1.o
 .debug_abbrev  0x000021eb      0x15f .\CortexM4\ARM_GCC_541\Debug\PWM_2.o
 .debug_abbrev  0x0000234a      0x356 .\CortexM4\ARM_GCC_541\Debug\cy_flash.o
 .debug_abbrev  0x000026a0      0x261 .\CortexM4\ARM_GCC_541\Debug\cy_gpio.o
 .debug_abbrev  0x00002901      0x188 .\CortexM4\ARM_GCC_541\Debug\cy_ipc_drv.o
 .debug_abbrev  0x00002a89      0x219 .\CortexM4\ARM_GCC_541\Debug\cy_ipc_sema.o
 .debug_abbrev  0x00002ca2      0x32b .\CortexM4\ARM_GCC_541\Debug\cy_ipc_pipe.o
 .debug_abbrev  0x00002fcd      0x230 .\CortexM4\ARM_GCC_541\Debug\cy_sysint.o
 .debug_abbrev  0x000031fd      0x337 .\CortexM4\ARM_GCC_541\Debug\cy_syslib.o
 .debug_abbrev  0x00003534       0x14 .\CortexM4\ARM_GCC_541\Debug\cy_syslib_gcc.o
 .debug_abbrev  0x00003548      0x320 .\CortexM4\ARM_GCC_541\Debug\cy_syspm.o
 .debug_abbrev  0x00003868      0x158 .\CortexM4\ARM_GCC_541\Debug\cy_tcpwm_pwm.o
 .debug_abbrev  0x000039c0       0x9d .\CortexM4\ARM_GCC_541\Debug\cy_device.o
 .debug_abbrev  0x00003a5d      0x110 C:\Program Files (x86)\Cypress\PSoC Creator\4.4\PSoC Creator\psoc\content\CyComponentLibrary\CyComponentLibrary.cylib\CapSense_v3_0\Library\CapSense_Library_GCC_M4.a(CapSense_SmartSense_LL.o)
 .debug_abbrev  0x00003b6d       0xc6 C:\Program Files (x86)\Cypress\PSoC Creator\4.4\PSoC Creator\psoc\content\CyComponentLibrary\CyComponentLibrary.cylib\CapSense_v3_0\Library\CapSense_Library_GCC_M4.a(CapSense_SmartSense_SL.o)

.debug_aranges  0x00000000      0xac0
 .debug_aranges
                0x00000000       0x20 .\CortexM4\ARM_GCC_541\Debug\startup_psoc6_01_cm4.o
 .debug_aranges
                0x00000020       0x28 .\CortexM4\ARM_GCC_541\Debug\main_cm4.o
 .debug_aranges
                0x00000048       0x40 .\CortexM4\ARM_GCC_541\Debug\system_psoc6_cm4.o
 .debug_aranges
                0x00000088       0x18 .\CortexM4\ARM_GCC_541\Debug\cyfitter_sysint_cfg.o
 .debug_aranges
                0x000000a0       0x18 .\CortexM4\ARM_GCC_541\Debug\cymetadata.o
 .debug_aranges
                0x000000b8       0x70 .\CortexM4\ARM_GCC_541\Debug\CapSense_Control.o
 .debug_aranges
                0x00000128       0x70 .\CortexM4\ARM_GCC_541\Debug\CapSense_Processing.o
 .debug_aranges
                0x00000198       0x58 .\CortexM4\ARM_GCC_541\Debug\CapSense_Structure.o
 .debug_aranges
                0x000001f0       0x28 .\CortexM4\ARM_GCC_541\Debug\CapSense_Tuner.o
 .debug_aranges
                0x00000218       0xe8 .\CortexM4\ARM_GCC_541\Debug\CapSense_Filter.o
 .debug_aranges
                0x00000300      0x100 .\CortexM4\ARM_GCC_541\Debug\CapSense_Sensing.o
 .debug_aranges
                0x00000400       0x38 .\CortexM4\ARM_GCC_541\Debug\CapSense_INT.o
 .debug_aranges
                0x00000438       0xe0 .\CortexM4\ARM_GCC_541\Debug\CapSense_SensingCSD_LL.o
 .debug_aranges
                0x00000518       0xa0 .\CortexM4\ARM_GCC_541\Debug\CapSense_SensingCSX_LL.o
 .debug_aranges
                0x000005b8       0x28 .\CortexM4\ARM_GCC_541\Debug\CapSense_Centroid_LL.o
 .debug_aranges
                0x000005e0       0x40 .\CortexM4\ARM_GCC_541\Debug\CapSense_Gesture.o
 .debug_aranges
                0x00000620       0x20 .\CortexM4\ARM_GCC_541\Debug\PWM_1.o
 .debug_aranges
                0x00000640       0x20 .\CortexM4\ARM_GCC_541\Debug\PWM_2.o
 .debug_aranges
                0x00000660       0xb8 .\CortexM4\ARM_GCC_541\Debug\cy_flash.o
 .debug_aranges
                0x00000718       0x48 .\CortexM4\ARM_GCC_541\Debug\cy_gpio.o
 .debug_aranges
                0x00000760       0x30 .\CortexM4\ARM_GCC_541\Debug\cy_ipc_drv.o
 .debug_aranges
                0x00000790       0x48 .\CortexM4\ARM_GCC_541\Debug\cy_ipc_sema.o
 .debug_aranges
                0x000007d8       0x68 .\CortexM4\ARM_GCC_541\Debug\cy_ipc_pipe.o
 .debug_aranges
                0x00000840       0x30 .\CortexM4\ARM_GCC_541\Debug\cy_sysint.o
 .debug_aranges
                0x00000870       0x78 .\CortexM4\ARM_GCC_541\Debug\cy_syslib.o
 .debug_aranges
                0x000008e8       0x20 .\CortexM4\ARM_GCC_541\Debug\cy_syslib_gcc.o
 .debug_aranges
                0x00000908      0x118 .\CortexM4\ARM_GCC_541\Debug\cy_syspm.o
 .debug_aranges
                0x00000a20       0x28 .\CortexM4\ARM_GCC_541\Debug\cy_tcpwm_pwm.o
 .debug_aranges
                0x00000a48       0x20 .\CortexM4\ARM_GCC_541\Debug\cy_device.o
 .debug_aranges
                0x00000a68       0x28 C:\Program Files (x86)\Cypress\PSoC Creator\4.4\PSoC Creator\psoc\content\CyComponentLibrary\CyComponentLibrary.cylib\CapSense_v3_0\Library\CapSense_Library_GCC_M4.a(CapSense_SmartSense_LL.o)
 .debug_aranges
                0x00000a90       0x30 C:\Program Files (x86)\Cypress\PSoC Creator\4.4\PSoC Creator\psoc\content\CyComponentLibrary\CyComponentLibrary.cylib\CapSense_v3_0\Library\CapSense_Library_GCC_M4.a(CapSense_SmartSense_SL.o)

.debug_loc      0x00000000     0x98d0
 .debug_loc     0x00000000      0x467 .\CortexM4\ARM_GCC_541\Debug\main_cm4.o
 .debug_loc     0x00000467      0x1fe .\CortexM4\ARM_GCC_541\Debug\system_psoc6_cm4.o
 .debug_loc     0x00000665      0x65c .\CortexM4\ARM_GCC_541\Debug\CapSense_Control.o
 .debug_loc     0x00000cc1      0xb11 .\CortexM4\ARM_GCC_541\Debug\CapSense_Processing.o
 .debug_loc     0x000017d2      0x4af .\CortexM4\ARM_GCC_541\Debug\CapSense_Structure.o
 .debug_loc     0x00001c81      0x186 .\CortexM4\ARM_GCC_541\Debug\CapSense_Tuner.o
 .debug_loc     0x00001e07      0xd5f .\CortexM4\ARM_GCC_541\Debug\CapSense_Filter.o
 .debug_loc     0x00002b66     0x13be .\CortexM4\ARM_GCC_541\Debug\CapSense_Sensing.o
 .debug_loc     0x00003f24       0xa2 .\CortexM4\ARM_GCC_541\Debug\CapSense_INT.o
 .debug_loc     0x00003fc6      0xb83 .\CortexM4\ARM_GCC_541\Debug\CapSense_SensingCSD_LL.o
 .debug_loc     0x00004b49      0xa5e .\CortexM4\ARM_GCC_541\Debug\CapSense_SensingCSX_LL.o
 .debug_loc     0x000055a7      0x1a1 .\CortexM4\ARM_GCC_541\Debug\CapSense_Centroid_LL.o
 .debug_loc     0x00005748      0x1b1 .\CortexM4\ARM_GCC_541\Debug\CapSense_Gesture.o
 .debug_loc     0x000058f9       0x58 .\CortexM4\ARM_GCC_541\Debug\PWM_1.o
 .debug_loc     0x00005951       0x58 .\CortexM4\ARM_GCC_541\Debug\PWM_2.o
 .debug_loc     0x000059a9      0xd86 .\CortexM4\ARM_GCC_541\Debug\cy_flash.o
 .debug_loc     0x0000672f      0x838 .\CortexM4\ARM_GCC_541\Debug\cy_gpio.o
 .debug_loc     0x00006f67      0x2a1 .\CortexM4\ARM_GCC_541\Debug\cy_ipc_drv.o
 .debug_loc     0x00007208      0x76b .\CortexM4\ARM_GCC_541\Debug\cy_ipc_sema.o
 .debug_loc     0x00007973      0x7e2 .\CortexM4\ARM_GCC_541\Debug\cy_ipc_pipe.o
 .debug_loc     0x00008155      0x223 .\CortexM4\ARM_GCC_541\Debug\cy_sysint.o
 .debug_loc     0x00008378      0x215 .\CortexM4\ARM_GCC_541\Debug\cy_syslib.o
 .debug_loc     0x0000858d      0xe9a .\CortexM4\ARM_GCC_541\Debug\cy_syspm.o
 .debug_loc     0x00009427       0xd9 .\CortexM4\ARM_GCC_541\Debug\cy_tcpwm_pwm.o
 .debug_loc     0x00009500      0x2ac C:\Program Files (x86)\Cypress\PSoC Creator\4.4\PSoC Creator\psoc\content\CyComponentLibrary\CyComponentLibrary.cylib\CapSense_v3_0\Library\CapSense_Library_GCC_M4.a(CapSense_SmartSense_LL.o)
 .debug_loc     0x000097ac      0x124 C:\Program Files (x86)\Cypress\PSoC Creator\4.4\PSoC Creator\psoc\content\CyComponentLibrary\CyComponentLibrary.cylib\CapSense_v3_0\Library\CapSense_Library_GCC_M4.a(CapSense_SmartSense_SL.o)

.debug_ranges   0x00000000      0x910
 .debug_ranges  0x00000000       0x18 .\CortexM4\ARM_GCC_541\Debug\main_cm4.o
 .debug_ranges  0x00000018       0x48 .\CortexM4\ARM_GCC_541\Debug\system_psoc6_cm4.o
 .debug_ranges  0x00000060       0x60 .\CortexM4\ARM_GCC_541\Debug\CapSense_Control.o
 .debug_ranges  0x000000c0       0x60 .\CortexM4\ARM_GCC_541\Debug\CapSense_Processing.o
 .debug_ranges  0x00000120       0x48 .\CortexM4\ARM_GCC_541\Debug\CapSense_Structure.o
 .debug_ranges  0x00000168       0x18 .\CortexM4\ARM_GCC_541\Debug\CapSense_Tuner.o
 .debug_ranges  0x00000180       0xd8 .\CortexM4\ARM_GCC_541\Debug\CapSense_Filter.o
 .debug_ranges  0x00000258       0xf0 .\CortexM4\ARM_GCC_541\Debug\CapSense_Sensing.o
 .debug_ranges  0x00000348       0x28 .\CortexM4\ARM_GCC_541\Debug\CapSense_INT.o
 .debug_ranges  0x00000370       0xd0 .\CortexM4\ARM_GCC_541\Debug\CapSense_SensingCSD_LL.o
 .debug_ranges  0x00000440       0x90 .\CortexM4\ARM_GCC_541\Debug\CapSense_SensingCSX_LL.o
 .debug_ranges  0x000004d0       0x18 .\CortexM4\ARM_GCC_541\Debug\CapSense_Centroid_LL.o
 .debug_ranges  0x000004e8       0x30 .\CortexM4\ARM_GCC_541\Debug\CapSense_Gesture.o
 .debug_ranges  0x00000518       0x10 .\CortexM4\ARM_GCC_541\Debug\PWM_1.o
 .debug_ranges  0x00000528       0x10 .\CortexM4\ARM_GCC_541\Debug\PWM_2.o
 .debug_ranges  0x00000538       0xd0 .\CortexM4\ARM_GCC_541\Debug\cy_flash.o
 .debug_ranges  0x00000608       0x38 .\CortexM4\ARM_GCC_541\Debug\cy_gpio.o
 .debug_ranges  0x00000640       0x20 .\CortexM4\ARM_GCC_541\Debug\cy_ipc_drv.o
 .debug_ranges  0x00000660       0x38 .\CortexM4\ARM_GCC_541\Debug\cy_ipc_sema.o
 .debug_ranges  0x00000698       0x58 .\CortexM4\ARM_GCC_541\Debug\cy_ipc_pipe.o
 .debug_ranges  0x000006f0       0x20 .\CortexM4\ARM_GCC_541\Debug\cy_sysint.o
 .debug_ranges  0x00000710       0x68 .\CortexM4\ARM_GCC_541\Debug\cy_syslib.o
 .debug_ranges  0x00000778      0x138 .\CortexM4\ARM_GCC_541\Debug\cy_syspm.o
 .debug_ranges  0x000008b0       0x18 .\CortexM4\ARM_GCC_541\Debug\cy_tcpwm_pwm.o
 .debug_ranges  0x000008c8       0x10 .\CortexM4\ARM_GCC_541\Debug\cy_device.o
 .debug_ranges  0x000008d8       0x18 C:\Program Files (x86)\Cypress\PSoC Creator\4.4\PSoC Creator\psoc\content\CyComponentLibrary\CyComponentLibrary.cylib\CapSense_v3_0\Library\CapSense_Library_GCC_M4.a(CapSense_SmartSense_LL.o)
 .debug_ranges  0x000008f0       0x20 C:\Program Files (x86)\Cypress\PSoC Creator\4.4\PSoC Creator\psoc\content\CyComponentLibrary\CyComponentLibrary.cylib\CapSense_v3_0\Library\CapSense_Library_GCC_M4.a(CapSense_SmartSense_SL.o)

.debug_str      0x00000000     0xe514
 .debug_str     0x00000000      0xb4e .\CortexM4\ARM_GCC_541\Debug\main_cm4.o
                                0xbf8 (size before relaxing)
 .debug_str     0x00000b4e     0x1be6 .\CortexM4\ARM_GCC_541\Debug\system_psoc6_cm4.o
                               0x23c8 (size before relaxing)
 .debug_str     0x00002734       0x63 .\CortexM4\ARM_GCC_541\Debug\cyfitter_sysint_cfg.o
                               0x179b (size before relaxing)
 .debug_str     0x00002797       0x30 .\CortexM4\ARM_GCC_541\Debug\cymetadata.o
                                0x1b1 (size before relaxing)
 .debug_str     0x000027c7      0xf2a .\CortexM4\ARM_GCC_541\Debug\CapSense_Control.o
                               0x16fe (size before relaxing)
 .debug_str     0x000036f1      0x2b4 .\CortexM4\ARM_GCC_541\Debug\CapSense_Processing.o
                               0x1056 (size before relaxing)
 .debug_str     0x000039a5      0x254 .\CortexM4\ARM_GCC_541\Debug\CapSense_Structure.o
                               0x10b5 (size before relaxing)
 .debug_str     0x00003bf9      0x135 .\CortexM4\ARM_GCC_541\Debug\CapSense_Tuner.o
                               0x123d (size before relaxing)
 .debug_str     0x00003d2e      0x386 .\CortexM4\ARM_GCC_541\Debug\CapSense_Filter.o
                                0xa73 (size before relaxing)
 .debug_str     0x000040b4     0x61ef .\CortexM4\ARM_GCC_541\Debug\CapSense_Sensing.o
                               0x867e (size before relaxing)
 .debug_str     0x0000a2a3       0xf6 .\CortexM4\ARM_GCC_541\Debug\CapSense_INT.o
                               0x1559 (size before relaxing)
 .debug_str     0x0000a399      0x2b5 .\CortexM4\ARM_GCC_541\Debug\CapSense_SensingCSD_LL.o
                               0x83df (size before relaxing)
 .debug_str     0x0000a64e      0x2ba .\CortexM4\ARM_GCC_541\Debug\CapSense_SensingCSX_LL.o
                               0x83a4 (size before relaxing)
 .debug_str     0x0000a908       0x98 .\CortexM4\ARM_GCC_541\Debug\CapSense_Centroid_LL.o
                                0x36b (size before relaxing)
 .debug_str     0x0000a9a0      0x1e4 .\CortexM4\ARM_GCC_541\Debug\CapSense_Gesture.o
                                0xe1c (size before relaxing)
 .debug_str     0x0000ab84       0x77 .\CortexM4\ARM_GCC_541\Debug\PWM_1.o
                                0x4c7 (size before relaxing)
 .debug_str     0x0000abfb       0x2d .\CortexM4\ARM_GCC_541\Debug\PWM_2.o
                                0x4c7 (size before relaxing)
 .debug_str     0x0000ac28     0x105b .\CortexM4\ARM_GCC_541\Debug\cy_flash.o
                               0x2db0 (size before relaxing)
 .debug_str     0x0000bc83      0x3c5 .\CortexM4\ARM_GCC_541\Debug\cy_gpio.o
                               0x63e9 (size before relaxing)
 .debug_str     0x0000c048       0xfd .\CortexM4\ARM_GCC_541\Debug\cy_ipc_drv.o
                                0x972 (size before relaxing)
 .debug_str     0x0000c145       0xe0 .\CortexM4\ARM_GCC_541\Debug\cy_ipc_sema.o
                                0xb5f (size before relaxing)
 .debug_str     0x0000c225      0x2fe .\CortexM4\ARM_GCC_541\Debug\cy_ipc_pipe.o
                               0x2081 (size before relaxing)
 .debug_str     0x0000c523       0xf0 .\CortexM4\ARM_GCC_541\Debug\cy_sysint.o
                               0x1952 (size before relaxing)
 .debug_str     0x0000c613      0xa9d .\CortexM4\ARM_GCC_541\Debug\cy_syslib.o
                               0x1ca5 (size before relaxing)
 .debug_str     0x0000d0b0     0x118d .\CortexM4\ARM_GCC_541\Debug\cy_syspm.o
                               0x2b6c (size before relaxing)
 .debug_str     0x0000e23d       0x90 .\CortexM4\ARM_GCC_541\Debug\cy_tcpwm_pwm.o
                                0x4dc (size before relaxing)
 .debug_str     0x0000e2cd       0x5d .\CortexM4\ARM_GCC_541\Debug\cy_device.o
                                0x7bf (size before relaxing)
 .debug_str     0x0000e32a      0x17d C:\Program Files (x86)\Cypress\PSoC Creator\4.4\PSoC Creator\psoc\content\CyComponentLibrary\CyComponentLibrary.cylib\CapSense_v3_0\Library\CapSense_Library_GCC_M4.a(CapSense_SmartSense_LL.o)
                                0x2b6 (size before relaxing)
 .debug_str     0x0000e4a7       0x6d C:\Program Files (x86)\Cypress\PSoC Creator\4.4\PSoC Creator\psoc\content\CyComponentLibrary\CyComponentLibrary.cylib\CapSense_v3_0\Library\CapSense_Library_GCC_M4.a(CapSense_SmartSense_SL.o)